# seed: 14303549713624807275
# status: solver was destructed, but memory leaked (4 / SIGUSR2)
0 max_alloc 274
1 leak_alloc
2 terminate_delay 219 803
3 init
4 add 7
5 add -10
6 add -5
7 add 0
8 add 17
9 add -9
10 add 8
11 add 0
12 add 16
13 add 34
14 add -3
15 add 4
16 add 0
17 add -28
18 add 19
19 add -31
20 add 0
21 add -1
22 add -17
23 add 24
24 add 0
25 add -20
26 add -15
27 add -25
28 add 0
29 resize 5
30 add -32
31 add -28
32 add 18
33 add 14
34 add -8
35 add -7
36 add -17
37 add 9
38 add 15
39 add -10
40 add -21
41 add -19
42 add -33
43 add -26
44 add -22
45 add 0
46 add 28
47 add -23
48 add 25
49 add 0
50 add 17
51 add -14
52 add -26
53 add 0
54 add 18
55 add 34
56 add 23
57 add -7
58 add 31
59 add 33
60 add -4
61 add -19
62 add -15
63 add -22
64 add -11
65 add 28
66 add -24
67 add 27
68 add 29
69 add -16
70 add -13
71 add 2
72 add 0
73 add 27
74 add 31
75 add -7
76 add 0
77 add 18
78 add -4
79 add 20
80 add 0
81 add -3
82 add -31
83 add -6
84 add 0
85 active
86 add 18
87 add -19
88 add -25
89 add 0
90 add -4
91 add 29
92 add 22
93 add 0
94 add 18
95 add 19
96 add -9
97 add 0
98 add 3
99 add -6
100 add -26
101 add 25
102 add 0
103 add 2
104 add 1
105 add 22
106 add 0
107 redundant
108 add -13
109 add -3
110 add -12
111 add 0
112 active
113 redundant
114 add 19
115 add 16
116 add -1
117 add 0
118 add -21
119 add -26
120 add -20
121 add 0
122 add -6
123 add 33
124 add 7
125 add 0
126 add -5
127 add 24
128 add -13
129 add 0
130 add -12
131 add -26
132 add 7
133 add 0
134 add -32
135 add -21
136 add 24
137 add 0
138 add 19
139 add -5
140 add 14
141 add 0
142 add 27
143 add 20
144 add 32
145 add 0
146 add 8
147 add 15
148 add 1
149 add 0
150 add 19
151 add -7
152 add 30
153 add 0
154 add 34
155 add 19
156 add -21
157 add 0
158 add 7
159 add -20
160 add -15
161 add 0
162 add 15
163 add 2
164 add -17
165 add 0
166 add -29
167 add 24
168 add 17
169 add 0
170 add 34
171 add -10
172 add 23
173 add 0
174 add 34
175 add 29
176 add 15
177 add 0
178 add 28
179 add 11
180 add -12
181 add 0
182 add 8
183 add 29
184 add 26
185 add 0
186 add -3
187 add 10
188 add 0
189 add 24
190 add 18
191 add -25
192 add 0
193 resize 32
194 add -14
195 add 25
196 add 24
197 add 0
198 add -7
199 add 17
200 add 14
201 add 0
202 add 30
203 add -26
204 add 6
205 add 0
206 add -34
207 add -5
208 add -12
209 add 0
210 add 28
211 add 25
212 add 27
213 add 0
214 add -3
215 add 17
216 add 11
217 add -29
218 add 0
219 add -13
220 add -16
221 add 10
222 add 0
223 add 7
224 add -28
225 add 13
226 add 0
227 add 22
228 add 13
229 add -18
230 add 0
231 vars
232 add 12
233 add 30
234 add -15
235 add 0
236 add 2
237 add 14
238 add -11
239 add 0
240 add 18
241 add 1
242 add -15
243 add 0
244 add 30
245 add -31
246 add 26
247 add 0
248 add 14
249 add 4
250 add -3
251 add 0
252 add 28
253 add 25
254 add 5
255 add 0
256 add 1
257 add -15
258 add -22
259 add 0
260 active
261 add 2
262 add -20
263 add -7
264 add 0
265 add -19
266 add -6
267 add -2
268 add 0
269 add 5
270 add -22
271 add 29
272 add 0
273 add 31
274 add -15
275 add -9
276 add 0
277 add -19
278 add -13
279 add 8
280 add 0
281 add -1
282 add -13
283 add -31
284 add 0
285 add -5
286 add -23
287 add 33
288 add 0
289 add 4
290 add 3
291 add -19
292 add 0
293 add -12
294 add 3
295 add -20
296 add 7
297 add -16
298 add 29
299 add -15
300 add 4
301 add 34
302 add -6
303 add 0
304 add 27
305 add 23
306 add -24
307 add -22
308 add 0
309 vars
310 add 21
311 add -31
312 add 1
313 add 0
314 add 19
315 add 34
316 add 11
317 add 0
318 add -2
319 add -10
320 add -1
321 add 0
322 add -26
323 add 32
324 add -1
325 add 0
326 add -2
327 add -21
328 add -13
329 add 0
330 add -22
331 add -24
332 add -19
333 add -33
334 add -10
335 add 0
336 add -21
337 add -13
338 add -4
339 add 0
340 add -1
341 add 7
342 add 15
343 add 10
344 add -5
345 add 3
346 add 0
347 add 33
348 add -26
349 add 12
350 add 0
351 add 25
352 add -16
353 add 19
354 add 0
355 add 1
356 add -5
357 add 23
358 add 0
359 add -29
360 add -2
361 add 0
362 add 22
363 add 19
364 add -11
365 add 0
366 add 30
367 add 33
368 add -12
369 add 0
370 add 5
371 add -14
372 add 13
373 add 0
374 add -19
375 add -17
376 add -15
377 add 0
378 add 29
379 add -33
380 add 21
381 add 0
382 add 19
383 add 23
384 add -21
385 add 0
386 add -30
387 add -20
388 add 10
389 add 0
390 add 3
391 add -8
392 add -34
393 add 0
394 add -6
395 add -13
396 add 29
397 add 0
398 add -3
399 add -29
400 add 12
401 add 0
402 add -21
403 add 8
404 add 16
405 add 0
406 declare_vars 54
407 add -14
408 add -10
409 add -13
410 add 0
411 add 20
412 add -15
413 add -29
414 add -34
415 add 0
416 add -27
417 add -2
418 add -5
419 add 0
420 add 7
421 add 22
422 add -2
423 add 0
424 add -10
425 add -11
426 add 21
427 add 0
428 redundant
429 add 19
430 add -1
431 add -7
432 add 0
433 add -19
434 add -21
435 add -31
436 add 0
437 add -11
438 add 14
439 add -20
440 add -28
441 add 25
442 add -33
443 add -27
444 add -31
445 add 7
446 add -22
447 add -8
448 add 9
449 add 0
450 add -11
451 add 33
452 add 12
453 add 0
454 add -12
455 add -27
456 add 10
457 add 0
458 add -25
459 add 34
460 add -21
461 add 0
462 add 9
463 add -13
464 add 34
465 add 0
466 add -33
467 add -10
468 add -2
469 add 0
470 add -20
471 add -27
472 add 28
473 add 0
474 add 31
475 add 18
476 add 1
477 add 0
478 add 17
479 add 21
480 add -26
481 add -20
482 add 29
483 add -12
484 add -34
485 add -7
486 add -18
487 add 25
488 add -19
489 add 9
490 add 22
491 add -3
492 add 24
493 add 27
494 add -13
495 add 1
496 add 11
497 add -28
498 add 0
499 add 22
500 add -1
501 add 25
502 add 0
503 add -19
504 add 17
505 add 20
506 add 0
507 add -33
508 add -31
509 add -26
510 add 0
511 add 3
512 add -11
513 add -8
514 add 0
515 redundant
516 add -4
517 add 2
518 add -16
519 add 0
520 add 30
521 add 18
522 add 17
523 add 0
524 add -5
525 add -28
526 add -19
527 add 0
528 add 5
529 add 27
530 add 25
531 add 0
532 add -4
533 add -15
534 add 23
535 add 0
536 add -5
537 add 2
538 add -23
539 add 0
540 add 9
541 add -7
542 add -29
543 add 0
544 add 20
545 add 17
546 add 8
547 add 0
548 add 8
549 add 1
550 add 14
551 add 0
552 add 30
553 add 21
554 add 19
555 add 5
556 add 0
557 add 24
558 add -15
559 add -22
560 add 0
561 add -12
562 add 26
563 add 20
564 add 0
565 add -29
566 add -22
567 add -31
568 add 0
569 add 10
570 add 31
571 add 11
572 add 0
573 add 12
574 add 33
575 add -1
576 add 0
577 add 20
578 add -4
579 add 7
580 add 25
581 add -33
582 add 18
583 add 21
584 add 12
585 add 3
586 add 10
587 add -15
588 add 9
589 add -24
590 add 27
591 add -5
592 add -17
593 add 0
594 add 5
595 add 7
596 add 22
597 add 0
598 add -4
599 add -26
600 add 24
601 add 0
602 add 24
603 add -7
604 add -6
605 add 0
606 add -34
607 add -24
608 add 27
609 add 0
610 add -19
611 add -10
612 add -33
613 add 0
614 add -14
615 add 11
616 add 29
617 add 0
618 implied
619 add 3
620 add 11
621 add -24
622 add -23
623 add 0
624 add -18
625 add -27
626 add 8
627 add 0
628 active
629 add 13
630 add 4
631 add -34
632 add 0
633 add 4
634 add 31
635 add -25
636 add 0
637 add 15
638 add 7
639 add -28
640 add 0
641 add -12
642 add -7
643 add -16
644 add 0
645 add 13
646 add 8
647 add 22
648 add 0
649 add -29
650 add -6
651 add -33
652 add 0
653 add -1
654 add -15
655 add -12
656 add 0
657 vars
658 add 31
659 add 7
660 add 23
661 add 0
662 assume 19
663 assume 34
664 assume -29
665 assume -13
666 assume 17
667 assume -28
668 assume 10
669 assume -1
670 assume -18
671 assume -22
672 assume -3
673 assume -16
674 assume 11
675 freeze -1
676 freeze 2
677 freeze 3
678 freeze -5
679 freeze -6
680 freeze -7
681 freeze -8
682 freeze -9
683 freeze 10
684 freeze 11
685 freeze 12
686 freeze 13
687 freeze 14
688 freeze -17
689 freeze 19
690 freeze 20
691 freeze 22
692 freeze 23
693 freeze -26
694 freeze -27
695 freeze -28
696 freeze 29
697 freeze 30
698 freeze -31
699 freeze 32
700 freeze 33
701 limit preprocessing 1
702 phase -1
703 phase -2
704 phase -6
705 phase 7
706 phase -8
707 phase -9
708 phase 12
709 phase -14
710 phase 15
711 unphase 16
712 phase 17
713 phase -18
714 unphase 19
715 phase 20
716 phase 21
717 phase -22
718 phase 23
719 phase 24
720 phase 26
721 phase 27
722 phase -28
723 phase 29
724 phase -30
725 phase -34
726 solve 0
727 val -3 1
728 val 8 0
729 val 9 1
730 val -13 1
731 val 17 1
732 val -19 1
733 val -21 0
734 val -27 0
735 val -30 1
736 val 31 1
737 val 33 1
738 failed 3 0
739 failed 5 0
740 failed 9 0
741 failed -15 0
742 failed -28 0
743 frozen 1 0
744 frozen 3 0
745 frozen 5 0
746 frozen 9 0
747 frozen 10 0
748 frozen 12 0
749 frozen -13 0
750 frozen 15 0
751 frozen -17 0
752 frozen -19 0
753 frozen 20 0
754 frozen -21 0
755 frozen 23 0
756 frozen -25 0
757 frozen -27 0
758 frozen -28 0
759 frozen -34 0
760 add -32
761 add 46
762 add -44
763 add 0
764 vars
765 add 52
766 add -47
767 add -56
768 add 0
769 active
770 add 72
771 add 58
772 add 71
773 add 0
774 add -37
775 add 56
776 add -70
777 add 0
778 add 40
779 add 71
780 add -49
781 add 0
782 active
783 add 75
784 add -44
785 add 37
786 add 0
787 add 46
788 add 49
789 add 35
790 add 0
791 add 33
792 add 38
793 add 61
794 add 0
795 add 47
796 add -39
797 add -48
798 add 0
799 add 75
800 add -47
801 add -60
802 add 0
803 add -44
804 add -32
805 add 58
806 add 0
807 add -53
808 add 54
809 add 69
810 add 0
811 add 71
812 add 69
813 add 43
814 add 0
815 implied
816 add -31
817 add 67
818 add 68
819 add 0
820 add 35
821 add -57
822 add 40
823 add 0
824 add -58
825 add -54
826 add 70
827 add 0
828 add 73
829 add -74
830 add 49
831 add 0
832 resize 57
833 add -72
834 add 41
835 add -42
836 add 0
837 add 38
838 add -66
839 add 39
840 add 0
841 add 48
842 add 44
843 add -64
844 add 0
845 add -37
846 add 62
847 add 31
848 add 0
849 add -51
850 add -48
851 add -43
852 add 0
853 add 55
854 add 73
855 add 44
856 add 0
857 add -44
858 add 59
859 add -51
860 add 0
861 add 73
862 add -51
863 add -72
864 add 0
865 add -44
866 add -75
867 add -35
868 add 0
869 add -44
870 add 71
871 add 54
872 add 0
873 add -48
874 add -50
875 add -52
876 add 0
877 add 68
878 add -40
879 add -66
880 add 0
881 add -53
882 add -43
883 add 32
884 add 0
885 add -55
886 add 41
887 add -60
888 add 0
889 add 65
890 add 62
891 add 75
892 add 0
893 add -44
894 add 63
895 add -38
896 add 0
897 propagate 0
898 add 73
899 add -63
900 add 75
901 add 0
902 resize 14
903 add -74
904 add -68
905 add -41
906 add 0
907 add -42
908 add 62
909 add -47
910 add 0
911 redundant
912 add 32
913 add -65
914 add 50
915 add 0
916 add 51
917 add -48
918 add 73
919 add 0
920 add 57
921 add -59
922 add 58
923 add 0
924 add -31
925 add -47
926 add 53
927 add 0
928 add 62
929 add 71
930 add -64
931 add 0
932 add -69
933 add 42
934 add -45
935 add 0
936 add -41
937 add -71
938 add -68
939 add 0
940 add -43
941 add 53
942 add 37
943 add 0
944 add -55
945 add 45
946 add -73
947 add 0
948 add 45
949 add 48
950 add -30
951 add 0
952 add -57
953 add -67
954 add 72
955 add 0
956 add -71
957 add 63
958 add -70
959 add 0
960 add 64
961 add -61
962 add 73
963 add 0
964 vars
965 add -42
966 add 46
967 add 38
968 add 0
969 add -44
970 add -64
971 add 61
972 add 0
973 add -71
974 add 52
975 add 56
976 add 0
977 add 37
978 add -72
979 add 70
980 add 0
981 add -36
982 add 60
983 add -75
984 add 0
985 add -56
986 add -43
987 add 61
988 add 0
989 add 45
990 add 56
991 add 40
992 add 0
993 add 37
994 add 65
995 add 33
996 add 0
997 add 49
998 add -48
999 add -42
1000 add 0
1001 add -37
1002 add -50
1003 add -36
1004 add 0
1005 add -54
1006 add -44
1007 add 36
1008 add 0
1009 add -66
1010 add -36
1011 add 33
1012 add 0
1013 vars
1014 add 74
1015 add 73
1016 add -36
1017 add 0
1018 add 53
1019 add 33
1020 add 61
1021 add 0
1022 add 65
1023 add 57
1024 add -41
1025 add 0
1026 declare_var
1027 add 54
1028 add 60
1029 add 53
1030 add 0
1031 declare_vars 2
1032 add 68
1033 add -39
1034 add -45
1035 add 0
1036 add -65
1037 add 73
1038 add 56
1039 add 0
1040 add -72
1041 add 56
1042 add -57
1043 add 0
1044 add 72
1045 add -30
1046 add -63
1047 add 0
1048 add -61
1049 add -47
1050 add 52
1051 add 0
1052 add 36
1053 add -53
1054 add 34
1055 add 0
1056 add 47
1057 add 40
1058 add 49
1059 add 0
1060 add 42
1061 add 64
1062 add 44
1063 add 0
1064 add -51
1065 add -41
1066 add 73
1067 add 0
1068 add -74
1069 add 54
1070 add 62
1071 add 0
1072 add -47
1073 add 61
1074 add 59
1075 add 0
1076 add 45
1077 add 52
1078 add 61
1079 add 0
1080 add 63
1081 add 31
1082 add 55
1083 add 0
1084 add 66
1085 add -38
1086 add 67
1087 add 0
1088 add -58
1089 add 31
1090 add 43
1091 add 0
1092 add 31
1093 add 42
1094 add -61
1095 add 0
1096 add 72
1097 add -50
1098 add 73
1099 add 0
1100 add 70
1101 add -50
1102 add -74
1103 add 0
1104 add 33
1105 add -58
1106 add 47
1107 add 0
1108 add -32
1109 add 68
1110 add -54
1111 add 0
1112 add -45
1113 add -71
1114 add 67
1115 add 0
1116 add 46
1117 add -61
1118 add -33
1119 add 0
1120 add 73
1121 add 46
1122 add 39
1123 add 0
1124 add -37
1125 add -47
1126 add 57
1127 add 0
1128 add -63
1129 add 64
1130 add 66
1131 add 0
1132 add 43
1133 add 46
1134 add 73
1135 add 0
1136 add 50
1137 add -43
1138 add 34
1139 add 0
1140 add 65
1141 add -41
1142 add -56
1143 add 0
1144 add 40
1145 add -49
1146 add 36
1147 add 0
1148 add 58
1149 add 67
1150 add 55
1151 add 0
1152 add 74
1153 add -68
1154 add 34
1155 add 0
1156 declare_var
1157 add 73
1158 add -59
1159 add 36
1160 add 0
1161 add -45
1162 add 47
1163 add 51
1164 add 0
1165 add -35
1166 add -46
1167 add 72
1168 add 0
1169 resize 68
1170 add -66
1171 add 74
1172 add 57
1173 add 0
1174 add 35
1175 add 43
1176 add -63
1177 add 0
1178 add -60
1179 add 70
1180 add 68
1181 add 0
1182 add -48
1183 add 32
1184 add -72
1185 add 0
1186 vars
1187 add 50
1188 add 43
1189 add 41
1190 add 0
1191 add -55
1192 add -71
1193 add -54
1194 add 0
1195 add 56
1196 add -39
1197 add 59
1198 add 0
1199 add 67
1200 add -36
1201 add -47
1202 add 0
1203 add 75
1204 add 63
1205 add 70
1206 add 0
1207 add -43
1208 add 31
1209 add -38
1210 add 0
1211 add -69
1212 add 68
1213 add -53
1214 add 0
1215 add 69
1216 add -35
1217 add 44
1218 add 0
1219 add 31
1220 add -37
1221 add -41
1222 add 0
1223 add 45
1224 add 46
1225 add 41
1226 add 0
1227 add -67
1228 add 35
1229 add 70
1230 add 0
1231 add 31
1232 add -56
1233 add -34
1234 add 0
1235 add 59
1236 add 70
1237 add -38
1238 add 0
1239 add -36
1240 add 37
1241 add -75
1242 add 0
1243 add -59
1244 add 67
1245 add -47
1246 add 0
1247 add 62
1248 add -34
1249 add -38
1250 add 0
1251 implied
1252 add 30
1253 add -74
1254 add -61
1255 add 0
1256 active
1257 add -32
1258 add 73
1259 add 69
1260 add 0
1261 add 45
1262 add 35
1263 add 36
1264 add 0
1265 add -55
1266 add -35
1267 add 40
1268 add 0
1269 add -63
1270 add 31
1271 add -30
1272 add 0
1273 add 32
1274 add -71
1275 add -65
1276 add 0
1277 irredundant
1278 add 47
1279 add -52
1280 add 48
1281 add 0
1282 redundant
1283 add 53
1284 add -72
1285 add -37
1286 add 0
1287 add 41
1288 add 44
1289 add -74
1290 add 0
1291 add -51
1292 add 60
1293 add 46
1294 add 0
1295 add 39
1296 add 46
1297 add -35
1298 add 0
1299 irredundant
1300 add -65
1301 add -55
1302 add -68
1303 add 0
1304 add 40
1305 add -46
1306 add 55
1307 add 0
1308 add 34
1309 add 30
1310 add 70
1311 add 0
1312 add 41
1313 add 34
1314 add -36
1315 add 0
1316 add -70
1317 add 55
1318 add 38
1319 add 0
1320 add 68
1321 add 74
1322 add 71
1323 add 0
1324 add 53
1325 add -45
1326 add 72
1327 add 0
1328 add -31
1329 add 66
1330 add 44
1331 add 0
1332 add 39
1333 add -52
1334 add 38
1335 add 0
1336 add -30
1337 add -39
1338 add 68
1339 add 0
1340 add -47
1341 add 50
1342 add 40
1343 add 0
1344 add 75
1345 add -60
1346 add 32
1347 add 0
1348 add 47
1349 add -71
1350 add 46
1351 add 0
1352 implied
1353 add 30
1354 add -56
1355 add 65
1356 add 0
1357 add 61
1358 add 70
1359 add 71
1360 add 0
1361 add -33
1362 add 64
1363 add -45
1364 add 0
1365 add 30
1366 add 46
1367 add 71
1368 add 0
1369 add -65
1370 add -56
1371 add 55
1372 add 0
1373 add 48
1374 add 49
1375 add 73
1376 add 0
1377 add -30
1378 add 65
1379 add 35
1380 add 0
1381 redundant
1382 add -55
1383 add 43
1384 add -53
1385 add 0
1386 add 73
1387 add 55
1388 add 71
1389 add 0
1390 add 62
1391 add 34
1392 add 66
1393 add 0
1394 add 64
1395 add -57
1396 add 70
1397 add 0
1398 add -53
1399 add -35
1400 add 42
1401 add 0
1402 add 30
1403 add -53
1404 add 34
1405 add 0
1406 declare_vars 68
1407 add -30
1408 add 62
1409 add -74
1410 add 0
1411 add -54
1412 add -53
1413 add 46
1414 add 0
1415 add 57
1416 add -47
1417 add -33
1418 add 0
1419 add 34
1420 add 43
1421 add -39
1422 add 0
1423 active
1424 declare_vars 12
1425 add 31
1426 add -55
1427 add -43
1428 add 0
1429 add -60
1430 add -75
1431 add 59
1432 add 0
1433 add -57
1434 add -63
1435 add 54
1436 add 0
1437 add -51
1438 add 57
1439 add 69
1440 add 0
1441 add -59
1442 add -42
1443 add -65
1444 add 0
1445 add 58
1446 add 57
1447 add 61
1448 add 0
1449 add 36
1450 add -73
1451 add -49
1452 add 0
1453 add -32
1454 add -37
1455 add 66
1456 add 0
1457 add 33
1458 add 31
1459 add 34
1460 add 0
1461 add -53
1462 add -35
1463 add 73
1464 add 0
1465 add 53
1466 add 52
1467 add 62
1468 add 0
1469 add 54
1470 add 48
1471 add -40
1472 add 0
1473 add 36
1474 add 38
1475 add -50
1476 add 0
1477 add 37
1478 add -41
1479 add 69
1480 add 0
1481 add 54
1482 add 31
1483 add 48
1484 add 0
1485 add 41
1486 add 73
1487 add -48
1488 add 0
1489 add -43
1490 add 68
1491 add 31
1492 add 0
1493 add -42
1494 add -32
1495 add 54
1496 add 0
1497 add 57
1498 add -39
1499 add 46
1500 add 0
1501 add 33
1502 add 43
1503 add -50
1504 add 0
1505 add -61
1506 add 70
1507 add 65
1508 add 0
1509 add 74
1510 add 65
1511 add 30
1512 add 0
1513 add 58
1514 add 75
1515 add -41
1516 add 0
1517 declare_vars 75
1518 add 41
1519 add -66
1520 add 72
1521 add 0
1522 add -69
1523 add -42
1524 add 44
1525 add 0
1526 add 65
1527 add 69
1528 add -47
1529 add 0
1530 redundant
1531 add 34
1532 add 40
1533 add -41
1534 add 0
1535 add -35
1536 add -75
1537 add 74
1538 add 0
1539 add -41
1540 add 54
1541 add 37
1542 add 0
1543 add 68
1544 add -52
1545 add 41
1546 add 0
1547 add 75
1548 add 41
1549 add 63
1550 add 0
1551 irredundant
1552 add -53
1553 add -30
1554 add -63
1555 add 0
1556 assume -62
1557 assume -11
1558 assume 46
1559 assume 43
1560 assume 6
1561 assume -76
1562 assume 70
1563 assume 42
1564 assume -77
1565 assume -13
1566 assume 44
1567 assume -39
1568 assume -33
1569 assume -8
1570 assume -58
1571 assume 56
1572 assume 65
1573 assume 2
1574 assume 54
1575 assume -45
1576 assume -61
1577 assume -4
1578 assume -12
1579 assume 59
1580 assume 41
1581 assume 34
1582 assume -48
1583 assume -1
1584 assume 64
1585 assume -16
1586 assume -66
1587 assume -23
1588 assume 30
1589 assume 51
1590 assume -22
1591 assume -74
1592 assume 17
1593 assume 47
1594 assume 60
1595 assume 68
1596 assume 9
1597 assume 14
1598 assume 72
1599 assume 3
1600 assume -18
1601 assume 7
1602 assume -19
1603 assume -53
1604 assume 29
1605 assume 5
1606 assume -35
1607 assume -31
1608 assume 52
1609 assume 15
1610 assume -21
1611 assume 71
1612 assume -28
1613 assume -27
1614 assume 37
1615 assume -63
1616 assume 10
1617 assume -32
1618 assume 73
1619 assume 24
1620 assume 20
1621 assume -36
1622 assume 25
1623 assume 55
1624 assume 38
1625 melt -1
1626 melt -2
1627 melt -3
1628 melt 5
1629 melt -6
1630 melt -7
1631 melt -8
1632 melt -9
1633 melt 11
1634 melt -12
1635 melt 13
1636 melt -14
1637 melt 17
1638 melt 22
1639 melt -23
1640 melt -30
1641 melt -31
1642 melt -32
1643 melt -33
1644 limit decisions 257
1645 phase 1
1646 phase 2
1647 phase 3
1648 phase -4
1649 phase 5
1650 phase 6
1651 phase 7
1652 phase -8
1653 phase 9
1654 phase 10
1655 phase -11
1656 phase 12
1657 phase 13
1658 unphase 14
1659 phase 15
1660 phase -16
1661 phase -17
1662 phase 18
1663 phase -19
1664 phase 21
1665 phase 22
1666 phase 23
1667 phase -24
1668 unphase -25
1669 phase -26
1670 phase -27
1671 phase -28
1672 phase -29
1673 phase 30
1674 phase 31
1675 phase 32
1676 phase 33
1677 phase 34
1678 phase -36
1679 phase 37
1680 phase 38
1681 phase -39
1682 phase -40
1683 unphase 41
1684 phase -43
1685 phase 44
1686 phase -45
1687 phase 46
1688 phase -47
1689 phase -48
1690 phase 49
1691 phase 51
1692 phase -52
1693 unphase -53
1694 phase -54
1695 phase 55
1696 phase 56
1697 phase 57
1698 phase -58
1699 phase 59
1700 phase -60
1701 phase 61
1702 phase -62
1703 phase 63
1704 phase 64
1705 phase 65
1706 phase 66
1707 phase 67
1708 phase -68
1709 unphase -69
1710 phase 70
1711 unphase 71
1712 phase -72
1713 phase 73
1714 phase 74
1715 phase -75
1716 solve 0
1717 val -1 0
1718 val 2 0
1719 val 3 0
1720 val 4 0
1721 val 5 0
1722 val -6 0
1723 val -7 0
1724 val 8 1
1725 val -9 0
1726 val -10 1
1727 val -11 1
1728 val -12 1
1729 val -14 1
1730 val 15 1
1731 val 17 1
1732 val 19 0
1733 val 21 0
1734 val 23 0
1735 val -25 1
1736 val 26 1
1737 val 28 0
1738 val 29 0
1739 val -30 1
1740 val -33 0
1741 val 35 0
1742 val 36 1
1743 val -38 1
1744 val 39 1
1745 val 40 0
1746 val -41 1
1747 val 42 1
1748 val 43 1
1749 val 44 0
1750 val -45 1
1751 val -46 0
1752 val 47 1
1753 val -48 1
1754 val -49 0
1755 val 51 1
1756 val -52 0
1757 val -53 1
1758 val -54 0
1759 val -55 0
1760 val 56 0
1761 val 57 1
1762 val 58 0
1763 val -59 1
1764 val -60 0
1765 val 63 1
1766 val 66 1
1767 val -67 1
1768 val 68 1
1769 val -69 1
1770 val 70 1
1771 val 71 1
1772 val 73 0
1773 val 74 1
1774 val -75 0
1775 flip -1 0
1776 flippable 2 0
1777 flip 3 0
1778 flip 4 0
1779 flippable 8 0
1780 flippable 9 0
1781 flip -10 0
1782 flippable -11 0
1783 flip -14 0
1784 flippable -15 0
1785 flip 16 0
1786 flippable -18 0
1787 flip -19 0
1788 flip -20 0
1789 flip -24 0
1790 flip -25 0
1791 flip 27 0
1792 flippable -28 0
1793 flip 29 0
1794 flippable 30 0
1795 flip 31 0
1796 flip 34 0
1797 flippable 35 0
1798 flippable 36 0
1799 flippable -37 0
1800 flippable 38 0
1801 flip 39 0
1802 flippable -40 0
1803 flip 42 0
1804 flippable -44 0
1805 flip 46 0
1806 flip 47 0
1807 flip -48 0
1808 flip -50 0
1809 flip -51 0
1810 flip 54 0
1811 flip 55 0
1812 flippable 57 0
1813 flippable -58 0
1814 flip 61 0
1815 flip -64 0
1816 flippable 66 0
1817 flippable 67 0
1818 flip 68 0
1819 flip -71 0
1820 flippable 72 0
1821 flippable 74 0
1822 frozen 2 0
1823 frozen 3 0
1824 frozen -4 0
1825 frozen -5 0
1826 frozen 6 0
1827 frozen -7 0
1828 frozen 8 0
1829 frozen -9 0
1830 frozen 10 0
1831 frozen -11 0
1832 frozen 12 0
1833 frozen -13 0
1834 frozen 14 0
1835 frozen 15 0
1836 frozen 16 0
1837 frozen 17 0
1838 frozen 18 0
1839 frozen 19 0
1840 frozen 20 0
1841 frozen 24 0
1842 frozen -26 0
1843 frozen 27 0
1844 frozen 28 0
1845 frozen 29 0
1846 frozen -30 0
1847 frozen -31 0
1848 frozen -32 0
1849 frozen -34 0
1850 frozen 35 0
1851 frozen 37 0
1852 frozen -38 0
1853 frozen 40 0
1854 frozen -41 0
1855 frozen -42 0
1856 frozen -43 0
1857 frozen 44 0
1858 frozen 45 0
1859 frozen -46 0
1860 frozen 47 0
1861 frozen -48 0
1862 frozen -49 0
1863 frozen 50 0
1864 frozen 51 0
1865 frozen -52 0
1866 frozen -53 0
1867 frozen 54 0
1868 frozen -56 0
1869 frozen 57 0
1870 frozen -58 0
1871 frozen 59 0
1872 frozen -60 0
1873 frozen -61 0
1874 frozen 62 0
1875 frozen -63 0
1876 frozen 64 0
1877 frozen -65 0
1878 frozen -66 0
1879 frozen 67 0
1880 frozen 68 0
1881 frozen -69 0
1882 frozen -70 0
1883 frozen -71 0
1884 frozen 72 0
1885 frozen -73 0
1886 frozen -74 0
1887 frozen -75 0
1888 add 60
1889 add 78
1890 add -67
1891 add 0
1892 add 72
1893 add -73
1894 add 68
1895 add 0
1896 add 61
1897 add -62
1898 add 91
1899 add 0
1900 active
1901 redundant
1902 add 72
1903 add -75
1904 add 82
1905 add -85
1906 add 69
1907 add -87
1908 add -59
1909 add -92
1910 add 67
1911 add 84
1912 add 86
1913 add -79
1914 add -66
1915 add 89
1916 add -73
1917 add 61
1918 add -70
1919 add 63
1920 add 96
1921 add 0
1922 add 73
1923 add 60
1924 add 78
1925 add 0
1926 add -96
1927 add -67
1928 add -69
1929 add 0
1930 add -89
1931 add 88
1932 add 59
1933 add 82
1934 add 0
1935 add -62
1936 add 86
1937 add -69
1938 add 0
1939 add -75
1940 add -82
1941 add 67
1942 add 0
1943 add 88
1944 add -96
1945 add 61
1946 add -97
1947 add 0
1948 add 93
1949 add -59
1950 add -79
1951 add 0
1952 add -82
1953 add -66
1954 add 69
1955 add 0
1956 add -94
1957 add -97
1958 add 60
1959 add 0
1960 add 80
1961 add 62
1962 add -86
1963 add 0
1964 add 74
1965 add -95
1966 add -68
1967 add 0
1968 add 90
1969 add -59
1970 add 97
1971 add 0
1972 add 75
1973 add -86
1974 add -94
1975 add 0
1976 add -65
1977 add 64
1978 add 92
1979 add 0
1980 add -64
1981 add -75
1982 add 69
1983 add 0
1984 add -94
1985 add 83
1986 add 82
1987 add 0
1988 add 57
1989 add 94
1990 add 74
1991 add 0
1992 add -86
1993 add 60
1994 add -80
1995 add 0
1996 add 89
1997 add 70
1998 add 56
1999 add 0
2000 add -84
2001 add 90
2002 add 80
2003 add 0
2004 add 89
2005 add 63
2006 add -80
2007 add 0
2008 add 86
2009 add -90
2010 add -76
2011 add 0
2012 add -87
2013 add 92
2014 add 96
2015 add 0
2016 redundant
2017 add -70
2018 add -90
2019 add 66
2020 add 0
2021 add 77
2022 add 73
2023 add 62
2024 add 0
2025 add -62
2026 add -93
2027 add -92
2028 add 0
2029 add 97
2030 add 78
2031 add 64
2032 add 65
2033 add 91
2034 add 70
2035 add -86
2036 add -93
2037 add 76
2038 add 90
2039 add 0
2040 resize 65
2041 add 56
2042 add 63
2043 add -92
2044 add 0
2045 add 69
2046 add 70
2047 add -92
2048 add 0
2049 add 64
2050 add 88
2051 add 0
2052 add 63
2053 add 96
2054 add 80
2055 add 0
2056 add 84
2057 add -68
2058 add -87
2059 add 0
2060 add 73
2061 add 60
2062 add 59
2063 add 0
2064 add -76
2065 add 92
2066 add -82
2067 add 0
2068 add 72
2069 add 95
2070 add 77
2071 add 0
2072 add -81
2073 add 93
2074 add -68
2075 add 0
2076 add 82
2077 add 59
2078 add 63
2079 add 0
2080 add 74
2081 add -58
2082 add 79
2083 add 0
2084 add 94
2085 add -65
2086 add 71
2087 add 0
2088 add 82
2089 add -58
2090 add 93
2091 add 0
2092 add -65
2093 add 78
2094 add -85
2095 add 0
2096 add 81
2097 add 93
2098 add 96
2099 add 0
2100 add -63
2101 add 71
2102 add 62
2103 add 0
2104 add -80
2105 add 73
2106 add 91
2107 add 0
2108 add -79
2109 add 57
2110 add 95
2111 add 0
2112 add 60
2113 add -56
2114 add 93
2115 add 0
2116 add -80
2117 add 93
2118 add -92
2119 add 0
2120 redundant
2121 add 59
2122 add -86
2123 add 60
2124 add -67
2125 add 0
2126 add 90
2127 add -81
2128 add -96
2129 add 0
2130 add 92
2131 add 84
2132 add 93
2133 add 0
2134 add -63
2135 add -77
2136 add 89
2137 add 0
2138 add -79
2139 add 63
2140 add 73
2141 add 0
2142 add -59
2143 add -79
2144 add -96
2145 add 0
2146 add 87
2147 add -62
2148 add -91
2149 add 0
2150 add -61
2151 add 88
2152 add -65
2153 add 0
2154 add -95
2155 add 78
2156 add -68
2157 add 0
2158 active
2159 add -96
2160 add 65
2161 add -76
2162 add 0
2163 add -91
2164 add 58
2165 add 93
2166 add 0
2167 add -71
2168 add -63
2169 add 72
2170 add 0
2171 add -59
2172 add 97
2173 add 70
2174 add 0
2175 vars
2176 add -62
2177 add -97
2178 add 87
2179 add 0
2180 add -74
2181 add 97
2182 add 75
2183 add 0
2184 add 76
2185 add 79
2186 add 86
2187 add 0
2188 add 81
2189 add 65
2190 add 76
2191 add 0
2192 propagate 0
2193 add 83
2194 add 80
2195 add -95
2196 add 0
2197 propagate 0
2198 add 59
2199 add 75
2200 add -70
2201 add 0
2202 add 88
2203 add -79
2204 add -60
2205 add 76
2206 add 0
2207 add 92
2208 add -67
2209 add 64
2210 add 0
2211 add -92
2212 add 66
2213 add -83
2214 add 0
2215 add -89
2216 add -75
2217 add -88
2218 add 0
2219 add 84
2220 add -76
2221 add 66
2222 add 69
2223 add 86
2224 add -60
2225 add 73
2226 add 97
2227 add 90
2228 add -96
2229 add -94
2230 add -95
2231 add 93
2232 add -64
2233 add 92
2234 add 77
2235 add -58
2236 add -78
2237 add 0
2238 add -80
2239 add -68
2240 add -57
2241 add 0
2242 add 93
2243 add 75
2244 add 83
2245 add 0
2246 add -92
2247 add 95
2248 add 74
2249 add 0
2250 declare_var
2251 implied
2252 add -96
2253 add -65
2254 add -88
2255 add -66
2256 add -81
2257 add 91
2258 add 77
2259 add 94
2260 add -71
2261 add -74
2262 add -62
2263 add 73
2264 add 0
2265 add 88
2266 add -57
2267 add 91
2268 add 0
2269 add -76
2270 add 67
2271 add 97
2272 add 0
2273 add -95
2274 add -63
2275 add -80
2276 add 0
2277 redundant
2278 add -71
2279 add -70
2280 add 90
2281 add 0
2282 add -88
2283 add -65
2284 add 60
2285 add 0
2286 irredundant
2287 add -96
2288 add -68
2289 add -83
2290 add 0
2291 add -82
2292 add -58
2293 add -57
2294 add 0
2295 add -77
2296 add 96
2297 add -86
2298 add -67
2299 add 0
2300 add -89
2301 add 90
2302 add -92
2303 add 0
2304 add -93
2305 add 89
2306 add 77
2307 add 0
2308 add 82
2309 add 73
2310 add -62
2311 add 0
2312 add 95
2313 add -96
2314 add 73
2315 add 0
2316 add 86
2317 add -79
2318 add -96
2319 add 0
2320 add 92
2321 add -65
2322 add -89
2323 add 0
2324 add 74
2325 add 64
2326 add 62
2327 add 0
2328 add 83
2329 add -71
2330 add -88
2331 add 0
2332 add -72
2333 add -67
2334 add 76
2335 add 0
2336 add 58
2337 add -77
2338 add 56
2339 add 0
2340 add -91
2341 add 73
2342 add 64
2343 add 0
2344 add 71
2345 add -82
2346 add 79
2347 add 0
2348 add 91
2349 add 76
2350 add 90
2351 add 0
2352 declare_vars 78
2353 add 80
2354 add -66
2355 add 85
2356 add 0
2357 active
2358 add 70
2359 add 88
2360 add 72
2361 add 0
2362 add 74
2363 add 90
2364 add -61
2365 add 0
2366 add -93
2367 add -82
2368 add 66
2369 add -92
2370 add -90
2371 add -95
2372 add 87
2373 add -61
2374 add 68
2375 add 59
2376 add 70
2377 add 80
2378 add 62
2379 add 86
2380 add -83
2381 add -76
2382 add 58
2383 add -88
2384 add -67
2385 add 0
2386 add -70
2387 add -86
2388 add -57
2389 add 0
2390 add 69
2391 add -97
2392 add 91
2393 add 0
2394 implied
2395 add 73
2396 add -65
2397 add -59
2398 add 0
2399 add 68
2400 add -74
2401 add 76
2402 add 0
2403 add -97
2404 add 91
2405 add -69
2406 add 0
2407 add -92
2408 add 96
2409 add 68
2410 add 0
2411 add 74
2412 add 75
2413 add -94
2414 add 0
2415 add -88
2416 add 73
2417 add -92
2418 add 0
2419 add -94
2420 add -88
2421 add 66
2422 add 0
2423 add -70
2424 add 95
2425 add 68
2426 add 78
2427 add 58
2428 add 74
2429 add -63
2430 add -66
2431 add -75
2432 add 67
2433 add -64
2434 add -85
2435 add 90
2436 add -83
2437 add 87
2438 add -61
2439 add 0
2440 add 97
2441 add 74
2442 add -66
2443 add 0
2444 add -90
2445 add 65
2446 add -91
2447 add 0
2448 add -70
2449 add -72
2450 add 81
2451 add 0
2452 add 57
2453 add -93
2454 add 68
2455 add 0
2456 add 59
2457 add -97
2458 add 74
2459 add 0
2460 add -74
2461 add -80
2462 add 68
2463 add 0
2464 add 75
2465 add -74
2466 add -86
2467 add 0
2468 add -86
2469 add -89
2470 add 63
2471 add 87
2472 add 0
2473 add -74
2474 add -72
2475 add -80
2476 add 0
2477 add 60
2478 add 79
2479 add -70
2480 add 0
2481 add -61
2482 add 92
2483 add 68
2484 add 0
2485 add -88
2486 add 76
2487 add 61
2488 add 0
2489 active
2490 add 94
2491 add 78
2492 add -66
2493 add -58
2494 add 0
2495 add 75
2496 add -59
2497 add -74
2498 add 0
2499 add -65
2500 add 69
2501 add -87
2502 add 0
2503 add 74
2504 add 77
2505 add -82
2506 add -65
2507 add 83
2508 add -67
2509 add 66
2510 add -93
2511 add -85
2512 add 62
2513 add 0
2514 add 94
2515 add 92
2516 add 78
2517 add 0
2518 add 86
2519 add -74
2520 add -78
2521 add 0
2522 add -97
2523 add -63
2524 add -96
2525 add 0
2526 add -70
2527 add 68
2528 add -86
2529 add 0
2530 add -81
2531 add -96
2532 add -65
2533 add 0
2534 irredundant
2535 add 79
2536 add -65
2537 add 91
2538 add 0
2539 add -82
2540 add -67
2541 add 71
2542 add 63
2543 add 0
2544 add -69
2545 add -64
2546 add 97
2547 add 0
2548 vars
2549 redundant
2550 add -80
2551 add -71
2552 add -89
2553 add 69
2554 add 93
2555 add -72
2556 add 66
2557 add -91
2558 add -61
2559 add 92
2560 add 67
2561 add 0
2562 add -87
2563 add -59
2564 add -62
2565 add 0
2566 add -71
2567 add 79
2568 add -62
2569 add 0
2570 redundant
2571 add 69
2572 add -59
2573 add -89
2574 add 0
2575 add -89
2576 add -59
2577 add 86
2578 add 0
2579 add -69
2580 add -82
2581 add 86
2582 add 0
2583 active
2584 add -91
2585 add -75
2586 add 77
2587 add 0
2588 add 89
2589 add -62
2590 add 58
2591 add 0
2592 add 93
2593 add -87
2594 add -64
2595 add 0
2596 add 97
2597 add 65
2598 add -66
2599 add 0
2600 add -58
2601 add 91
2602 add 85
2603 add 0
2604 add 68
2605 add 70
2606 add -79
2607 add 0
2608 add 92
2609 add 68
2610 add 79
2611 add 0
2612 add 82
2613 add 79
2614 add 64
2615 add -66
2616 add 0
2617 add 63
2618 add 80
2619 add -96
2620 add 0
2621 add 90
2622 add 83
2623 add -93
2624 add 0
2625 add 95
2626 add 75
2627 add -85
2628 add 0
2629 add 75
2630 add 68
2631 add -89
2632 add 0
2633 add 84
2634 add -80
2635 add 94
2636 add 0
2637 add 71
2638 add -57
2639 add -70
2640 add 0
2641 add 92
2642 add -86
2643 add -94
2644 add 0
2645 add 56
2646 add -86
2647 add -87
2648 add 0
2649 add -56
2650 add 84
2651 add -80
2652 add 0
2653 add 81
2654 add 79
2655 add 82
2656 add 0
2657 add -88
2658 add -73
2659 add -79
2660 add 0
2661 add -68
2662 add 88
2663 add 90
2664 add 0
2665 add 67
2666 add 85
2667 add -75
2668 add 97
2669 add -68
2670 add 87
2671 add -96
2672 add 90
2673 add 0
2674 add 76
2675 add 59
2676 add 89
2677 add 0
2678 add -91
2679 add -74
2680 add -67
2681 add 0
2682 add 62
2683 add 65
2684 add 67
2685 add 0
2686 add 84
2687 add -92
2688 add -65
2689 add 0
2690 add 57
2691 add 86
2692 add 80
2693 add 0
2694 resize 68
2695 add -82
2696 add 58
2697 add -97
2698 add 0
2699 add -76
2700 add 65
2701 add -83
2702 add 0
2703 add 57
2704 add 97
2705 add 88
2706 add -86
2707 add -71
2708 add -60
2709 add 65
2710 add 69
2711 add -66
2712 add 64
2713 add 91
2714 add -90
2715 add 72
2716 add 67
2717 add -59
2718 add 75
2719 add -56
2720 add -95
2721 add -80
2722 add 0
2723 add 92
2724 add 81
2725 add -62
2726 add 0
2727 assume 4
2728 assume -20
2729 assume 67
2730 assume 60
2731 assume -81
2732 assume -44
2733 assume -24
2734 assume 2
2735 assume 25
2736 assume 27
2737 assume 5
2738 assume 95
2739 assume -49
2740 assume -74
2741 assume 84
2742 assume 15
2743 assume 53
2744 assume 22
2745 assume -32
2746 assume 46
2747 assume 51
2748 assume -96
2749 assume 39
2750 assume -28
2751 assume -76
2752 assume 47
2753 assume -57
2754 assume 82
2755 assume 31
2756 assume -45
2757 assume 7
2758 assume -11
2759 assume 83
2760 assume 97
2761 assume -38
2762 assume 80
2763 assume 87
2764 assume -19
2765 assume -36
2766 assume -26
2767 assume 89
2768 assume 65
2769 assume 79
2770 assume -18
2771 assume -71
2772 assume 75
2773 assume -59
2774 assume 48
2775 assume -90
2776 assume -66
2777 assume 10
2778 assume -29
2779 assume 92
2780 assume -40
2781 assume 85
2782 assume 98
2783 assume -52
2784 assume -61
2785 assume 78
2786 assume -6
2787 assume -68
2788 assume -99
2789 assume -93
2790 assume 17
2791 assume 23
2792 assume -35
2793 assume 70
2794 assume 30
2795 assume -42
2796 assume -62
2797 assume 41
2798 limit decisions 893
2799 limit ticks 1687
2800 limit preprocessing 7
2801 phase -32
2802 phase -44
2803 solve 0
2804 val 1 1
2805 val 10 0
2806 val -16 1
2807 val 41 0
2808 val -46 1
2809 val 69 1
2810 val 72 1
2811 val 73 1
2812 val 75 1
2813 val 93 0
2814 flippable 1 0
2815 flip -2 0
2816 flip -3 0
2817 flippable 4 0
2818 flip -5 0
2819 flippable -7 0
2820 flip -8 0
2821 flip -11 0
2822 flip 12 0
2823 flippable -15 0
2824 flippable -16 0
2825 flip 18 0
2826 flippable -19 0
2827 flip -20 0
2828 flip -24 0
2829 flip 25 0
2830 flippable 26 0
2831 flip 27 0
2832 flip 28 0
2833 flippable 29 0
2834 flippable 31 0
2835 flippable -32 0
2836 flip 33 0
2837 flippable 34 0
2838 flip 35 0
2839 flip 36 0
2840 flippable -39 0
2841 flip 40 0
2842 flip 41 0
2843 flip -42 0
2844 flip -45 0
2845 flip 47 0
2846 flippable -48 0
2847 flip -49 0
2848 flip 50 0
2849 flip -52 0
2850 flippable -53 0
2851 flip 54 0
2852 flip 55 0
2853 flip 57 0
2854 flip 58 0
2855 flip -59 0
2856 flippable 60 0
2857 flippable -61 0
2858 flip -62 0
2859 flippable 63 0
2860 flip -64 0
2861 flippable 65 0
2862 flip 67 0
2863 flip 69 0
2864 flippable 70 0
2865 flippable -71 0
2866 flippable -72 0
2867 flip -73 0
2868 flippable -74 0
2869 flip 75 0
2870 flip 77 0
2871 flip -78 0
2872 flippable 79 0
2873 flip 80 0
2874 flippable 81 0
2875 flippable -82 0
2876 flip -85 0
2877 flip 87 0
2878 flip 88 0
2879 flip -89 0
2880 flippable -90 0
2881 flippable -91 0
2882 flippable 92 0
2883 flippable -93 0
2884 flippable 94 0
2885 flip 95 0
2886 flip 96 0
2887 flippable 97 0
2888 failed 2 0
2889 failed -3 0
2890 failed 6 0
2891 failed 24 0
2892 failed -35 0
2893 failed 44 0
2894 failed 49 0
2895 failed -51 0
2896 failed -54 0
2897 failed 55 0
2898 failed -57 0
2899 failed -67 0
2900 failed 84 0
2901 failed 92 0
2902 frozen 3 0
2903 frozen -4 0
2904 frozen 6 0
2905 frozen -7 0
2906 frozen -9 0
2907 frozen 11 0
2908 frozen 13 0
2909 frozen 14 0
2910 frozen -15 0
2911 frozen 16 0
2912 frozen 17 0
2913 frozen 25 0
2914 frozen -30 0
2915 frozen -31 0
2916 frozen -32 0
2917 frozen 33 0
2918 frozen 34 0
2919 frozen 36 0
2920 frozen 37 0
2921 frozen 39 0
2922 frozen 40 0
2923 frozen 41 0
2924 frozen -44 0
2925 frozen 48 0
2926 frozen -49 0
2927 frozen 50 0
2928 frozen 52 0
2929 frozen -54 0
2930 frozen -55 0
2931 frozen 56 0
2932 frozen -57 0
2933 frozen -58 0
2934 frozen -59 0
2935 frozen 61 0
2936 frozen -62 0
2937 frozen 63 0
2938 frozen 64 0
2939 frozen -65 0
2940 frozen -70 0
2941 frozen 73 0
2942 frozen 74 0
2943 frozen -75 0
2944 frozen 76 0
2945 frozen 77 0
2946 frozen -78 0
2947 frozen -80 0
2948 frozen 82 0
2949 frozen 84 0
2950 frozen -85 0
2951 frozen -86 0
2952 frozen 87 0
2953 frozen 88 0
2954 frozen 89 0
2955 frozen -90 0
2956 frozen -93 0
2957 frozen -95 0
2958 frozen 96 0
2959 add -116
2960 add 96
2961 add -98
2962 add 0
2963 add 134
2964 add 136
2965 add 118
2966 add 0
2967 add 129
2968 add 123
2969 add -124
2970 add 0
2971 redundant
2972 add -114
2973 add -117
2974 add -121
2975 add 0
2976 add -124
2977 add 103
2978 add -104
2979 add 0
2980 add 118
2981 add -123
2982 add -94
2983 add 0
2984 add 92
2985 add 133
2986 add 123
2987 add 0
2988 irredundant
2989 add -122
2990 add 98
2991 add -107
2992 add 0
2993 add 102
2994 add 105
2995 add 114
2996 add 0
2997 add 98
2998 add 103
2999 add 108
3000 add 0
3001 vars
3002 add 115
3003 add 103
3004 add 116
3005 add 0
3006 add -99
3007 add -122
3008 add 104
3009 add 0
3010 add -136
3011 add -93
3012 add -119
3013 add 0
3014 add -136
3015 add 121
3016 add 110
3017 add 0
3018 add -124
3019 add -94
3020 add -112
3021 add 0
3022 add 110
3023 add 91
3024 add -135
3025 add 0
3026 add 131
3027 add 132
3028 add -135
3029 add 0
3030 propagate 0
3031 add -111
3032 add -91
3033 add 92
3034 add 0
3035 add 99
3036 add -93
3037 add 130
3038 add 0
3039 add 109
3040 add -123
3041 add 111
3042 add 0
3043 add -100
3044 add 126
3045 add 119
3046 add 0
3047 add -109
3048 add 126
3049 add -89
3050 add 0
3051 add 109
3052 add -88
3053 add -102
3054 add 0
3055 add -112
3056 add -106
3057 add -93
3058 add 0
3059 add -135
3060 add -106
3061 add 109
3062 add 0
3063 add 94
3064 add -107
3065 add 122
3066 add 0
3067 add -130
3068 add 88
3069 add -89
3070 add 0
3071 add 126
3072 add -106
3073 add -108
3074 add 0
3075 add 116
3076 add 115
3077 add 89
3078 add 0
3079 add -92
3080 add 111
3081 add -101
3082 add 0
3083 add 92
3084 add -133
3085 add 88
3086 add 0
3087 active
3088 resize 84
3089 add 116
3090 add 114
3091 add -90
3092 add 0
3093 add 124
3094 add 97
3095 add 90
3096 add 0
3097 add 94
3098 add -104
3099 add 109
3100 add 0
3101 add -94
3102 add -125
3103 add -112
3104 add 0
3105 declare_var
3106 add -91
3107 add 112
3108 add -104
3109 add 0
3110 add 106
3111 add 119
3112 add 134
3113 add 0
3114 add 91
3115 add 118
3116 add -128
3117 add 0
3118 add 103
3119 add 112
3120 add 116
3121 add 0
3122 declare_vars 62
3123 add -108
3124 add -101
3125 add 93
3126 add 0
3127 add -94
3128 add -108
3129 add 104
3130 add 0
3131 add 125
3132 add 87
3133 add 114
3134 add 0
3135 add 99
3136 add 132
3137 add -122
3138 add 0
3139 add 103
3140 add 97
3141 add -108
3142 add 0
3143 add 105
3144 add 110
3145 add 118
3146 add 0
3147 add 131
3148 add 111
3149 add -123
3150 add 0
3151 add 129
3152 add 106
3153 add -99
3154 add 0
3155 add 131
3156 add 117
3157 add -107
3158 add 0
3159 add -120
3160 add 110
3161 add 126
3162 add 0
3163 add 117
3164 add -87
3165 add -101
3166 add 0
3167 implied
3168 add -109
3169 add -90
3170 add -127
3171 add 0
3172 add 133
3173 add 117
3174 add 129
3175 add 0
3176 add 98
3177 add 128
3178 add -131
3179 add 0
3180 add 106
3181 add -114
3182 add 103
3183 add 0
3184 add -122
3185 add -112
3186 add -116
3187 add 0
3188 add 90
3189 add -136
3190 add -119
3191 add 0
3192 add 90
3193 add -99
3194 add 110
3195 add 0
3196 add 134
3197 add 89
3198 add 109
3199 add 0
3200 add 121
3201 add 134
3202 add 94
3203 add 0
3204 declare_vars 26
3205 add 117
3206 add 124
3207 add 126
3208 add 0
3209 add 90
3210 add -102
3211 add -92
3212 add 0
3213 add -108
3214 add 125
3215 add -121
3216 add 0
3217 add -102
3218 add -118
3219 add 92
3220 add 0
3221 add -130
3222 add 97
3223 add 119
3224 add 0
3225 add 126
3226 add -110
3227 add -101
3228 add 0
3229 add -117
3230 add -98
3231 add -130
3232 add 0
3233 add -89
3234 add 112
3235 add -90
3236 add 0
3237 add 122
3238 add 135
3239 add -88
3240 add 0
3241 add 104
3242 add -116
3243 add 111
3244 add 0
3245 add -97
3246 add 122
3247 add 118
3248 add 0
3249 add 111
3250 add -126
3251 add 125
3252 add 0
3253 add -89
3254 add 128
3255 add -127
3256 add 0
3257 add -119
3258 add 133
3259 add 111
3260 add 0
3261 add -107
3262 add 110
3263 add -104
3264 add 0
3265 add 113
3266 add 90
3267 add -120
3268 add 0
3269 add 105
3270 add -92
3271 add 114
3272 add 0
3273 add 87
3274 add -122
3275 add 102
3276 add 0
3277 add 104
3278 add -87
3279 add 109
3280 add 0
3281 add 111
3282 add -131
3283 add 132
3284 add 0
3285 add -102
3286 add -91
3287 add 130
3288 add 0
3289 add -105
3290 add 129
3291 add -122
3292 add 0
3293 add -131
3294 add -118
3295 add -130
3296 add 0
3297 add 117
3298 add 135
3299 add 96
3300 add 0
3301 add -102
3302 add 106
3303 add 121
3304 add 0
3305 add -125
3306 add -101
3307 add -126
3308 add 0
3309 add -118
3310 add 97
3311 add -105
3312 add 0
3313 add 102
3314 add 96
3315 add -112
3316 add 0
3317 add 102
3318 add -111
3319 add -105
3320 add 0
3321 add -133
3322 add 122
3323 add -93
3324 add 0
3325 add -131
3326 add -112
3327 add 122
3328 add 0
3329 add -120
3330 add -88
3331 add 89
3332 add 0
3333 add -120
3334 add -104
3335 add -90
3336 add 0
3337 add -106
3338 add 89
3339 add -103
3340 add 0
3341 add -116
3342 add -105
3343 add -97
3344 add 0
3345 add 112
3346 add -118
3347 add -127
3348 add 0
3349 irredundant
3350 add 124
3351 add -93
3352 add 135
3353 add 0
3354 add 112
3355 add 116
3356 add -88
3357 add 0
3358 declare_var
3359 add 99
3360 add -135
3361 add 132
3362 add 0
3363 add 89
3364 add -115
3365 add -112
3366 add 0
3367 add 121
3368 add 126
3369 add -132
3370 add 0
3371 add -104
3372 add 90
3373 add -106
3374 add 0
3375 add -106
3376 add 112
3377 add -135
3378 add 0
3379 add -111
3380 add 125
3381 add 108
3382 add 0
3383 add -110
3384 add -88
3385 add -93
3386 add 0
3387 add 87
3388 add -107
3389 add -110
3390 add 0
3391 irredundant
3392 add 126
3393 add -132
3394 add -90
3395 add 0
3396 add -114
3397 add 94
3398 add -91
3399 add 0
3400 add 133
3401 add 104
3402 add -92
3403 add 0
3404 add 109
3405 add 112
3406 add 106
3407 add 0
3408 add 99
3409 add -105
3410 add -107
3411 add 0
3412 add -136
3413 add 117
3414 add 106
3415 add 0
3416 add -105
3417 add -131
3418 add 88
3419 add 0
3420 add -119
3421 add -106
3422 add -133
3423 add 0
3424 add -111
3425 add -125
3426 add -123
3427 add 0
3428 add -87
3429 add -114
3430 add -103
3431 add 0
3432 add 136
3433 add -115
3434 add 113
3435 add 0
3436 add -124
3437 add 122
3438 add -113
3439 add 0
3440 add 109
3441 add 136
3442 add -115
3443 add 0
3444 add 120
3445 add 112
3446 add -117
3447 add 0
3448 add 109
3449 add -103
3450 add -136
3451 add 0
3452 add -94
3453 add 136
3454 add 130
3455 add 0
3456 add -133
3457 add -108
3458 add 121
3459 add 0
3460 add -87
3461 add -117
3462 add 92
3463 add 0
3464 add -110
3465 add 131
3466 add -108
3467 add 0
3468 add -92
3469 add 114
3470 add 128
3471 add 0
3472 add -111
3473 add 127
3474 add 95
3475 add 0
3476 add 131
3477 add 112
3478 add -92
3479 add 0
3480 add 111
3481 add 110
3482 add 127
3483 add 0
3484 add 134
3485 add 97
3486 add -100
3487 add 0
3488 add 90
3489 add 115
3490 add 102
3491 add 0
3492 add 136
3493 add 119
3494 add -126
3495 add 0
3496 add -92
3497 add -121
3498 add 100
3499 add 0
3500 add -126
3501 add 99
3502 add -93
3503 add 0
3504 add -89
3505 add -106
3506 add 136
3507 add 0
3508 add 105
3509 add 100
3510 add -128
3511 add 0
3512 declare_var
3513 add -131
3514 add 113
3515 add 112
3516 add 0
3517 add -122
3518 add -109
3519 add -95
3520 add 0
3521 add -108
3522 add -104
3523 add 89
3524 add 0
3525 add 88
3526 add -102
3527 add 103
3528 add 0
3529 add 88
3530 add 94
3531 add -106
3532 add 0
3533 add -99
3534 add -122
3535 add 135
3536 add 0
3537 add 121
3538 add -88
3539 add -115
3540 add 0
3541 propagate 0
3542 add -89
3543 add -97
3544 add 104
3545 add 0
3546 add -120
3547 add -95
3548 add -126
3549 add 0
3550 add 91
3551 add -119
3552 add -101
3553 add 0
3554 add -108
3555 add 128
3556 add 122
3557 add 0
3558 add 116
3559 add -110
3560 add 91
3561 add 0
3562 add 97
3563 add 100
3564 add 129
3565 add 0
3566 add 94
3567 add 126
3568 add -123
3569 add 0
3570 add 99
3571 add 92
3572 add -103
3573 add 0
3574 add 133
3575 add -114
3576 add -95
3577 add 0
3578 add -100
3579 add 116
3580 add -122
3581 add 0
3582 add -109
3583 add -115
3584 add -104
3585 add 0
3586 add -116
3587 add 105
3588 add -134
3589 add 0
3590 add 124
3591 add -88
3592 add -101
3593 add 0
3594 irredundant
3595 add -106
3596 add -113
3597 add 122
3598 add 0
3599 add 91
3600 add 105
3601 add 115
3602 add 0
3603 add 92
3604 add -100
3605 add -108
3606 add 0
3607 add -103
3608 add 127
3609 add -96
3610 add 0
3611 add 128
3612 add -116
3613 add 88
3614 add 0
3615 add -106
3616 add 93
3617 add 95
3618 add 0
3619 add -95
3620 add 107
3621 add -112
3622 add 0
3623 add 98
3624 add 103
3625 add -132
3626 add 0
3627 add -93
3628 add -124
3629 add 110
3630 add 0
3631 add -128
3632 add 123
3633 add 132
3634 add 0
3635 add 97
3636 add 104
3637 add 132
3638 add 0
3639 add 97
3640 add 113
3641 add 119
3642 add 0
3643 vars
3644 add 105
3645 add 94
3646 add 121
3647 add 0
3648 add 134
3649 add -91
3650 add 116
3651 add 0
3652 vars
3653 add 94
3654 add 116
3655 add -120
3656 add 0
3657 add -128
3658 add 105
3659 add -102
3660 add 0
3661 implied
3662 add 114
3663 add 129
3664 add -102
3665 add 0
3666 add -133
3667 add 104
3668 add 117
3669 add 0
3670 add 103
3671 add -125
3672 add 91
3673 add 0
3674 add -116
3675 add 94
3676 add 104
3677 add 0
3678 add -132
3679 add -135
3680 add 96
3681 add 0
3682 add -122
3683 add -105
3684 add -98
3685 add 0
3686 add 87
3687 add -131
3688 add 108
3689 add 0
3690 add -126
3691 add -96
3692 add -94
3693 add 0
3694 add 90
3695 add -101
3696 add -94
3697 add 0
3698 add -120
3699 add 96
3700 add -129
3701 add 0
3702 add 128
3703 add 131
3704 add 123
3705 add 0
3706 add -101
3707 add -111
3708 add -94
3709 add 0
3710 add -94
3711 add 121
3712 add -117
3713 add 0
3714 add 133
3715 add -109
3716 add 99
3717 add 0
3718 add -119
3719 add -94
3720 add -127
3721 add 0
3722 add 114
3723 add -112
3724 add -128
3725 add 0
3726 add -125
3727 add 109
3728 add 121
3729 add 0
3730 add 110
3731 add -107
3732 add 105
3733 add 0
3734 redundant
3735 add -116
3736 add 122
3737 add 111
3738 add 0
3739 add -126
3740 add 92
3741 add 110
3742 add 0
3743 add 94
3744 add -111
3745 add -129
3746 add 0
3747 add -114
3748 add 96
3749 add -95
3750 add 0
3751 add 110
3752 add -107
3753 add 128
3754 add 0
3755 add 112
3756 add 134
3757 add -88
3758 add 0
3759 add 100
3760 add 108
3761 add -127
3762 add 0
3763 add 120
3764 add -103
3765 add -111
3766 add 0
3767 add -112
3768 add -126
3769 add -95
3770 add 0
3771 vars
3772 add -124
3773 add 127
3774 add 100
3775 add 0
3776 add 127
3777 add 133
3778 add 92
3779 add 0
3780 add 133
3781 add -128
3782 add 95
3783 add 0
3784 add -136
3785 add 126
3786 add -99
3787 add 0
3788 add 131
3789 add -89
3790 add 117
3791 add 0
3792 add -132
3793 add 105
3794 add 112
3795 add 0
3796 add 125
3797 add -108
3798 add -118
3799 add 0
3800 irredundant
3801 add 103
3802 add 110
3803 add -113
3804 add 0
3805 irredundant
3806 add 133
3807 add -110
3808 add 128
3809 add 0
3810 add -101
3811 add -96
3812 add 135
3813 add 0
3814 add -111
3815 add 114
3816 add 98
3817 add 0
3818 connect mock-propagator
3819 observe 87
3820 observe -89
3821 observe -91
3822 observe -98
3823 observe -99
3824 observe -100
3825 observe -102
3826 observe 104
3827 observe -107
3828 observe 110
3829 observe 112
3830 observe -113
3831 observe -114
3832 observe 117
3833 observe 120
3834 observe -121
3835 observe 123
3836 observe -124
3837 observe -127
3838 observe -128
3839 observe -129
3840 observe -130
3841 observe 131
3842 observe 132
3843 observe -134
3844 observe -135
3845 observe 136
3846 observe -140
3847 observe 144
3848 observe 146
3849 observe -148
3850 observe -163
3851 observe -164
3852 observe -165
3853 observe -166
3854 observe -175
3855 observe 194
3856 observe 212
3857 observe -213
3858 observe 215
3859 observe -217
3860 observe -221
3861 observe -222
3862 observe -224
3863 observe -225
3864 observe -227
3865 assume -71
3866 freeze 1
3867 freeze -2
3868 freeze 4
3869 freeze 5
3870 freeze 6
3871 freeze 8
3872 freeze 9
3873 freeze -11
3874 freeze -13
3875 freeze 14
3876 freeze 16
3877 freeze -17
3878 freeze 21
3879 freeze -22
3880 freeze 23
3881 freeze 24
3882 freeze -25
3883 freeze 27
3884 freeze -29
3885 freeze -30
3886 freeze 33
3887 freeze 34
3888 freeze 35
3889 freeze -36
3890 freeze 37
3891 freeze 38
3892 freeze 39
3893 freeze 40
3894 freeze -41
3895 freeze -42
3896 freeze 43
3897 freeze -44
3898 freeze -46
3899 freeze -47
3900 freeze 48
3901 freeze -49
3902 freeze -51
3903 freeze 52
3904 freeze 55
3905 freeze -57
3906 freeze 58
3907 freeze 59
3908 freeze -60
3909 freeze 61
3910 freeze 62
3911 freeze 63
3912 freeze 64
3913 freeze 66
3914 freeze 67
3915 freeze -68
3916 freeze -69
3917 freeze 70
3918 freeze -71
3919 freeze -72
3920 freeze -73
3921 freeze -75
3922 freeze 76
3923 freeze -77
3924 freeze -78
3925 freeze 79
3926 freeze -80
3927 freeze 82
3928 freeze 83
3929 freeze -88
3930 freeze -90
3931 freeze -91
3932 freeze 92
3933 freeze 93
3934 freeze -96
3935 freeze -97
3936 freeze -98
3937 freeze 99
3938 freeze -100
3939 freeze -101
3940 freeze 102
3941 freeze -103
3942 freeze 104
3943 freeze 105
3944 freeze -106
3945 freeze 107
3946 freeze 108
3947 freeze -109
3948 freeze 110
3949 freeze 111
3950 freeze 112
3951 freeze 114
3952 freeze -115
3953 freeze -116
3954 freeze -117
3955 freeze -118
3956 freeze 119
3957 freeze 120
3958 freeze -123
3959 freeze 124
3960 freeze -126
3961 freeze -127
3962 freeze -128
3963 freeze 129
3964 freeze 130
3965 freeze 131
3966 freeze 132
3967 freeze -133
3968 freeze -134
3969 freeze -135
3970 phase 1
3971 unphase 2
3972 phase 3
3973 phase 4
3974 phase -6
3975 phase 7
3976 phase -8
3977 phase 9
3978 unphase -11
3979 phase -12
3980 phase -13
3981 phase 14
3982 phase 15
3983 phase 17
3984 phase 18
3985 phase -19
3986 phase -20
3987 phase -21
3988 phase -23
3989 phase -26
3990 phase 27
3991 phase -30
3992 phase -33
3993 phase -34
3994 phase 37
3995 phase 38
3996 phase 40
3997 phase 41
3998 phase 42
3999 phase -43
4000 phase 44
4001 phase 49
4002 phase -51
4003 unphase 52
4004 phase 53
4005 phase 54
4006 phase -56
4007 phase 58
4008 phase 59
4009 phase -64
4010 phase -66
4011 phase -67
4012 phase -68
4013 phase 69
4014 phase 70
4015 phase 72
4016 phase 74
4017 phase -75
4018 phase 76
4019 phase 79
4020 phase -80
4021 phase 82
4022 phase 83
4023 phase -84
4024 phase -86
4025 phase -87
4026 unphase -88
4027 phase 89
4028 phase -91
4029 phase 99
4030 phase -100
4031 phase 102
4032 unphase -103
4033 phase 104
4034 phase 106
4035 phase 109
4036 phase -110
4037 phase -113
4038 unphase -114
4039 phase -116
4040 unphase -119
4041 phase 121
4042 phase 122
4043 phase 123
4044 unphase 124
4045 phase -125
4046 phase -127
4047 phase 128
4048 phase -129
4049 phase -130
4050 phase -132
4051 phase -133
4052 phase -135
# V---------------------------------------------------------------------- leak alloc: leaked allocation
# V---------------------------------------------------------------------- terminate: termination requested
4053 simplify 1 0
4054 decide -91 24
4055 decide 102 40
4056 decide 136 18
4057 decide 148 34
4058 decide 140 3
4059 decide -123 42
4060 decide -227 4
4061 decide 127 22
4062 decide 194 5
4063 decide -117 28
4064 decide -117 37
4065 decide -148 9
4066 decide -136 33
4067 decide 144 30
4068 decide -165 11
4069 decide 102 1
4070 decide -98 20
4071 decide 129 8
4072 decide 165 44
4073 decide -129 40
4074 decide 212 22
4075 decide 128 32
4076 decide -129 23
4077 decide 148 3
4078 decide -117 22
4079 decide 165 47
4080 decide -129 6
4081 decide -217 17
4082 decide -130 48
4083 decide 194 23
4084 decide 87 35
4085 decide -131 18
4086 decide 148 31
4087 decide 221 4
4088 decide -87 0
4089 decide 217 10
4090 decide 130 12
4091 decide 164 26
4092 decide -164 6
4093 decide -135 16
4094 decide 98 33
4095 decide 128 44
4096 decide -136 4
4097 decide -144 31
4098 decide 224 32
4099 decide 132 11
4100 decide -213 42
4101 decide 110 36
4102 decide -104 19
4103 decide 112 22
4104 decide -102 49
4105 decide 163 28
4106 decide 128 23
4107 decide 132 14
4108 decide 136 35
4109 decide 107 43
4110 decide -221 31
4111 decide -129 38
4112 decide -113 5
4113 decide -225 35
4114 decide 98 25
4115 decide 128 32
4116 decide -163 17
4117 decide -110 15
4118 decide -132 30
4119 decide -217 10
4120 decide 134 10
4121 decide -221 17
4122 decide -132 18
4123 decide 213 35
4124 decide -110 33
4125 decide 136 13
4126 decide 98 18
4127 decide -163 32
4128 decide 123 12
4129 decide -166 13
4130 decide -114 6
4131 decide 221 24
4132 decide 112 42
4133 decide -175 10
4134 decide -221 8
4135 decide -123 4
4136 decide 110 33
4137 decide 129 3
4138 decide 135 49
4139 decide -140 23
4140 decide -91 3
4141 decide 146 48
4142 decide -112 24
4143 lemma 144
4144 lemma 99
4145 lemma 194
4146 lemma 0 3 11
4147 lemma 112
4148 lemma -148
4149 lemma 131
4150 lemma 0 1 16
4151 lemma -98
4152 lemma 114
4153 lemma 121
4154 lemma 0 3 10
4155 lemma 217
4156 lemma -121
4157 lemma 166
4158 lemma 0 1 20
4159 lemma 221
4160 lemma -135
4161 lemma -166
4162 lemma 0 0 22
4163 lemma -124
4164 lemma -225
4165 lemma 148
4166 lemma 0 3 8
4167 lemma -165
4168 lemma 124
4169 lemma -113
4170 lemma 0 1 40
4171 lemma 110
4172 lemma -127
4173 lemma 175
4174 lemma 148
4175 lemma 0 1 26
4176 lemma -134
4177 lemma 148
4178 lemma -110
4179 lemma 175
4180 lemma 0 1 19
4181 lemma -129
4182 lemma -217
4183 lemma 164
4184 lemma 0 1 25
4185 lemma -165
4186 lemma -100
4187 lemma 120
4188 lemma 0 3 32
4189 lemma 100
4190 lemma -89
4191 lemma -221
4192 lemma 0 3 25
4193 lemma -120
4194 lemma -107
4195 lemma 222
4196 lemma 0 1 25
4197 lemma -144
4198 lemma -117
4199 lemma 165
4200 lemma 0 3 12
4201 lemma 164
4202 lemma -166
4203 lemma 98
4204 lemma 0 3 14
4205 lemma 128
4206 lemma 100
4207 lemma -112
4208 lemma 0 2 2
4209 lemma -99
4210 lemma -110
4211 lemma -224
4212 lemma 0 3 9
4213 lemma -130
4214 lemma -144
4215 lemma 107
4216 lemma 0 3 10
4217 lemma 130
4218 lemma 175
4219 lemma -128
4220 lemma 132
4221 lemma 0 1 11
4222 lemma -135
4223 lemma -123
4224 lemma -127
4225 lemma 0 1 36
4226 lemma 113
4227 lemma -136
4228 lemma -120
4229 lemma 0 3 20
4230 lemma -146
4231 lemma 117
4232 lemma -112
4233 lemma 0 1 12
4234 lemma 194
4235 lemma 134
4236 lemma -128
4237 lemma 0 1 33
4238 lemma 107
4239 lemma 221
4240 lemma 123
4241 lemma 0 1 22
4242 lemma -166
4243 lemma 102
4244 lemma -144
4245 lemma 0 1 44
4246 lemma 98
4247 lemma -130
4248 lemma 166
4249 lemma -124
4250 lemma -107
4251 lemma 134
4252 lemma 148
4253 lemma -112
4254 lemma 113
4255 lemma -123
4256 lemma -213
4257 lemma -131
4258 lemma 222
4259 lemma -224
4260 lemma -221
4261 lemma 0 1 42
4262 lemma 99
4263 lemma 120
4264 lemma -165
4265 lemma 0 1 19
4266 lemma 130
4267 lemma -227
4268 lemma 87
4269 lemma -124
4270 lemma 0 3 2
4271 lemma -148
4272 lemma 110
4273 lemma -215
4274 lemma 87
4275 lemma 0 1 14
4276 lemma -107
4277 lemma 114
4278 lemma 140
4279 lemma 0 1 11
4280 lemma -135
4281 lemma -121
4282 lemma 194
4283 lemma 0 2 35
4284 lemma 215
4285 lemma -123
4286 lemma 132
4287 lemma -135
4288 lemma 0 3 36
4289 lemma 121
4290 lemma -194
4291 lemma 132
4292 lemma 0 3 47
4293 lemma -146
4294 lemma -130
4295 lemma 87
4296 lemma 0 1 37
4297 lemma 144
4298 lemma 148
4299 lemma -128
4300 lemma 0 1 6
4301 lemma -221
4302 lemma -194
4303 lemma 98
4304 lemma 163
4305 lemma 0 1 33
4306 lemma -194
4307 lemma 135
4308 lemma -110
4309 lemma 0 3 21
4310 lemma 120
4311 lemma -89
4312 lemma -221
4313 lemma 0 3 29
4314 lemma -104
4315 lemma -91
4316 lemma 144
4317 lemma 0 1 15
4318 lemma 104
4319 lemma 107
4320 lemma 98
4321 lemma -128
4322 lemma 166
4323 lemma 89
4324 lemma 117
4325 lemma 0 1 11
4326 lemma -221
4327 lemma 136
4328 lemma -166
4329 lemma 0 1 27
4330 lemma -163
4331 lemma 121
4332 lemma -124
4333 lemma 0 3 20
4334 lemma 148
4335 lemma 132
4336 lemma -213
4337 lemma 0 1 26
4338 lemma 166
4339 lemma -100
4340 lemma 148
4341 lemma -217
4342 lemma 0 1 39
4343 lemma -221
4344 lemma 130
4345 lemma 227
4346 lemma 0 1 33
4347 lemma -113
4348 lemma -114
4349 lemma -140
4350 lemma 0 2 23
4351 lemma -89
4352 lemma 91
4353 lemma 123
4354 lemma 0 1 1
4355 lemma -134
4356 lemma 136
4357 lemma 117
4358 lemma 0 1 10
4359 lemma 135
4360 lemma 123
4361 lemma -148
4362 lemma 0 1 47
4363 lemma -165
4364 lemma -146
4365 lemma 117
4366 lemma -217
4367 lemma 0 3 31
4368 lemma -225
4369 lemma 98
4370 lemma 130
4371 lemma 0 0 2
4372 lemma -213
4373 lemma 112
4374 lemma 120
4375 lemma 0 3 10
4376 lemma -110
4377 lemma 194
4378 lemma 132
4379 lemma 0 1 2
4380 lemma -112
4381 lemma -165
4382 lemma -215
4383 lemma 0 3 2
4384 lemma -100
4385 lemma -114
4386 lemma -227
4387 lemma 0 1 14
4388 lemma 144
4389 lemma 87
4390 lemma -100
4391 lemma 0 1 10
4392 lemma -117
4393 lemma 114
4394 lemma -89
4395 lemma 0 2 42
4396 lemma 148
4397 lemma -98
4398 lemma -194
4399 lemma -224
4400 lemma -130
4401 lemma 0 1 2
4402 lemma -217
4403 lemma 112
4404 lemma -165
4405 lemma 0 1 3
4406 lemma 213
4407 lemma 100
4408 lemma -132
4409 lemma 0 1 19
4410 lemma -102
4411 lemma 128
4412 lemma -164
4413 lemma 91
4414 lemma 0 3 29
4415 lemma 89
4416 lemma 128
4417 lemma 132
4418 lemma 0 3 1
4419 lemma 127
4420 lemma 166
4421 lemma 134
4422 lemma 0 1 38
4423 lemma 132
4424 lemma 144
4425 lemma -222
4426 lemma 0 1 43
4427 lemma -124
4428 lemma 104
4429 lemma -107
4430 lemma 0 1 21
4431 lemma -140
4432 lemma 132
4433 lemma -120
4434 lemma 0 2 37
4435 lemma 89
4436 lemma -212
4437 lemma -146
4438 lemma 215
4439 lemma 0 3 6
4440 lemma -224
4441 lemma -99
4442 lemma 166
4443 lemma 0 1 21
4444 lemma 129
4445 lemma 100
4446 lemma -194
4447 lemma 215
4448 lemma 0 1 24
4449 lemma -89
4450 lemma -134
4451 lemma 0 3 27
4452 lemma 225
4453 lemma -136
4454 lemma -166
4455 lemma -144
4456 lemma 0 1 42
4457 lemma -225
4458 lemma -175
4459 lemma -110
4460 lemma 0 1 23
4461 lemma -124
4462 lemma -140
4463 lemma 213
4464 lemma -107
4465 lemma 194
4466 lemma -131
4467 lemma 224
4468 lemma 113
4469 lemma 123
4470 lemma -114
4471 lemma 227
4472 lemma 0 3 42
4473 lemma 144
4474 lemma 100
4475 lemma 117
4476 lemma 0 1 34
4477 lemma -165
4478 lemma -224
4479 lemma 127
4480 lemma 0 3 28
4481 lemma 144
4482 lemma 148
4483 lemma 221
4484 lemma 0 1 39
4485 lemma 124
4486 lemma 98
4487 lemma -134
4488 lemma 131
4489 lemma 102
4490 lemma 163
4491 lemma 166
4492 lemma 87
4493 lemma 100
4494 lemma 227
4495 lemma 130
4496 lemma 123
4497 lemma -107
4498 lemma 213
4499 lemma 132
4500 lemma -127
4501 lemma 144
4502 lemma 0 3 18
4503 failed -2 0
4504 failed -3 0
4505 failed 11 0
4506 failed 15 0
4507 failed -33 0
4508 failed 62 0
4509 failed 67 0
4510 failed 71 0
4511 failed 93 0
4512 failed -95 0
4513 failed -96 0
4514 failed 97 0
4515 failed -99 0
4516 failed -110 0
4517 failed -129 0
4518 failed -130 0
4519 frozen -23 0
4520 frozen 34 0
4521 frozen 42 0
4522 frozen 43 0
4523 frozen 49 0
4524 frozen -56 0
4525 frozen -73 0
4526 frozen 76 0
4527 frozen -77 0
4528 frozen -81 0
4529 frozen 86 0
4530 frozen 90 0
4531 frozen -95 0
4532 frozen 103 0
4533 frozen -121 0
4534 frozen -127 0
4535 frozen 135 0
4536 reset
# ---------------------------------------------------
# Leak of 48 bytes at (0x000x7fde730058c0)
# Memory was allocated here:
# 0   mobical                             0x0000000102e9da6a _ZN7CaDiCaL5Trace11hook_mallocEm + 410
# 1   mobical                             0x0000000102ef76e7 _ZN7CaDiCaL7ClosureC2EPNS_8InternalE + 295
# 2   mobical                             0x0000000102f24ebe _ZN7CaDiCaL8Internal13extract_gatesEb + 558
# 3   mobical                             0x0000000102f72c78 _ZN7CaDiCaL8Internal18preprocess_quicklyEbRb + 232
# 4   mobical                             0x0000000102f7361f _ZN7CaDiCaL8Internal5solveEb + 927
# 5   mobical                             0x0000000102f4f2ab _ZN7CaDiCaL8External5solveEb + 75
# 6   mobical                             0x0000000102fe58bf _ZN7CaDiCaL6Solver37call_external_solve_and_check_resultsEb + 111
# 7   mobical                             0x0000000102fe5d38 _ZN7CaDiCaL6Solver8simplifyEi + 360
# 8   mobical                             0x0000000102eb7494 _ZN7CaDiCaL12SimplifyCall7executeERPNS_6SolverERPNS_9ExtendMapE + 20
# 9   mobical                             0x0000000102e9f346 _ZN7CaDiCaL5Trace7executeEv + 502
# 10  mobical                             0x0000000102e9ef78 _ZN7CaDiCaL5Trace16fork_and_executeEv + 520
# 11  mobical                             0x0000000102eadeed _ZN7CaDiCaL7Mobical4mainEiPPc + 13341
# 12  dyld                                0x00007ff81c30f530 start + 3056
#
# ---------------------------------------------------
# CaDiCal was tried to be terminated here:
# 0   mobical                             0x0000000102e9df9a _ZN7CaDiCaL5Trace34account_terminate_delay_allocationEv + 170
# 1   mobical                             0x0000000102e13c8c _Znwm + 44
# 2   mobical                             0x0000000102f10602 _ZN7CaDiCaL7Closure24init_xor_gate_extractionERNSt3__16vectorIPNS_6ClauseENS1_9allocatorIS4_EEEE + 2242
# 3   mobical                             0x0000000102f112f3 _ZN7CaDiCaL7Closure17extract_xor_gatesEv + 163
# 4   mobical                             0x0000000102f24bd3 _ZN7CaDiCaL7Closure13extract_gatesEv + 259
# 5   mobical                             0x0000000102f24ee8 _ZN7CaDiCaL8Internal13extract_gatesEb + 600
# 6   mobical                             0x0000000102f72c78 _ZN7CaDiCaL8Internal18preprocess_quicklyEbRb + 232
# 7   mobical                             0x0000000102f7361f _ZN7CaDiCaL8Internal5solveEb + 927
# 8   mobical                             0x0000000102f4f2ab _ZN7CaDiCaL8External5solveEb + 75
# 9   mobical                             0x0000000102fe58bf _ZN7CaDiCaL6Solver37call_external_solve_and_check_resultsEb + 111
# 10  mobical                             0x0000000102fe5d38 _ZN7CaDiCaL6Solver8simplifyEi + 360
# 11  mobical                             0x0000000102eb7494 _ZN7CaDiCaL12SimplifyCall7executeERPNS_6SolverERPNS_9ExtendMapE + 20
# 12  mobical                             0x0000000102e9f346 _ZN7CaDiCaL5Trace7executeEv + 502
# 13  mobical                             0x0000000102e9ef78 _ZN7CaDiCaL5Trace16fork_and_executeEv + 520
# 14  mobical                             0x0000000102eadeed _ZN7CaDiCaL7Mobical4mainEiPPc + 13341
# 15  dyld                                0x00007ff81c30f530 start + 3056
#
