# seed: 5933311251851914486
# status: solver was destructed, but memory leaked (4 / SIGUSR2)
0 max_alloc 118
1 terminate 3563
2 terminate_delay 114 804
3 init
4 add 5
5 add 38
6 add 26
7 add 0
8 add -16
9 add 43
10 add -17
11 add 0
12 add 45
13 add -20
14 add -2
15 add 0
16 add -8
17 add -1
18 add -17
19 add 0
20 add -16
21 add -9
22 add -7
23 add 0
24 irredundant
25 add -5
26 add 34
27 add -33
28 add 0
29 add -17
30 add -5
31 add 46
32 add 0
33 add 41
34 add 31
35 add 18
36 add 0
37 add -40
38 add -14
39 add 17
40 add 0
41 add -1
42 add 31
43 add 37
44 add 0
45 add -2
46 add 8
47 add 10
48 add 0
49 add -16
50 add -17
51 add 38
52 add 0
53 add -30
54 add -20
55 add -45
56 add 0
57 add 46
58 add -22
59 add -27
60 add 0
61 add -11
62 add -43
63 add 4
64 add 0
65 add -40
66 add 11
67 add 1
68 add 0
69 add 10
70 add 5
71 add 24
72 add 0
73 add 37
74 add 8
75 add -36
76 add 0
77 add -9
78 add -8
79 add -6
80 add 0
81 add 30
82 add -32
83 add 36
84 add 0
85 active
86 add 38
87 add -40
88 add -31
89 add 0
90 add 3
91 add -7
92 add -8
93 add 0
94 add -25
95 add 36
96 add -2
97 add 0
98 add 40
99 add 30
100 add -20
101 add 0
102 add 8
103 add -26
104 add -37
105 add 0
106 add -35
107 add 4
108 add -28
109 add 0
110 add -38
111 add -36
112 add 10
113 add 0
114 add 37
115 add 2
116 add -32
117 add 0
118 add 21
119 add 28
120 add -29
121 add 0
122 add 46
123 add -44
124 add -25
125 add 0
126 add 45
127 add 28
128 add -10
129 add 0
130 add 36
131 add -25
132 add -3
133 add 0
134 add 19
135 add -8
136 add -42
137 add 0
138 add 4
139 add -46
140 add -26
141 add 0
142 add -23
143 add 36
144 add 17
145 add 0
146 add 31
147 add -40
148 add -23
149 add 0
150 add -24
151 add -15
152 add -44
153 add 0
154 add 12
155 add 40
156 add -24
157 add 0
158 add -11
159 add -23
160 add 43
161 add 0
162 add 4
163 add -30
164 add -37
165 add 0
166 add 44
167 add -39
168 add 9
169 add 0
170 redundant
171 add -38
172 add 8
173 add 6
174 add 0
175 add 35
176 add 26
177 add -9
178 add 0
179 add 28
180 add -6
181 add 36
182 add 0
183 add 10
184 add 12
185 add -39
186 add 0
187 add -5
188 add 36
189 add 16
190 add 0
191 add -44
192 add 35
193 add 23
194 add 0
195 add -14
196 add -11
197 add -22
198 add 0
199 add 16
200 add -21
201 add 31
202 add 0
203 add -21
204 add 42
205 add -32
206 add 0
207 implied
208 add 31
209 add 9
210 add 21
211 add 0
212 irredundant
213 add -25
214 add -39
215 add 46
216 add 0
217 add 24
218 add 38
219 add -5
220 add 0
221 add 30
222 add -46
223 add -25
224 add 0
225 add -6
226 add 46
227 add -40
228 add 0
229 add -17
230 add 7
231 add 4
232 add 0
233 add -28
234 add -3
235 add -1
236 add 0
237 active
238 add 35
239 add 28
240 add -8
241 add 0
242 add -21
243 add -19
244 add -10
245 add 0
246 add 5
247 add -34
248 add -28
249 add 0
250 add 5
251 add -34
252 add -6
253 add 0
254 add 16
255 add 43
256 add -41
257 add 0
258 add -20
259 add -45
260 add 15
261 add 0
262 add -6
263 add 4
264 add -12
265 add 0
266 add -34
267 add 38
268 add -1
269 add 0
270 add -36
271 add 22
272 add 25
273 add 0
274 add -10
275 add -26
276 add -38
277 add 0
278 add -44
279 add 43
280 add -2
281 add 0
282 add 30
283 add 44
284 add -32
285 add 0
286 add 27
287 add 4
288 add -44
289 add 0
290 add -18
291 add -26
292 add -7
293 add 0
294 add -38
295 add -46
296 add 19
297 add 0
298 add 32
299 add -10
300 add -33
301 add 0
302 add -22
303 add 28
304 add -45
305 add 0
306 add -25
307 add -44
308 add 15
309 add 0
310 add 43
311 add 12
312 add -1
313 add 0
314 add -20
315 add -40
316 add -36
317 add 0
318 add -13
319 add -36
320 add 4
321 add 0
322 add 20
323 add 34
324 add -41
325 add 0
326 add -36
327 add 45
328 add 40
329 add 0
330 add -30
331 add -11
332 add -43
333 add 0
334 add 6
335 add -9
336 add -24
337 add 0
338 add -6
339 add 4
340 add 2
341 add 0
342 add 28
343 add -37
344 add 16
345 add 0
346 add 26
347 add -25
348 add -16
349 add 0
350 add 28
351 add 7
352 add 4
353 add 0
354 add 31
355 add 17
356 add 5
357 add 0
358 add 2
359 add 11
360 add -34
361 add 0
362 add 19
363 add 12
364 add -10
365 add 0
366 add -43
367 add 31
368 add 29
369 add 0
370 add 44
371 add 25
372 add 31
373 add 0
374 add 40
375 add 18
376 add 39
377 add 0
378 add -12
379 add 15
380 add -11
381 add 0
382 add -22
383 add 30
384 add -33
385 add 0
386 declare_vars 78
387 add 33
388 add -9
389 add -44
390 add 0
391 add 41
392 add 18
393 add -17
394 add 0
395 add -14
396 add -43
397 add -10
398 add 0
399 add 35
400 add 30
401 add 13
402 add 0
403 add -17
404 add -40
405 add -44
406 add 0
407 add 40
408 add 13
409 add 8
410 add 0
411 add 41
412 add -4
413 add 43
414 add 0
415 add -1
416 add -26
417 add -38
418 add 0
419 add 37
420 add 42
421 add 17
422 add 0
423 add 42
424 add -12
425 add -1
426 add 0
427 add 14
428 add 10
429 add 18
430 add 0
431 add -7
432 add -4
433 add 36
434 add 0
435 add -6
436 add 45
437 add -40
438 add 0
439 add 37
440 add -45
441 add -41
442 add 0
443 active
444 irredundant
445 add -8
446 add 11
447 add -2
448 add 0
449 add -19
450 add -41
451 add -13
452 add 0
453 add 1
454 add -26
455 add 9
456 add 0
457 add -27
458 add -35
459 add -13
460 add 0
461 add 18
462 add -1
463 add -11
464 add 0
465 add -7
466 add 4
467 add 22
468 add 0
469 add -32
470 add 45
471 add 30
472 add 0
473 add 22
474 add -25
475 add -8
476 add 0
477 add -13
478 add -35
479 add 34
480 add 0
481 declare_var
482 add 37
483 add -18
484 add -9
485 add 0
486 add 15
487 add 14
488 add 20
489 add 0
490 redundant
491 add 28
492 add -33
493 add 37
494 add 0
495 add 12
496 add -7
497 add 42
498 add 0
499 add -23
500 add 1
501 add 8
502 add 0
503 add 38
504 add -5
505 add 42
506 add 0
507 resize 17
508 add 17
509 add 8
510 add 27
511 add 0
512 add 23
513 add 10
514 add -15
515 add 0
516 add -5
517 add -17
518 add 9
519 add 0
520 add 22
521 add -13
522 add 15
523 add 0
524 add -1
525 add -18
526 add 26
527 add 0
528 add 18
529 add 19
530 add -3
531 add 0
532 add -18
533 add 17
534 add 7
535 add 0
536 add 39
537 add 16
538 add 28
539 add 0
540 add -32
541 add 46
542 add -10
543 add 0
544 add -14
545 add -5
546 add -44
547 add 0
548 add -24
549 add -43
550 add -6
551 add 0
552 add 34
553 add 17
554 add 46
555 add 0
556 add -13
557 add 15
558 add 20
559 add 0
560 add 22
561 add -19
562 add 16
563 add 0
564 add 13
565 add 43
566 add 15
567 add 0
568 add 25
569 add -7
570 add -44
571 add 0
572 add 10
573 add -35
574 add -20
575 add 0
576 add -15
577 add 41
578 add -10
579 add 0
580 add -21
581 add -3
582 add -46
583 add 0
584 add 38
585 add -46
586 add 9
587 add 0
588 add 17
589 add -36
590 add 2
591 add 0
592 add -36
593 add 10
594 add 37
595 add 0
596 propagate 0
597 add -1
598 add -16
599 add -40
600 add 0
601 add -11
602 add 6
603 add -13
604 add 0
605 add -44
606 add -29
607 add 42
608 add 0
609 add -26
610 add -16
611 add -15
612 add 0
613 declare_vars 74
614 add 35
615 add -15
616 add -26
617 add 0
618 add 27
619 add 25
620 add 21
621 add 0
622 add -13
623 add 9
624 add 16
625 add 0
626 add 24
627 add 22
628 add 33
629 add 0
630 add -26
631 add -11
632 add -3
633 add 0
634 add -14
635 add -19
636 add 4
637 add 0
638 add -39
639 add -34
640 add 46
641 add 0
642 add 12
643 add 26
644 add 10
645 add 0
646 add -5
647 add 9
648 add 31
649 add 0
650 add -34
651 add 14
652 add 20
653 add 0
654 add -35
655 add -28
656 add 27
657 add 0
658 add -41
659 add -24
660 add -9
661 add 0
662 add 7
663 add 2
664 add -33
665 add 0
666 add 11
667 add 17
668 add 36
669 add 0
670 add 23
671 add -39
672 add -13
673 add 0
674 redundant
675 add -11
676 add -4
677 add -46
678 add 0
679 add -9
680 add -18
681 add 35
682 add 0
683 add -37
684 add 1
685 add 28
686 add 0
687 add -24
688 add -12
689 add -7
690 add 0
691 add -5
692 add 3
693 add 28
694 add 0
695 add -44
696 add 22
697 add -30
698 add 0
699 add 39
700 add -11
701 add 1
702 add 0
703 declare_var
704 add 32
705 add 1
706 add 35
707 add 0
708 add -10
709 add -28
710 add 45
711 add 0
712 add 6
713 add 4
714 add 24
715 add 0
716 add 23
717 add -9
718 add -25
719 add 0
720 add -11
721 add -39
722 add -4
723 add 0
724 redundant
725 add 9
726 add 17
727 add -37
728 add 0
729 add -25
730 add 11
731 add 7
732 add 0
733 add -8
734 add 31
735 add 5
736 add 0
737 add 13
738 add 21
739 add 22
740 add 0
741 add 14
742 add -18
743 add -34
744 add 0
745 add 44
746 add 41
747 add -46
748 add 0
749 add -8
750 add 43
751 add 2
752 add 0
753 add 13
754 add 29
755 add -10
756 add 0
757 add 37
758 add -24
759 add 9
760 add 0
761 add -1
762 add 12
763 add -36
764 add 0
765 add 30
766 add 46
767 add -37
768 add 0
769 add 32
770 add -31
771 add -33
772 add 0
773 add -26
774 add 2
775 add 19
776 add 0
777 add 43
778 add -22
779 add 29
780 add 0
781 add 29
782 add -26
783 add -6
784 add 0
785 add -24
786 add -27
787 add 13
788 add 0
789 assume 46
790 phase -17
791 phase 19
792 phase 20
793 phase 21
794 phase -27
795 phase -44
796 solve 0
797 val 8 0
798 flip 1 0
799 flip 2 0
800 flip 3 0
801 flippable 6 0
802 flip 7 0
803 flip 8 0
804 flip 10 0
805 flip 12 0
806 flippable -13 0
807 flippable -14 0
808 flippable -15 0
809 flip -16 0
810 flippable 17 0
811 flip 20 0
812 flippable -21 0
813 flip 22 0
814 flip 23 0
815 flippable 24 0
816 flippable 25 0
817 flippable 26 0
818 flippable 27 0
819 flip -28 0
820 flippable -30 0
821 flippable 31 0
822 flippable 32 0
823 flippable -33 0
824 flip 34 0
825 flippable 35 0
826 flippable -36 0
827 flippable 38 0
828 flip 39 0
829 flip 40 0
830 flippable 42 0
831 flippable -43 0
832 flip 44 0
833 failed -9 0
834 failed -13 0
835 failed 16 0
836 failed 20 0
837 failed -21 0
838 failed 22 0
839 failed 27 0
840 failed 38 0
841 failed -45 0
842 frozen 1 0
843 frozen -16 0
844 frozen -29 0
845 frozen 34 0
846 frozen 38 0
847 frozen -41 0
848 add -25
849 add -44
850 add 45
851 add 0
852 add -51
853 add -56
854 add -49
855 add 0
856 vars
857 add -39
858 add -29
859 add -53
860 add 0
861 add -50
862 add 44
863 add 49
864 add 0
865 add 43
866 add 48
867 add 14
868 add 0
869 add 22
870 add -46
871 add 58
872 add 0
873 add -57
874 add 40
875 add -20
876 add 0
877 add -50
878 add -16
879 add -47
880 add 0
881 add -20
882 add 46
883 add 30
884 add 0
885 add 41
886 add -57
887 add 47
888 add 0
889 add -53
890 add -52
891 add -15
892 add 0
893 add 37
894 add -52
895 add -41
896 add 0
897 add 22
898 add 53
899 add 46
900 add 0
901 add 48
902 add -33
903 add 50
904 add 0
905 add -52
906 add 35
907 add -25
908 add 0
909 add 29
910 add -37
911 add -17
912 add 0
913 add 27
914 add 41
915 add 63
916 add 0
917 add 53
918 add -63
919 add 29
920 add 0
921 add -33
922 add 24
923 add -29
924 add 0
925 add -62
926 add 20
927 add 31
928 add 0
929 add 40
930 add 19
931 add 22
932 add 0
933 add 35
934 add -61
935 add 53
936 add 0
937 add -35
938 add -44
939 add 48
940 add 0
941 add -63
942 add -21
943 add -56
944 add 0
945 add -37
946 add -16
947 add -43
948 add 0
949 add 36
950 add 62
951 add 19
952 add 0
953 add 54
954 add -18
955 add 55
956 add 0
957 add 44
958 add 48
959 add 38
960 add 0
961 add 47
962 add -51
963 add 62
964 add 0
965 add -15
966 add 60
967 add 44
968 add 0
969 add -46
970 add -63
971 add 58
972 add 0
973 add -48
974 add -16
975 add 23
976 add 0
977 add 60
978 add 28
979 add -35
980 add 0
981 add -14
982 add 54
983 add -15
984 add 0
985 add -62
986 add -44
987 add -15
988 add 0
989 add 46
990 add -60
991 add -28
992 add 0
993 add -25
994 add 21
995 add 43
996 add 0
997 add 52
998 add -38
999 add -23
1000 add 0
1001 add -16
1002 add 25
1003 add -53
1004 add 0
1005 add 37
1006 add -56
1007 add -52
1008 add 0
1009 add 42
1010 add 46
1011 add -27
1012 add 0
1013 add 38
1014 add -54
1015 add 51
1016 add 0
1017 add 26
1018 add -60
1019 add -48
1020 add 0
1021 add 56
1022 add 21
1023 add 24
1024 add 0
1025 add -60
1026 add 35
1027 add 36
1028 add 0
1029 add -46
1030 add -42
1031 add 24
1032 add 0
1033 add 35
1034 add 14
1035 add 39
1036 add 0
1037 add 62
1038 add -31
1039 add 22
1040 add 0
1041 add -58
1042 add 59
1043 add 23
1044 add 0
1045 add 55
1046 add -60
1047 add -51
1048 add 0
1049 add -57
1050 add 53
1051 add -36
1052 add 0
1053 implied
1054 add 26
1055 add -33
1056 add 57
1057 add 0
1058 active
1059 add -21
1060 add 40
1061 add 30
1062 add 0
1063 add 17
1064 add 31
1065 add -52
1066 add 0
1067 add 59
1068 add 29
1069 add -61
1070 add 0
1071 add 53
1072 add -33
1073 add 46
1074 add 0
1075 add 62
1076 add -16
1077 add -31
1078 add 0
1079 active
1080 add 37
1081 add 62
1082 add 49
1083 add 0
1084 add 53
1085 add 40
1086 add -52
1087 add 0
1088 add 33
1089 add -43
1090 add 39
1091 add 0
1092 implied
1093 add 20
1094 add 41
1095 add -39
1096 add 0
1097 declare_var
1098 add 23
1099 add -19
1100 add -44
1101 add 0
1102 add -20
1103 add 44
1104 add -52
1105 add 0
1106 add 48
1107 add 19
1108 add -56
1109 add 0
1110 add -24
1111 add -42
1112 add 20
1113 add 0
1114 add -62
1115 add -61
1116 add 28
1117 add 0
1118 add 15
1119 add -16
1120 add 25
1121 add 0
1122 add 31
1123 add -47
1124 add -26
1125 add 0
1126 irredundant
1127 add 58
1128 add 40
1129 add -34
1130 add 0
1131 add 32
1132 add -21
1133 add -57
1134 add 0
1135 add -36
1136 add -48
1137 add -40
1138 add 0
1139 add 53
1140 add -24
1141 add 44
1142 add 0
1143 add -32
1144 add -63
1145 add -20
1146 add 0
1147 add 59
1148 add 17
1149 add 48
1150 add 0
1151 add 34
1152 add 22
1153 add 24
1154 add 0
1155 add 23
1156 add -19
1157 add 45
1158 add 0
1159 add 47
1160 add 24
1161 add 22
1162 add 0
1163 add -63
1164 add 52
1165 add -31
1166 add 0
1167 add -34
1168 add 15
1169 add 49
1170 add 0
1171 add 56
1172 add 20
1173 add 28
1174 add 0
1175 irredundant
1176 add 33
1177 add 49
1178 add 32
1179 add 0
1180 irredundant
1181 add -54
1182 add 35
1183 add 19
1184 add 0
1185 irredundant
1186 add 45
1187 add 27
1188 add 19
1189 add 0
1190 add -37
1191 add 38
1192 add 61
1193 add 0
1194 add -17
1195 add -53
1196 add 54
1197 add 0
1198 redundant
1199 irredundant
1200 add 32
1201 add -36
1202 add -45
1203 add 0
1204 add -63
1205 add 52
1206 add -62
1207 add 0
1208 add 58
1209 add 59
1210 add 46
1211 add 0
1212 add 27
1213 add -28
1214 add 44
1215 add 0
1216 add 55
1217 add -57
1218 add 53
1219 add 0
1220 add 45
1221 add 24
1222 add 37
1223 add 0
1224 add 48
1225 add -23
1226 add 46
1227 add 0
1228 active
1229 add -42
1230 add -48
1231 add 30
1232 add 0
1233 add 16
1234 add -27
1235 add 44
1236 add 0
1237 add -45
1238 add -55
1239 add 53
1240 add 0
1241 add 34
1242 add 19
1243 add -42
1244 add 0
1245 add -22
1246 add -18
1247 add 25
1248 add 0
1249 add 41
1250 add -60
1251 add -29
1252 add 0
1253 add 36
1254 add 60
1255 add -43
1256 add 0
1257 declare_var
1258 add 56
1259 add 24
1260 add 16
1261 add 0
1262 add 20
1263 add 51
1264 add -28
1265 add 0
1266 add -46
1267 add 58
1268 add 31
1269 add 0
1270 add 25
1271 add 42
1272 add 52
1273 add 0
1274 add -22
1275 add -43
1276 add 14
1277 add 0
1278 add 61
1279 add 38
1280 add -24
1281 add 0
1282 add -23
1283 add -60
1284 add -50
1285 add 0
1286 add 19
1287 add -60
1288 add -53
1289 add 0
1290 add 33
1291 add -61
1292 add 22
1293 add 0
1294 add -21
1295 add 16
1296 add 28
1297 add 0
1298 add -40
1299 add 46
1300 add -23
1301 add 0
1302 add -17
1303 add -36
1304 add -40
1305 add 0
1306 add 59
1307 add -18
1308 add -24
1309 add 0
1310 add -36
1311 add 41
1312 add 53
1313 add 0
1314 add 59
1315 add -42
1316 add 16
1317 add 0
1318 add -24
1319 add -19
1320 add 44
1321 add 0
1322 add -17
1323 add 53
1324 add 28
1325 add 0
1326 add 47
1327 add -62
1328 add -52
1329 add 0
1330 redundant
1331 add 26
1332 add -62
1333 add -44
1334 add 0
1335 add 29
1336 add -40
1337 add 37
1338 add 0
1339 add 48
1340 add 38
1341 add -58
1342 add 0
1343 add 45
1344 add -52
1345 add -54
1346 add 0
1347 add -55
1348 add -23
1349 add 41
1350 add 0
1351 add 35
1352 add 37
1353 add -27
1354 add 0
1355 add -60
1356 add 30
1357 add -40
1358 add 0
1359 redundant
1360 add -19
1361 add -21
1362 add -33
1363 add 0
1364 add 17
1365 add -40
1366 add -55
1367 add 0
1368 add -32
1369 add -33
1370 add -20
1371 add 0
1372 add -51
1373 add -31
1374 add -15
1375 add 0
1376 add -43
1377 add 26
1378 add -60
1379 add 0
1380 add -54
1381 add -61
1382 add 40
1383 add 0
1384 add 33
1385 add 24
1386 add 23
1387 add 0
1388 add -20
1389 add -42
1390 add 24
1391 add 0
1392 add 32
1393 add -23
1394 add -57
1395 add 0
1396 add -36
1397 add -58
1398 add -59
1399 add 0
1400 add -54
1401 add 42
1402 add -40
1403 add 0
1404 add 46
1405 add 28
1406 add -19
1407 add 0
1408 add 48
1409 add -21
1410 add -38
1411 add 0
1412 add -57
1413 add -19
1414 add 29
1415 add 0
1416 add -29
1417 add -22
1418 add -48
1419 add 0
1420 add 14
1421 add -42
1422 add 47
1423 add 0
1424 irredundant
1425 add 49
1426 add 36
1427 add -56
1428 add 0
1429 active
1430 add 50
1431 add -17
1432 add -27
1433 add 0
1434 add 62
1435 add 24
1436 add -52
1437 add 0
1438 add -41
1439 add 46
1440 add 63
1441 add 0
1442 add 18
1443 add 39
1444 add -23
1445 add 0
1446 add 58
1447 add 57
1448 add 31
1449 add 0
1450 add 29
1451 add -52
1452 add 14
1453 add 0
1454 redundant
1455 add -15
1456 add -28
1457 add 20
1458 add 0
1459 add 47
1460 add -41
1461 add -51
1462 add 0
1463 implied
1464 add -23
1465 add -49
1466 add 51
1467 add 0
1468 add 61
1469 add 60
1470 add 51
1471 add 0
1472 add -38
1473 add 33
1474 add 41
1475 add 0
1476 redundant
1477 add -32
1478 add -20
1479 add 16
1480 add 0
1481 vars
1482 add -35
1483 add -49
1484 add 15
1485 add 0
1486 add -63
1487 add -21
1488 add 41
1489 add 0
1490 active
1491 add 22
1492 add -47
1493 add -31
1494 add 0
1495 add -17
1496 add 21
1497 add 41
1498 add 0
1499 resize 11
1500 add -49
1501 add -15
1502 add 41
1503 add 0
1504 add 41
1505 add 49
1506 add -22
1507 add 0
1508 add -38
1509 add -34
1510 add -37
1511 add 0
1512 add -23
1513 add 17
1514 add 40
1515 add 0
1516 add -18
1517 add 44
1518 add -20
1519 add 0
1520 add 34
1521 add 18
1522 add 40
1523 add 0
1524 add 52
1525 add -28
1526 add -45
1527 add 0
1528 add 27
1529 add 58
1530 add -20
1531 add 0
1532 add -61
1533 add -58
1534 add 22
1535 add 0
1536 add -57
1537 add -52
1538 add -46
1539 add 0
1540 add 32
1541 add 37
1542 add 24
1543 add 0
1544 add 54
1545 add 29
1546 add 15
1547 add 0
1548 add 46
1549 add 63
1550 add 53
1551 add 0
1552 add 54
1553 add -28
1554 add 55
1555 add 0
1556 add -41
1557 add 22
1558 add -36
1559 add 0
1560 add 37
1561 add 23
1562 add -32
1563 add 0
1564 add -50
1565 add -53
1566 add -15
1567 add 0
1568 add -41
1569 add -29
1570 add -33
1571 add 0
1572 add 30
1573 add 62
1574 add -46
1575 add 0
1576 add -45
1577 add 54
1578 add -60
1579 add 0
1580 add -40
1581 add -42
1582 add -50
1583 add 0
1584 add 28
1585 add -14
1586 add -19
1587 add 0
1588 add 40
1589 add -53
1590 add -38
1591 add 0
1592 add -43
1593 add -58
1594 add 30
1595 add 0
1596 add 61
1597 add 19
1598 add 46
1599 add 0
1600 add -31
1601 add 34
1602 add 16
1603 add 0
1604 add -47
1605 add -58
1606 add -31
1607 add 0
1608 add -28
1609 add 27
1610 add 54
1611 add 0
1612 add -56
1613 add 22
1614 add -43
1615 add 0
1616 add 16
1617 add -24
1618 add 33
1619 add 0
1620 active
1621 add -58
1622 add -21
1623 add 47
1624 add 0
1625 declare_vars 18
1626 add -19
1627 add -16
1628 add 63
1629 add 0
1630 redundant
1631 add -55
1632 add 23
1633 add 45
1634 add 0
1635 active
1636 add 49
1637 add -25
1638 add 46
1639 add 0
1640 irredundant
1641 add 34
1642 add -47
1643 add -28
1644 add 0
1645 add -36
1646 add -62
1647 add 29
1648 add 0
1649 add -36
1650 add -29
1651 add -55
1652 add 0
1653 add -63
1654 add -29
1655 add 17
1656 add 0
1657 declare_var
1658 add -28
1659 add -43
1660 add 63
1661 add 0
1662 add 52
1663 add -18
1664 add 37
1665 add 0
1666 declare_var
1667 add 50
1668 add 57
1669 add -53
1670 add 0
1671 add 51
1672 add 33
1673 add 46
1674 add 0
1675 add -50
1676 add -46
1677 add 49
1678 add 0
1679 add -22
1680 add 34
1681 add 41
1682 add 0
1683 add -20
1684 add -14
1685 add -45
1686 add 0
1687 add 27
1688 add -26
1689 add -58
1690 add 0
1691 add 36
1692 add -28
1693 add 22
1694 add 0
1695 add -53
1696 add -43
1697 add 46
1698 add 0
1699 add -51
1700 add 45
1701 add 19
1702 add 0
1703 add -55
1704 add 62
1705 add -53
1706 add 0
1707 add -26
1708 add 31
1709 add 33
1710 add 0
1711 add -61
1712 add 59
1713 add 47
1714 add 0
1715 constrain -44
1716 constrain -59
1717 constrain -17
1718 constrain 0
1719 constrain 29
1720 constrain 16
1721 constrain -54
1722 constrain 0
1723 assume -65
1724 freeze 1
1725 freeze -2
1726 freeze 3
1727 freeze -4
1728 freeze 5
1729 freeze 6
1730 freeze 7
1731 freeze -8
1732 freeze -9
1733 freeze -10
1734 freeze -11
1735 freeze -12
1736 freeze -13
1737 freeze 14
1738 freeze -15
1739 freeze 16
1740 freeze -17
1741 freeze -18
1742 freeze 19
1743 freeze 20
1744 freeze -21
1745 freeze 22
1746 freeze 23
1747 freeze 24
1748 freeze -25
1749 freeze -26
1750 freeze 27
1751 freeze -28
1752 freeze 30
1753 freeze 31
1754 freeze -32
1755 freeze 33
1756 freeze -34
1757 freeze 35
1758 freeze 36
1759 freeze 37
1760 freeze -38
1761 freeze 39
1762 freeze 40
1763 freeze 41
1764 freeze 42
1765 freeze 43
1766 freeze 44
1767 freeze 45
1768 freeze 46
1769 freeze 47
1770 freeze -48
1771 freeze -49
1772 freeze 50
1773 freeze -51
1774 freeze 52
1775 freeze -53
1776 freeze -54
1777 freeze -55
1778 freeze -56
1779 freeze -57
1780 freeze -58
1781 freeze 59
1782 freeze 60
1783 freeze -61
1784 freeze -62
1785 freeze -63
1786 phase -6
1787 phase 8
1788 phase 9
1789 phase -11
1790 phase -13
1791 phase -14
1792 phase 16
1793 phase 17
1794 phase 19
1795 phase 21
1796 phase 22
1797 phase 24
1798 phase 25
1799 phase 29
1800 phase -30
1801 phase 33
1802 phase 35
1803 phase -36
1804 phase -40
1805 phase 44
1806 phase 45
1807 phase 46
1808 phase -47
1809 phase -51
1810 phase 53
1811 phase 54
1812 phase 63
1813 lookahead 0
1814 val -2 0
1815 val -3 1
1816 val 6 0
1817 val -8 1
1818 val 15 0
1819 val 16 0
1820 val 17 0
1821 val -20 1
1822 val 23 1
1823 val 25 1
1824 val 28 0
1825 val 29 0
1826 val 30 1
1827 val 35 0
1828 val -36 0
1829 val -37 0
1830 val 38 1
1831 val 40 0
1832 val 43 0
1833 val 50 0
1834 val -52 0
1835 val 56 0
1836 val 57 1
1837 val 58 0
1838 val -59 0
1839 val 60 1
1840 val 61 0
1841 failed 2 0
1842 failed -4 0
1843 failed -6 0
1844 failed -7 0
1845 failed 11 0
1846 failed -12 0
1847 failed 13 0
1848 failed 14 0
1849 failed 18 0
1850 failed 19 0
1851 failed -21 0
1852 failed 23 0
1853 failed -24 0
1854 failed 30 0
1855 failed 33 0
1856 failed -42 0
1857 failed 46 0
1858 failed 48 0
1859 failed -49 0
1860 failed 50 0
1861 failed 56 0
1862 failed 61 0
1863 failed -62 0
1864 failed 63 0
1865 frozen 2 0
1866 frozen -7 0
1867 frozen 15 0
1868 frozen 22 0
1869 frozen -40 0
1870 frozen -46 0
1871 frozen -49 0
1872 frozen -50 0
1873 frozen 53 0
1874 add -50
1875 add -78
1876 add -67
1877 add 0
1878 add 64
1879 add 57
1880 add -62
1881 add 0
1882 add 51
1883 add 81
1884 add 63
1885 add 0
1886 add -69
1887 add 64
1888 add 53
1889 add 0
1890 add 65
1891 add -85
1892 add 74
1893 add 0
1894 redundant
1895 add -66
1896 add -45
1897 add -71
1898 add 0
1899 add 77
1900 add 57
1901 add -72
1902 add 0
1903 add -64
1904 add 72
1905 add 70
1906 add 0
1907 add -82
1908 add 54
1909 add 52
1910 add -51
1911 add 0
1912 add -69
1913 add -80
1914 add -53
1915 add -52
1916 add -68
1917 add 73
1918 add -60
1919 add -75
1920 add -77
1921 add -78
1922 add 85
1923 add -62
1924 add -45
1925 add -55
1926 add 57
1927 add 84
1928 add 0
1929 add 65
1930 add -60
1931 add 67
1932 add 0
1933 add -46
1934 add 70
1935 add 63
1936 add 0
1937 add 64
1938 add -52
1939 add -79
1940 add 0
1941 add 61
1942 add 49
1943 add -60
1944 add 0
1945 add 52
1946 add -53
1947 add -80
1948 add 61
1949 add 68
1950 add -60
1951 add 78
1952 add 74
1953 add -49
1954 add -83
1955 add -55
1956 add -73
1957 add 57
1958 add -62
1959 add -82
1960 add -65
1961 add -58
1962 add 71
1963 add -54
1964 add 0
1965 add -72
1966 add -58
1967 add -60
1968 add 0
1969 redundant
1970 add 53
1971 add 77
1972 add 78
1973 add 0
1974 add 71
1975 add -48
1976 add -67
1977 add 0
1978 add 66
1979 add -47
1980 add 46
1981 add 0
1982 add 80
1983 add -56
1984 add 76
1985 add 0
1986 add -65
1987 add 64
1988 add 57
1989 add 0
1990 add -81
1991 add 60
1992 add -75
1993 add 82
1994 add 0
1995 add 68
1996 add -75
1997 add 74
1998 add 0
1999 add -73
2000 add 56
2001 add -83
2002 add 0
2003 add 72
2004 add -80
2005 add 73
2006 add 81
2007 add 0
2008 add 54
2009 add 48
2010 add -69
2011 add 0
2012 add -60
2013 add -85
2014 add 75
2015 add 0
2016 add 48
2017 add 67
2018 add -49
2019 add 0
2020 add -75
2021 add -55
2022 add -82
2023 add 0
2024 add -58
2025 add 80
2026 add -48
2027 add 0
2028 add 60
2029 add -84
2030 add 73
2031 add 0
2032 add 78
2033 add -65
2034 add 49
2035 add 0
2036 add -84
2037 add -85
2038 add 58
2039 add 0
2040 add -60
2041 add -46
2042 add 83
2043 add 0
2044 add -79
2045 add -81
2046 add 69
2047 add -61
2048 add 0
2049 add -60
2050 add -57
2051 add 76
2052 add 0
2053 add -58
2054 add 77
2055 add 45
2056 add -54
2057 add 0
2058 add 72
2059 add -80
2060 add 55
2061 add 0
2062 add -69
2063 add -64
2064 add -85
2065 add -67
2066 add 0
2067 add -65
2068 add -56
2069 add -47
2070 add 0
2071 add -49
2072 add 54
2073 add -65
2074 add 0
2075 add 51
2076 add 66
2077 add -74
2078 add 0
2079 add 76
2080 add -67
2081 add 83
2082 add 0
2083 add 79
2084 add -45
2085 add -71
2086 add 0
2087 declare_vars 90
2088 add -76
2089 add -78
2090 add -68
2091 add 0
2092 add -75
2093 add 51
2094 add 47
2095 add 0
2096 add 56
2097 add -79
2098 add 85
2099 add -52
2100 add 57
2101 add -75
2102 add -54
2103 add -51
2104 add 58
2105 add -82
2106 add 62
2107 add 69
2108 add -55
2109 add 64
2110 add 84
2111 add 0
2112 add -79
2113 add 59
2114 add 84
2115 add 0
2116 implied
2117 add -59
2118 add 51
2119 add -71
2120 add 0
2121 add 74
2122 add 81
2123 add 61
2124 add 0
2125 add 76
2126 add 84
2127 add -62
2128 add 0
2129 add 50
2130 add 79
2131 add -47
2132 add 0
2133 add -53
2134 add -59
2135 add -52
2136 add 0
2137 add -81
2138 add 54
2139 add -57
2140 add -70
2141 add 0
2142 add -56
2143 add -62
2144 add -81
2145 add 0
2146 vars
2147 add -64
2148 add 57
2149 add 67
2150 add 0
2151 add -72
2152 add 77
2153 add 80
2154 add 0
2155 add 73
2156 add -48
2157 add 76
2158 add 0
2159 add -78
2160 add -71
2161 add -55
2162 add 0
2163 add -66
2164 add 49
2165 add 63
2166 add 0
2167 add -59
2168 add 51
2169 add -49
2170 add 0
2171 add 59
2172 add -70
2173 add -46
2174 add 0
2175 add 51
2176 add 50
2177 add -64
2178 add 0
2179 add 84
2180 add -69
2181 add -58
2182 add 0
2183 add 77
2184 add -56
2185 add 70
2186 add 0
2187 add -53
2188 add -54
2189 add -76
2190 add 0
2191 add 47
2192 add -56
2193 add 46
2194 add 0
2195 add -51
2196 add 60
2197 add -71
2198 add 0
2199 add 85
2200 add -74
2201 add -59
2202 add 0
2203 add -64
2204 add 63
2205 add 66
2206 add 0
2207 add -69
2208 add 68
2209 add -75
2210 add 0
2211 add -82
2212 add -77
2213 add -76
2214 add 0
2215 add -70
2216 add 56
2217 add -53
2218 add 0
2219 add -49
2220 add 56
2221 add -51
2222 add 0
2223 add 72
2224 add 49
2225 add 48
2226 add 0
2227 add 70
2228 add -63
2229 add 57
2230 add 0
2231 add -82
2232 add -52
2233 add -61
2234 add 0
2235 add 49
2236 add -67
2237 add -60
2238 add 0
2239 add 65
2240 add 69
2241 add 75
2242 add 0
2243 add -46
2244 add 58
2245 add -47
2246 add 0
2247 add 65
2248 add -67
2249 add 76
2250 add -45
2251 add 0
2252 add -62
2253 add 54
2254 add -46
2255 add 0
2256 add 61
2257 add -52
2258 add -85
2259 add 0
2260 add 50
2261 add -48
2262 add 47
2263 add 80
2264 add 0
2265 add -79
2266 add 57
2267 add -52
2268 add 0
2269 vars
2270 add -55
2271 add -69
2272 add -78
2273 add 0
2274 add -66
2275 add -75
2276 add -77
2277 add 0
2278 add 67
2279 add 54
2280 add -62
2281 add 0
2282 add 79
2283 add -67
2284 add 58
2285 add -56
2286 add 0
2287 add 81
2288 add -85
2289 add -68
2290 add 0
2291 add -50
2292 add 63
2293 add 59
2294 add 0
2295 redundant
2296 add 72
2297 add 57
2298 add -70
2299 add 0
2300 add 60
2301 add -75
2302 add 46
2303 add 0
2304 add -67
2305 add -47
2306 add -83
2307 add 0
2308 add -71
2309 add -66
2310 add -49
2311 add 63
2312 add -65
2313 add 0
2314 redundant
2315 add -46
2316 add -67
2317 add -64
2318 add 0
2319 add 50
2320 add 64
2321 add -82
2322 add 0
2323 add -57
2324 add 64
2325 add -51
2326 add 0
2327 add 55
2328 add 65
2329 add 71
2330 add 0
2331 add -50
2332 add 55
2333 add 51
2334 add 0
2335 add 71
2336 add -45
2337 add -60
2338 add 0
2339 resize 55
2340 add 68
2341 add -60
2342 add -79
2343 add 0
2344 add -58
2345 add 77
2346 add 52
2347 add 0
2348 add -71
2349 add -76
2350 add 62
2351 add 0
2352 add -78
2353 add 51
2354 add -64
2355 add -74
2356 add 0
2357 add -65
2358 add 74
2359 add 55
2360 add 0
2361 add 56
2362 add 64
2363 add 45
2364 add -71
2365 add 0
2366 add 67
2367 add -79
2368 add -58
2369 add 0
2370 add 80
2371 add -61
2372 add 55
2373 add 0
2374 add 51
2375 add -58
2376 add 62
2377 add 0
2378 add 52
2379 add -70
2380 add 47
2381 add 0
2382 add -76
2383 add -83
2384 add 45
2385 add 0
2386 add 68
2387 add -48
2388 add 84
2389 add 0
2390 add -63
2391 add 69
2392 add -77
2393 add 0
2394 add -47
2395 add 80
2396 add 0
2397 add -50
2398 add -47
2399 add -71
2400 add 0
2401 add 75
2402 add -73
2403 add 79
2404 add 0
2405 add -48
2406 add -49
2407 add -75
2408 add 0
2409 add -54
2410 add -56
2411 add 83
2412 add -74
2413 add 0
2414 add -51
2415 add -79
2416 add -56
2417 add 0
2418 resize 13
2419 add -78
2420 add -72
2421 add -63
2422 add 0
2423 resize 39
2424 add 46
2425 add 67
2426 add -78
2427 add 0
2428 add 67
2429 add 78
2430 add 77
2431 add 0
2432 irredundant
2433 add 58
2434 add 57
2435 add -72
2436 add 0
2437 active
2438 add 52
2439 add -71
2440 add 60
2441 add 0
2442 add 57
2443 add 66
2444 add -80
2445 add 0
2446 add -78
2447 add -82
2448 add 69
2449 add 0
2450 irredundant
2451 add 83
2452 add 81
2453 add -67
2454 add 0
2455 add -64
2456 add -50
2457 add -82
2458 add 0
2459 add -84
2460 add 63
2461 add 74
2462 add 0
2463 add -57
2464 add -80
2465 add -78
2466 add 0
2467 vars
2468 add -57
2469 add 82
2470 add -83
2471 add 0
2472 add 62
2473 add -78
2474 add 79
2475 add 0
2476 add 64
2477 add -52
2478 add 49
2479 add 0
2480 add -55
2481 add 46
2482 add 80
2483 add 0
2484 add -59
2485 add 61
2486 add 54
2487 add 0
2488 add -82
2489 add -75
2490 add -59
2491 add 0
2492 add -50
2493 add -68
2494 add -56
2495 add 0
2496 add -85
2497 add -83
2498 add -84
2499 add 0
2500 add -57
2501 add -58
2502 add -45
2503 add 0
2504 add 55
2505 add -60
2506 add 79
2507 add 0
2508 add 84
2509 add -83
2510 add -75
2511 add 0
2512 add 67
2513 add 49
2514 add -58
2515 add 0
2516 add 81
2517 add 54
2518 add 68
2519 add 0
2520 add -46
2521 add -62
2522 add 56
2523 add 0
2524 irredundant
2525 add -57
2526 add -85
2527 add -59
2528 add 0
2529 add 77
2530 add 70
2531 add -55
2532 add 0
2533 add -66
2534 add 54
2535 add -62
2536 add 65
2537 add -55
2538 add 85
2539 add 80
2540 add -51
2541 add 70
2542 add -81
2543 add 58
2544 add -74
2545 add 59
2546 add 72
2547 add -77
2548 add 75
2549 add 46
2550 add 49
2551 add -76
2552 add 0
2553 add 61
2554 add 65
2555 add -85
2556 add 0
2557 add 68
2558 add -72
2559 add -80
2560 add 0
2561 add -61
2562 add -66
2563 add -79
2564 add 0
2565 add 75
2566 add 82
2567 add 65
2568 add 0
2569 add -56
2570 add 84
2571 add -70
2572 add 74
2573 add 0
2574 add -64
2575 add -79
2576 add -45
2577 add 0
2578 active
2579 add -59
2580 add -80
2581 add 48
2582 add 52
2583 add 0
2584 add 80
2585 add -73
2586 add 85
2587 add 0
2588 add 62
2589 add 52
2590 add -60
2591 add 0
2592 add -71
2593 add 47
2594 add -78
2595 add 0
2596 add -52
2597 add 78
2598 add -49
2599 add 0
2600 add 52
2601 add 65
2602 add 64
2603 add 0
2604 implied
2605 add -52
2606 add -50
2607 add 65
2608 add 0
2609 add 66
2610 add -46
2611 add -68
2612 add 0
2613 add 73
2614 add 61
2615 add 77
2616 add 0
2617 add 74
2618 add 85
2619 add -53
2620 add 0
2621 add -50
2622 add -63
2623 add 51
2624 add 0
2625 add -75
2626 add 51
2627 add -65
2628 add 0
2629 add 52
2630 add 51
2631 add 83
2632 add 0
2633 add 79
2634 add -72
2635 add -66
2636 add 0
2637 add -65
2638 add -45
2639 add -84
2640 add 0
2641 add -73
2642 add 78
2643 add -45
2644 add 0
2645 assume 4
2646 assume -45
2647 assume -10
2648 assume 68
2649 assume -86
2650 assume -81
2651 assume 47
2652 assume -31
2653 assume 41
2654 assume 78
2655 assume 80
2656 assume -7
2657 assume -11
2658 assume 28
2659 assume 64
2660 assume -72
2661 assume -36
2662 assume 65
2663 assume 48
2664 assume 43
2665 assume -9
2666 assume 61
2667 assume 84
2668 assume 27
2669 assume 6
2670 assume 39
2671 assume -5
2672 assume -52
2673 assume 13
2674 assume 50
2675 assume -76
2676 assume -25
2677 assume 87
2678 assume -21
2679 assume 63
2680 assume 73
2681 assume -60
2682 assume 49
2683 assume 40
2684 assume 44
2685 assume 32
2686 assume 54
2687 assume -35
2688 assume 67
2689 assume 83
2690 assume 85
2691 assume -75
2692 assume -38
2693 assume 26
2694 assume -59
2695 assume 82
2696 assume -16
2697 assume 29
2698 assume 70
2699 assume 33
2700 assume -30
2701 assume 79
2702 assume -51
2703 assume 23
2704 assume 74
2705 assume 3
2706 assume -37
2707 assume 71
2708 assume -15
2709 assume -62
2710 assume -14
2711 assume -8
2712 assume 24
2713 assume 58
2714 assume 2
2715 assume -42
2716 assume 19
2717 assume -55
2718 assume 1
2719 assume 66
2720 assume 69
2721 assume -34
2722 assume 77
2723 assume 20
2724 assume 53
2725 melt 2
2726 melt -4
2727 melt 5
2728 melt 6
2729 melt -7
2730 melt 8
2731 melt -9
2732 melt 10
2733 melt 11
2734 melt 12
2735 melt 13
2736 melt -15
2737 melt 16
2738 melt -17
2739 melt -18
2740 melt -19
2741 melt -21
2742 melt -22
2743 melt 27
2744 melt 30
2745 melt -31
2746 melt 34
2747 melt 35
2748 melt -37
2749 melt 38
2750 melt -39
2751 melt -41
2752 melt 42
2753 melt -43
2754 melt -44
2755 melt -45
2756 melt -46
2757 melt 47
2758 melt 48
2759 melt -49
2760 melt 50
2761 melt -52
2762 melt 53
2763 melt -54
2764 melt 55
2765 melt -56
2766 melt 57
2767 melt 58
2768 melt -59
2769 melt 60
2770 melt 61
2771 melt -62
2772 melt 63
2773 limit preprocessing 2
2774 phase -11
2775 phase 41
2776 phase 45
2777 unphase -52
2778 phase -85
# V---------------------------------------------------------------------- terminate: termination requested
2779 solve 0
2780 val -5 0
2781 val 31 1
2782 val -40 0
2783 val -44 0
2784 val 72 1
2785 val -80 1
2786 val -103 1
2787 failed -1 0
2788 failed 2 0
2789 failed -4 0
2790 failed -5 0
2791 failed -7 0
2792 failed 8 0
2793 failed -11 0
2794 failed -12 0
2795 failed 13 0
2796 failed 15 0
2797 failed -16 0
2798 failed -17 0
2799 failed -18 0
2800 failed 20 0
2801 failed -21 0
2802 failed -22 0
2803 failed -23 0
2804 failed 26 0
2805 failed 27 0
2806 failed 28 0
2807 failed 29 0
2808 failed 30 0
2809 failed 32 0
2810 failed 33 0
2811 failed -34 0
2812 failed 35 0
2813 failed 36 0
2814 failed 37 0
2815 failed -38 0
2816 failed 39 0
2817 failed -40 0
2818 failed 41 0
2819 failed -43 0
2820 failed 45 0
2821 failed -46 0
2822 failed 48 0
2823 failed 49 0
2824 failed 50 0
2825 failed -51 0
2826 failed -52 0
2827 failed 53 0
2828 failed 54 0
2829 failed -55 0
2830 failed 56 0
2831 failed 57 0
2832 failed 58 0
2833 failed -59 0
2834 failed 60 0
2835 failed 61 0
2836 failed 62 0
2837 failed -63 0
2838 failed -64 0
2839 failed -65 0
2840 failed 66 0
2841 failed -67 0
2842 failed -68 0
2843 failed -69 0
2844 failed 71 0
2845 failed 72 0
2846 failed -73 0
2847 failed 75 0
2848 failed 76 0
2849 failed -77 0
2850 failed -78 0
2851 failed -80 0
2852 failed -82 0
2853 failed 83 0
2854 failed 84 0
2855 failed -85 0
2856 frozen -1 0
2857 frozen -2 0
2858 frozen 3 0
2859 frozen 4 0
2860 frozen 5 0
2861 frozen -6 0
2862 frozen 8 0
2863 frozen 9 0
2864 frozen 10 0
2865 frozen 11 0
2866 frozen -12 0
2867 frozen -13 0
2868 frozen -14 0
2869 frozen 15 0
2870 frozen 16 0
2871 frozen -17 0
2872 frozen 18 0
2873 frozen 19 0
2874 frozen -20 0
2875 frozen -21 0
2876 frozen -22 0
2877 frozen 25 0
2878 frozen -26 0
2879 frozen 27 0
2880 frozen 28 0
2881 frozen 29 0
2882 frozen -30 0
2883 frozen 31 0
2884 frozen -34 0
2885 frozen -35 0
2886 frozen -36 0
2887 frozen -38 0
2888 frozen -39 0
2889 frozen -40 0
2890 frozen -41 0
2891 frozen -42 0
2892 frozen 43 0
2893 frozen 44 0
2894 frozen 45 0
2895 frozen -46 0
2896 frozen -47 0
2897 frozen -48 0
2898 frozen -49 0
2899 frozen 51 0
2900 frozen -52 0
2901 frozen -55 0
2902 frozen -56 0
2903 frozen -57 0
2904 frozen 59 0
2905 frozen 61 0
2906 frozen 62 0
2907 frozen 65 0
2908 frozen 66 0
2909 frozen 67 0
2910 frozen 68 0
2911 frozen 69 0
2912 frozen -70 0
2913 frozen -71 0
2914 frozen 72 0
2915 frozen -73 0
2916 frozen 74 0
2917 frozen 75 0
2918 frozen 76 0
2919 frozen 77 0
2920 frozen 78 0
2921 frozen 79 0
2922 frozen 80 0
2923 frozen 82 0
2924 frozen -83 0
2925 frozen -84 0
2926 reset
# ---------------------------------------------------
# CaDiCal was tried to be terminated here:
# 0   mobical                             0x00000001093a6f9a _ZN7CaDiCaL5Trace34account_terminate_delay_allocationEv + 170
# 1   mobical                             0x000000010931cc8c _Znwm + 44
# 2   mobical                             0x0000000109419d93 _ZN7CaDiCaL7Closure34extract_xor_gates_with_base_clauseEPNS_6ClauseE + 995
# 3   mobical                             0x000000010941a344 _ZN7CaDiCaL7Closure17extract_xor_gatesEv + 212
# 4   mobical                             0x000000010942dbf3 _ZN7CaDiCaL7Closure13extract_gatesEv + 259
# 5   mobical                             0x000000010942df08 _ZN7CaDiCaL8Internal13extract_gatesEb + 600
# 6   mobical                             0x00000001094d34de _ZN7CaDiCaL8Internal7inprobeEb + 174
# 7   mobical                             0x000000010947ba84 _ZN7CaDiCaL8Internal16preprocess_roundEiRb + 276
# 8   mobical                             0x000000010947c65e _ZN7CaDiCaL8Internal5solveEb + 958
# 9   mobical                             0x00000001094582cb _ZN7CaDiCaL8External5solveEb + 75
# 10  mobical                             0x00000001094ee27f _ZN7CaDiCaL6Solver37call_external_solve_and_check_resultsEb + 111
# 11  mobical                             0x00000001094ee4ca _ZN7CaDiCaL6Solver5solveEv + 298
# 12  mobical                             0x00000001093c00d1 _ZN7CaDiCaL9SolveCall7executeERPNS_6SolverERPNS_9ExtendMapE + 17
# 13  mobical                             0x00000001093a8356 _ZN7CaDiCaL5Trace7executeEv + 502
# 14  mobical                             0x00000001093a7f88 _ZN7CaDiCaL5Trace16fork_and_executeEv + 520
# 15  mobical                             0x00000001093b6efd _ZN7CaDiCaL7Mobical4mainEiPPc + 13341
# 16  dyld                                0x00007ff81c30f530 start + 3056
#
