# seed: 3571259831641152292
# status: solver was destructed, but memory leaked (4 / SIGUSR2)
0 leak_alloc
1 terminate_delay 4486 849
2 init
3 set walk 0
4 set arenacompact 0
5 set binary 1
6 set blockmaxclslim 4
7 set bump 1
8 set bumpreasonlimit 1
9 set checkfailed 1
10 set conditionmaxrat 2
11 set congruenceand 1
12 set congruencexor 0
13 set cover 1
14 set covereffort 24
15 set covermaxclslim 1
16 set coverminclslim 3
17 set deduplicate 1
18 set elimdefcores 2
19 set elimequivs 1
20 set elimites 0
21 set emadecisions 3
22 set emajump 2
23 set emalevel 3
24 set factor 1
25 set factorbumpheap 1
26 set factordelay 2
27 set factorthresh 2
28 set factorxorrand 1
29 set fastelim 0
30 set fastelimfactor 0
31 set idrup 0
32 set ilb 1
33 set inprobing 0
34 set lidrup 1
35 set lucky 0
36 set luckyearly 0
37 set minimizedepth 0
38 set preprocessinit 0
39 set probeeffort 2
40 set profile 1
41 set quiet 0
42 set randec 1
43 set randecinit 3
44 set randecint 0
45 set randeclength 2
46 set randecstable 1
47 set recomputetier 0
48 set rephaseint 1037029065
49 set restartreusetrail 0
50 set scorefactor 501
51 set seed 4
52 set shufflerandom 0
53 set shufflescores 1
54 set stabilizeinit 9
55 set subsumeeffort 3
56 set subsumemaxeff 1
57 set subsumeocclim 2
58 set sweep 1
59 set sweepcountbinary 1
60 set sweepeffort 1
61 set sweepmaxvars 6
62 set sweeprand 0
63 set sweepvars 1
64 set ternary 1
65 set ternaryeffort 4
66 set transred 0
67 set transredeffort 8
68 set vivifyflush 0
69 set vivifyirredeff 2
70 set vivifyonce 0
71 set vivifythresh 1
72 set vivifytier1eff 0
73 set vivifytier2 1
74 set vivifytier2eff 5
75 set walkmaxeff 0
76 set walkmineff 0
77 set arena 1
78 add -25
79 add 39
80 add 22
81 add 0
82 active
83 add 45
84 add 35
85 add -18
86 add 27
87 add 0
88 add 45
89 add -32
90 add 40
91 add 0
92 add -10
93 add 17
94 add 27
95 add 0
96 add -35
97 add 38
98 add -22
99 add 0
100 add -19
101 add -28
102 add 38
103 add 0
104 add -10
105 add -7
106 add -37
107 add 0
108 add -23
109 add -42
110 add -41
111 add 0
112 add 25
113 add 7
114 add -11
115 add 14
116 add 0
117 add -1
118 add -26
119 add 6
120 add 0
121 add -10
122 add -43
123 add 1
124 add 0
125 add -13
126 add -38
127 add -12
128 add 0
129 vars
130 add -12
131 add 16
132 add 29
133 add -10
134 add 0
135 add 20
136 add 42
137 add -37
138 add 0
139 add 41
140 add 33
141 add 7
142 add 0
143 add 28
144 add -9
145 add -1
146 add 0
147 active
148 add -43
149 add -29
150 add 4
151 add 0
152 add -7
153 add 45
154 add -34
155 add 0
156 add 13
157 add -43
158 add -32
159 add 0
160 add -12
161 add 23
162 add 31
163 add 0
164 add -33
165 add -11
166 add 25
167 add 0
168 add 27
169 add 2
170 add 21
171 add 0
172 add 29
173 add 18
174 add 5
175 add 0
176 add 13
177 add -33
178 add -35
179 add 0
180 add 19
181 add 35
182 add 6
183 add 0
184 add 8
185 add -20
186 add 43
187 add 0
188 implied
189 add -24
190 add 41
191 add -33
192 add 0
193 add -44
194 add -41
195 add -6
196 add 0
197 add 17
198 add 14
199 add -3
200 add 0
201 add 29
202 add 24
203 add -27
204 add 0
205 add 12
206 add 37
207 add -22
208 add 0
209 redundant
210 implied
211 add -42
212 add 43
213 add -13
214 add -2
215 add 0
216 add -31
217 add -42
218 add 30
219 add 0
220 vars
221 add -10
222 add 41
223 add -5
224 add 0
225 vars
226 add 33
227 add 8
228 add 39
229 add 0
230 declare_vars 11
231 add 28
232 add 0
233 add 42
234 add 16
235 add -34
236 add 0
237 add 1
238 add -18
239 add 16
240 add 0
241 add -6
242 add 2
243 add 24
244 add 0
245 add 34
246 add -44
247 add 5
248 add 0
249 add 37
250 add 25
251 add 34
252 add 42
253 add 35
254 add -27
255 add 20
256 add -4
257 add -45
258 add 38
259 add -44
260 add 30
261 add -26
262 add -11
263 add 5
264 add -3
265 add 0
266 add -37
267 add -24
268 add 10
269 add 0
270 add 24
271 add -40
272 add -22
273 add 0
274 add -41
275 add 11
276 add -28
277 add -44
278 add 0
279 add 41
280 add 30
281 add 14
282 add 0
283 add -40
284 add -6
285 add -43
286 add 0
287 add 18
288 add 24
289 add -33
290 add 0
291 add -10
292 add -34
293 add 5
294 add 0
295 add 25
296 add 7
297 add -18
298 add 0
299 add 2
300 add -6
301 add -24
302 add 0
303 add -7
304 add 4
305 add 33
306 add 0
307 add -19
308 add 6
309 add 17
310 add 0
311 add 30
312 add 43
313 add -11
314 add 0
315 add -9
316 add -6
317 add 20
318 add 22
319 add -10
320 add 2
321 add -18
322 add 0
323 add 39
324 add -1
325 add -42
326 add 0
327 add -30
328 add -24
329 add 37
330 add 0
331 add -17
332 add -35
333 add 38
334 add 0
335 add 14
336 add 41
337 add 20
338 add 0
339 add 31
340 add 23
341 add 22
342 add 0
343 add 44
344 add -35
345 add -10
346 add 0
347 add 1
348 add -43
349 add -31
350 add 0
351 add 11
352 add -27
353 add -16
354 add 0
355 add -4
356 add 15
357 add -14
358 add 0
359 propagate 0
360 add -22
361 add 23
362 add -15
363 add 0
364 add -28
365 add -38
366 add -23
367 add 0
368 add 18
369 add -23
370 add -17
371 add 0
372 add 10
373 add 41
374 add -37
375 add 0
376 add -42
377 add 20
378 add 13
379 add 0
380 add 15
381 add -17
382 add 36
383 add 0
384 add -15
385 add -44
386 add 22
387 add 0
388 add -35
389 add -12
390 add 34
391 add 0
392 add -1
393 add 18
394 add -36
395 add 0
396 add -36
397 add -40
398 add -16
399 add 34
400 add -24
401 add -3
402 add 17
403 add -6
404 add 0
405 active
406 redundant
407 add 5
408 add 28
409 add 17
410 add 0
411 add -5
412 add 29
413 add 13
414 add 0
415 add -11
416 add -17
417 add -8
418 add 0
419 irredundant
420 add 29
421 add -1
422 add -7
423 add 0
424 add 33
425 add -21
426 add -23
427 add 0
428 add 6
429 add -21
430 add 19
431 add 42
432 add -12
433 add 15
434 add -5
435 add -23
436 add -1
437 add 43
438 add 3
439 add -38
440 add -11
441 add 18
442 add 0
443 add -38
444 add 34
445 add 7
446 add 0
447 add -43
448 add 34
449 add -41
450 add 0
451 add 22
452 add -17
453 add 4
454 add 0
455 add 44
456 add 41
457 add -15
458 add 0
459 add 36
460 add 15
461 add -16
462 add 0
463 add 10
464 add -39
465 add -43
466 add 0
467 add 44
468 add -41
469 add -42
470 add 0
471 add 33
472 add 25
473 add -4
474 add 0
475 add -42
476 add -40
477 add -3
478 add 0
479 add 27
480 add 18
481 add -42
482 add 0
483 add -8
484 add 9
485 add -42
486 add 0
487 add 28
488 add -14
489 add -1
490 add 0
491 add 36
492 add 32
493 add 33
494 add 0
495 add 7
496 add 23
497 add 19
498 add 0
499 add 10
500 add -6
501 add -38
502 add 0
503 add -11
504 add 7
505 add 33
506 add 0
507 add 30
508 add -5
509 add 17
510 add 0
511 add -21
512 add -8
513 add 44
514 add 0
515 vars
516 add -36
517 add -15
518 add 42
519 add 0
520 add -15
521 add 16
522 add 8
523 add 0
524 irredundant
525 add -21
526 add 35
527 add -42
528 add 0
529 active
530 add -38
531 add -7
532 add 29
533 add 0
534 add -12
535 add -29
536 add -13
537 add 0
538 add 24
539 add 27
540 add 13
541 add 0
542 add -27
543 add -10
544 add -6
545 add 0
546 add 9
547 add -23
548 add -44
549 add 0
550 redundant
551 add -20
552 add -18
553 add 39
554 add 0
555 add -16
556 add -31
557 add 26
558 add 0
559 propagate 0
560 add 45
561 add 8
562 add -22
563 add 0
564 add -15
565 add 2
566 add -24
567 add 0
568 active
569 irredundant
570 add 4
571 add 5
572 add 32
573 add 0
574 add -9
575 add 38
576 add -13
577 add 0
578 implied
579 add -23
580 add -4
581 add -38
582 add -2
583 add 10
584 add 6
585 add 0
586 vars
587 add 39
588 add -8
589 add -33
590 add 0
591 add 20
592 add 32
593 add -24
594 add -8
595 add 0
596 add -6
597 add 28
598 add 7
599 add -20
600 add 0
601 redundant
602 add 19
603 add -31
604 add -36
605 add 0
606 add -38
607 add 36
608 add 27
609 add 0
610 add 5
611 add -26
612 add -1
613 add 0
614 resize 21
615 add 2
616 add 43
617 add -11
618 add 0
619 add -45
620 add 27
621 add 32
622 add 0
623 add 42
624 add 45
625 add -2
626 add 0
627 add 36
628 add -26
629 add 39
630 add 0
631 add -12
632 add -13
633 add -24
634 add 0
635 add -43
636 add 42
637 add 23
638 add 0
639 vars
640 add 26
641 add -44
642 add -36
643 add 0
644 propagate 0
645 add 30
646 add -6
647 add 9
648 add 0
649 add 21
650 add 14
651 add -42
652 add 0
653 add -25
654 add 24
655 add -31
656 add 0
657 add 27
658 add -4
659 add -31
660 add -8
661 add 0
662 add -32
663 add 12
664 add 25
665 add 6
666 add 0
667 add 34
668 add 40
669 add 24
670 add 0
671 add -20
672 add -2
673 add -28
674 add 0
675 declare_var
676 add -10
677 add 5
678 add 40
679 add 0
680 add 35
681 add 33
682 add 0
683 add 3
684 add 45
685 add -37
686 add 0
687 vars
688 add -8
689 add -12
690 add 9
691 add 0
692 add -12
693 add -18
694 add -22
695 add 0
696 add 13
697 add 24
698 add 2
699 add 8
700 add 0
701 add 5
702 add -3
703 add -44
704 add 0
705 add -40
706 add -10
707 add 45
708 add 0
709 add -36
710 add -13
711 add -20
712 add 0
713 add -11
714 add -18
715 add -19
716 add 0
717 add -23
718 add 12
719 add -41
720 add 0
721 add 4
722 add -15
723 add 8
724 add 17
725 add 0
726 add 30
727 add -40
728 add 39
729 add 0
730 add 4
731 add 12
732 add 21
733 add 0
734 add -40
735 add -2
736 add -18
737 add 0
738 add 24
739 add -20
740 add -1
741 add 8
742 add -31
743 add -43
744 add 13
745 add -38
746 add -32
747 add 25
748 add -40
749 add -42
750 add 44
751 add 21
752 add -23
753 add 0
754 add 6
755 add 7
756 add 39
757 add 0
758 add 35
759 add -1
760 add 7
761 add 0
762 add -32
763 add 40
764 add 20
765 add 0
766 active
767 add 32
768 add -6
769 add 15
770 add 0
771 add -16
772 add 41
773 add -3
774 add 0
775 add 34
776 add -22
777 add -39
778 add 0
779 add -23
780 add 3
781 add 6
782 add 0
783 add -15
784 add -3
785 add -34
786 add 0
787 add 9
788 add 43
789 add -24
790 add 0
791 add 12
792 add 35
793 add -14
794 add 0
795 add 11
796 add -44
797 add 32
798 add 0
799 irredundant
800 add -29
801 add 34
802 add 44
803 add 0
804 add 12
805 add -4
806 add -43
807 add 0
808 add 6
809 add 42
810 add 18
811 add 0
812 add 45
813 add 27
814 add 0
815 propagate 0
816 add -5
817 add 35
818 add 28
819 add 0
820 add 20
821 add 36
822 add -23
823 add -14
824 add 13
825 add -40
826 add -5
827 add -7
828 add 34
829 add 43
830 add -22
831 add 39
832 add 33
833 add 25
834 add 30
835 add 2
836 add -26
837 add 19
838 add -29
839 add 0
840 vars
841 add -21
842 add 23
843 add 25
844 add 0
845 add 1
846 add 43
847 add -4
848 add 0
849 add -24
850 add 33
851 add -25
852 add 0
853 irredundant
854 add 28
855 add -2
856 add -11
857 add 0
858 add 7
859 add 6
860 add 31
861 add 0
862 add 35
863 add 30
864 add 28
865 add 0
866 add 3
867 add 31
868 add -22
869 add -4
870 add 0
871 add 36
872 add -34
873 add -27
874 add 11
875 add 0
876 add 31
877 add 18
878 add -37
879 add 0
880 irredundant
881 add -29
882 add 15
883 add 33
884 add 0
885 add 4
886 add -27
887 add -15
888 add 0
889 add -3
890 add 26
891 add 9
892 add 0
893 add -36
894 add 25
895 add 18
896 add 0
897 add 19
898 add -12
899 add -2
900 add 0
901 add -30
902 add -3
903 add 32
904 add 0
905 add -32
906 add 45
907 add -29
908 add -9
909 add -31
910 add -39
911 add -6
912 add 23
913 add 44
914 add 4
915 add 13
916 add 7
917 add -34
918 add -26
919 add 37
920 add 14
921 add 41
922 add 0
923 add 7
924 add -43
925 add -16
926 add 41
927 add 26
928 add -45
929 add -31
930 add 37
931 add -1
932 add 0
933 add -11
934 add 6
935 add 26
936 add 0
937 add -1
938 add -28
939 add 0
940 add 9
941 add -11
942 add 27
943 add 0
944 propagate 0
945 add -28
946 add -7
947 add 31
948 add 0
949 add -38
950 add -11
951 add -13
952 add 0
953 assume -13
954 assume -14
955 assume 46
956 assume 2
957 assume 19
958 assume 18
959 assume -27
960 assume -6
961 assume -16
962 assume -3
963 assume -11
964 assume -30
965 assume -44
966 assume -12
967 assume 43
968 assume 24
969 assume 41
970 assume 29
971 assume -40
972 assume -36
973 assume 22
974 assume 42
975 assume -25
976 assume 23
977 assume -8
978 assume -15
979 assume -10
980 assume 37
981 assume -17
982 assume 28
983 freeze 1
984 freeze -2
985 freeze -3
986 freeze -4
987 freeze 5
988 freeze 6
989 freeze 7
990 freeze -8
991 freeze -9
992 freeze -10
993 freeze 11
994 freeze 13
995 freeze -14
996 freeze 15
997 freeze 17
998 freeze -18
999 freeze 20
1000 freeze -21
1001 freeze -22
1002 freeze 23
1003 freeze 24
1004 freeze 26
1005 freeze -27
1006 freeze 29
1007 freeze 30
1008 freeze 32
1009 freeze 33
1010 freeze 34
1011 freeze 35
1012 freeze -36
1013 freeze 37
1014 freeze 38
1015 freeze -40
1016 freeze -41
1017 freeze -42
1018 freeze -44
1019 freeze 45
1020 phase -1
1021 phase 2
1022 phase -3
1023 phase 4
1024 phase 5
1025 phase -6
1026 phase -7
1027 phase -8
1028 unphase 9
1029 phase 10
1030 unphase 11
1031 phase 12
1032 phase 13
1033 phase -14
1034 phase -15
1035 phase -16
1036 phase -17
1037 phase 18
1038 phase 19
1039 phase -20
1040 phase 21
1041 phase -22
1042 phase 23
1043 unphase 24
1044 phase 25
1045 phase 26
1046 phase 27
1047 phase -28
1048 phase 29
1049 phase -30
1050 phase 31
1051 phase -32
1052 phase 33
1053 phase 34
1054 phase -35
1055 phase 36
1056 phase -37
1057 phase -38
1058 phase 39
1059 phase 40
1060 phase 41
1061 phase -42
1062 phase 43
1063 phase -44
1064 phase -45
1065 solve 0
1066 val -1 1
1067 val 2 1
1068 val -3 0
1069 val 4 0
1070 val 6 1
1071 val -7 1
1072 val 8 1
1073 val 9 0
1074 val 10 0
1075 val -11 0
1076 val 12 0
1077 val 13 1
1078 val -14 1
1079 val 15 1
1080 val -16 0
1081 val 18 1
1082 val 19 0
1083 val -20 0
1084 val -22 0
1085 val 23 0
1086 val 24 1
1087 val -25 0
1088 val -30 1
1089 val -31 1
1090 val 32 1
1091 val -33 0
1092 val -34 0
1093 val 35 0
1094 val -36 1
1095 val 37 1
1096 val 38 0
1097 val -39 0
1098 val -41 1
1099 val 42 1
1100 val 43 1
1101 val 44 1
1102 val -45 0
1103 flip 1 0
1104 flippable 2 0
1105 flippable -3 0
1106 flip -4 0
1107 flip 7 0
1108 flip 8 0
1109 flip -9 0
1110 flip 11 0
1111 flip 12 0
1112 flip 13 0
1113 flip 14 0
1114 flippable 16 0
1115 flip 17 0
1116 flip -19 0
1117 flippable -20 0
1118 flippable 21 0
1119 flippable 22 0
1120 flip 23 0
1121 flip 24 0
1122 flip -25 0
1123 flippable 26 0
1124 flip -27 0
1125 flippable -29 0
1126 flippable 30 0
1127 flippable 31 0
1128 flippable 32 0
1129 flippable -33 0
1130 flip -34 0
1131 flippable -35 0
1132 flip -36 0
1133 flip -37 0
1134 flip -39 0
1135 flippable 40 0
1136 flip 41 0
1137 flippable 42 0
1138 flip -43 0
1139 flip -45 0
1140 conclude
1141 frozen -1 0
1142 frozen 2 0
1143 frozen -3 0
1144 frozen -4 0
1145 frozen -5 0
1146 frozen -7 0
1147 frozen -10 0
1148 frozen -11 0
1149 frozen -12 0
1150 frozen 13 0
1151 frozen 14 0
1152 frozen 15 0
1153 frozen -17 0
1154 frozen -18 0
1155 frozen -24 0
1156 frozen 28 0
1157 frozen 30 0
1158 frozen -31 0
1159 frozen -32 0
1160 frozen 33 0
1161 frozen 37 0
1162 frozen -41 0
1163 frozen 43 0
1164 frozen -44 0
1165 frozen 45 0
1166 add -49
1167 add -79
1168 add 56
1169 add 0
1170 add 56
1171 add 74
1172 add -77
1173 add 0
1174 add 76
1175 add 71
1176 add 53
1177 add 0
1178 add 47
1179 add -55
1180 add -72
1181 add 0
1182 add -48
1183 add -55
1184 add -80
1185 add -59
1186 add 0
1187 add -51
1188 add -75
1189 add 70
1190 add 0
1191 add -61
1192 add 73
1193 add -56
1194 add 0
1195 add -64
1196 add 71
1197 add 79
1198 add 0
1199 add 67
1200 add 69
1201 add -59
1202 add 0
1203 add -63
1204 add 80
1205 add 68
1206 add 0
1207 vars
1208 add 76
1209 add 59
1210 add -54
1211 add 0
1212 add -46
1213 add -47
1214 add 50
1215 add 0
1216 add 57
1217 add 61
1218 add 46
1219 add 0
1220 add 50
1221 add -78
1222 add -47
1223 add 0
1224 add 78
1225 add 54
1226 add -55
1227 add 0
1228 irredundant
1229 add 62
1230 add 65
1231 add 79
1232 add 0
1233 add -69
1234 add -57
1235 add 70
1236 add 0
1237 add -77
1238 add -54
1239 add 71
1240 add 0
1241 add 57
1242 add -62
1243 add -63
1244 add 0
1245 add -76
1246 add -65
1247 add -47
1248 add 0
1249 add 48
1250 add 53
1251 add -61
1252 add 0
1253 add 60
1254 add -54
1255 add 77
1256 add 0
1257 add 49
1258 add -63
1259 add 56
1260 add 0
1261 add 57
1262 add 58
1263 add -72
1264 add 0
1265 add 51
1266 add -80
1267 add 67
1268 add 0
1269 add -71
1270 add 50
1271 add -46
1272 add 0
1273 redundant
1274 add 78
1275 add 48
1276 add -60
1277 add 0
1278 add 47
1279 add 60
1280 add -78
1281 add 0
1282 redundant
1283 add -64
1284 add -57
1285 add 75
1286 add 0
1287 vars
1288 add -73
1289 add -56
1290 add 50
1291 add 0
1292 add -67
1293 add 63
1294 add -71
1295 add 0
1296 add 80
1297 add -48
1298 add 61
1299 add 0
1300 vars
1301 add -53
1302 add 77
1303 add -60
1304 add 0
1305 add -54
1306 add 70
1307 add 50
1308 add 0
1309 add -72
1310 add -63
1311 add -59
1312 add 0
1313 add 49
1314 add -78
1315 add -54
1316 add 0
1317 add -59
1318 add -52
1319 add -48
1320 add 0
1321 add -61
1322 add 52
1323 add 66
1324 add 0
1325 add 53
1326 add -62
1327 add -49
1328 add 0
1329 add -77
1330 add -79
1331 add -76
1332 add -49
1333 add 0
1334 add -56
1335 add 74
1336 add -77
1337 add 0
1338 add 64
1339 add 68
1340 add -56
1341 add 0
1342 add 58
1343 add -50
1344 add 66
1345 add 0
1346 add -69
1347 add -58
1348 add -80
1349 add 0
1350 add 52
1351 add 62
1352 add -69
1353 add 0
1354 redundant
1355 add -59
1356 add -68
1357 add 46
1358 add 0
1359 add -56
1360 add 62
1361 add 60
1362 add 0
1363 add 51
1364 add 69
1365 add 79
1366 add 0
1367 add 58
1368 add 69
1369 add -64
1370 add 0
1371 add -46
1372 add 62
1373 add 48
1374 add 0
1375 add 46
1376 add 70
1377 add -73
1378 add 0
1379 add -66
1380 add -46
1381 add -69
1382 add 0
1383 add -64
1384 add 71
1385 add -65
1386 add 0
1387 add 80
1388 add -59
1389 add -74
1390 add 0
1391 add 65
1392 add -60
1393 add 66
1394 add 0
1395 add 71
1396 add 53
1397 add 75
1398 add 0
1399 add 71
1400 add -59
1401 add 61
1402 add 0
1403 add -73
1404 add 63
1405 add -65
1406 add 0
1407 resize 72
1408 add -75
1409 add -65
1410 add -73
1411 add 0
1412 add 55
1413 add -65
1414 add -64
1415 add 0
1416 add -47
1417 add 75
1418 add 46
1419 add 0
1420 active
1421 add -55
1422 add -57
1423 add -64
1424 add 0
1425 add -53
1426 add 77
1427 add 60
1428 add 0
1429 add 62
1430 add 79
1431 add 74
1432 add 0
1433 redundant
1434 add 62
1435 add 49
1436 add -57
1437 add 0
1438 add -51
1439 add -76
1440 add 75
1441 add 0
1442 add -61
1443 add -58
1444 add 64
1445 add 0
1446 add 64
1447 add 71
1448 add 66
1449 add 0
1450 add 55
1451 add 63
1452 add -73
1453 add 0
1454 add -69
1455 add 60
1456 add 76
1457 add 0
1458 add -49
1459 add -72
1460 add 68
1461 add 0
1462 add -62
1463 add 65
1464 add 46
1465 add 0
1466 vars
1467 add 73
1468 add 76
1469 add -58
1470 add 0
1471 add 66
1472 add 49
1473 add -51
1474 add -63
1475 add -65
1476 add 79
1477 add -46
1478 add 74
1479 add -56
1480 add 53
1481 add 0
1482 add -72
1483 add 68
1484 add -63
1485 add 0
1486 add 56
1487 add 61
1488 add 60
1489 add 0
1490 add -65
1491 add -73
1492 add -51
1493 add 0
1494 add 56
1495 add -59
1496 add 72
1497 add 0
1498 add -62
1499 add -66
1500 add -80
1501 add 0
1502 propagate 0
1503 add 71
1504 add -72
1505 add 67
1506 add 0
1507 add 51
1508 add -54
1509 add -79
1510 add 0
1511 add 51
1512 add -69
1513 add -55
1514 add 0
1515 add 52
1516 add -64
1517 add -48
1518 add 0
1519 vars
1520 add -76
1521 add 66
1522 add -56
1523 add 0
1524 add 66
1525 add 60
1526 add -77
1527 add 0
1528 add -76
1529 add 48
1530 add 63
1531 add 0
1532 add -50
1533 add -68
1534 add 63
1535 add 65
1536 add 53
1537 add 49
1538 add 57
1539 add 51
1540 add 59
1541 add 79
1542 add 58
1543 add -61
1544 add 0
1545 add 59
1546 add -57
1547 add 65
1548 add 0
1549 add -69
1550 add -66
1551 add -71
1552 add 0
1553 add -57
1554 add -66
1555 add 52
1556 add 0
1557 add -63
1558 add 47
1559 add 69
1560 add 0
1561 add -71
1562 add 80
1563 add -78
1564 add 0
1565 add -53
1566 add 77
1567 add -76
1568 add 0
1569 irredundant
1570 propagate 0
1571 add 66
1572 add -68
1573 add 67
1574 add 0
1575 add -67
1576 add -51
1577 add -57
1578 add 0
1579 add -64
1580 add -52
1581 add 75
1582 add 0
1583 add 68
1584 add -65
1585 add 56
1586 add 0
1587 add -50
1588 add -60
1589 add 61
1590 add 64
1591 add 0
1592 add -75
1593 add -65
1594 add -49
1595 add -71
1596 add 0
1597 add -63
1598 add 72
1599 add -76
1600 add -55
1601 add 73
1602 add 77
1603 add 66
1604 add -48
1605 add 60
1606 add -49
1607 add -53
1608 add -58
1609 add 78
1610 add -62
1611 add -47
1612 add 51
1613 add -75
1614 add 0
1615 add 47
1616 add 59
1617 add -49
1618 add 0
1619 add 74
1620 add 67
1621 add 79
1622 add 0
1623 irredundant
1624 add 75
1625 add 77
1626 add -71
1627 add 0
1628 add 49
1629 add 72
1630 add -66
1631 add 0
1632 declare_var
1633 add 70
1634 add 52
1635 add 54
1636 add 0
1637 add -68
1638 add 69
1639 add 48
1640 add 0
1641 add 65
1642 add 58
1643 add -69
1644 add -63
1645 add 0
1646 add 63
1647 add -56
1648 add 60
1649 add 0
1650 active
1651 add -64
1652 add -65
1653 add 73
1654 add 0
1655 add 59
1656 add 60
1657 add -61
1658 add 0
1659 redundant
1660 add -75
1661 add 63
1662 add 65
1663 add 0
1664 add -46
1665 add -69
1666 add -65
1667 add 0
1668 add -78
1669 add -74
1670 add -79
1671 add 71
1672 add 0
1673 add -78
1674 add -55
1675 add -58
1676 add 0
1677 add 65
1678 add -67
1679 add -80
1680 add 0
1681 add -58
1682 add -70
1683 add 66
1684 add 0
1685 add 80
1686 add -72
1687 add -71
1688 add 0
1689 add 66
1690 add 77
1691 add -69
1692 add 0
1693 add -54
1694 add -66
1695 add 59
1696 add 0
1697 add 59
1698 add -57
1699 add -55
1700 add 0
1701 resize 83
1702 add 70
1703 add 68
1704 add 56
1705 add 0
1706 add -52
1707 add -62
1708 add 75
1709 add 0
1710 add -58
1711 add -80
1712 add -47
1713 add -65
1714 add 0
1715 add 62
1716 add -50
1717 add 47
1718 add 49
1719 add 0
1720 add -67
1721 add 73
1722 add 76
1723 add 0
1724 add -47
1725 add -80
1726 add 50
1727 add 0
1728 add 46
1729 add 50
1730 add 52
1731 add 0
1732 add 62
1733 add 80
1734 add -65
1735 add 0
1736 add -67
1737 add -64
1738 add 50
1739 add 0
1740 add 77
1741 add 66
1742 add 62
1743 add 54
1744 add 67
1745 add 65
1746 add -59
1747 add 0
1748 active
1749 add 68
1750 add -73
1751 add -51
1752 add 0
1753 add -68
1754 add -56
1755 add -76
1756 add 0
1757 add 61
1758 add -51
1759 add -60
1760 add 0
1761 add 56
1762 add 49
1763 add 76
1764 add 0
1765 add 68
1766 add 50
1767 add -55
1768 add 0
1769 add 71
1770 add -49
1771 add -61
1772 add 0
1773 add -46
1774 add -59
1775 add -63
1776 add 0
1777 add 46
1778 add -71
1779 add -52
1780 add 0
1781 add -49
1782 add -53
1783 add -64
1784 add 0
1785 add 74
1786 add -60
1787 add 79
1788 add 0
1789 add -69
1790 add 51
1791 add 58
1792 add 0
1793 add -53
1794 add 56
1795 add -71
1796 add 0
1797 add 80
1798 add 75
1799 add -55
1800 add 0
1801 add -78
1802 add 47
1803 add 73
1804 add 0
1805 add 67
1806 add -46
1807 add 80
1808 add 0
1809 assume 3
1810 melt 1
1811 melt 2
1812 melt -4
1813 melt 5
1814 melt 7
1815 melt 10
1816 melt -11
1817 melt -17
1818 melt 18
1819 melt 20
1820 melt -24
1821 melt -26
1822 melt 29
1823 melt -36
1824 melt -37
1825 melt 38
1826 melt -41
1827 melt 44
1828 melt 45
1829 phase 3
1830 phase 4
1831 unphase 5
1832 phase 6
1833 phase 7
1834 phase -8
1835 phase 9
1836 phase -10
1837 phase 11
1838 unphase 14
1839 phase -15
1840 phase 16
1841 phase 17
1842 phase 18
1843 phase 19
1844 phase -22
1845 phase -23
1846 phase 24
1847 phase 25
1848 phase 30
1849 phase -36
1850 unphase 37
1851 phase -38
1852 phase 39
1853 phase -40
1854 phase -41
1855 unphase -42
1856 phase -47
1857 phase -48
1858 phase -49
1859 phase -51
1860 phase 52
1861 phase 53
1862 phase -54
1863 phase -56
1864 phase 57
1865 phase 59
1866 phase -60
1867 phase -63
1868 phase 64
1869 phase 66
1870 phase 67
1871 phase -71
1872 phase 72
1873 phase 74
1874 phase -75
1875 phase 76
1876 phase 77
1877 phase -78
1878 unphase -79
1879 solve 0
1880 val -2 0
1881 val -12 1
1882 val -15 1
1883 val 16 0
1884 val -18 0
1885 val -19 1
1886 val -21 0
1887 val 23 1
1888 val 24 0
1889 val -27 1
1890 val -28 1
1891 val -29 1
1892 val -31 1
1893 val 32 1
1894 val -33 0
1895 val 34 1
1896 val -35 0
1897 val 39 0
1898 val 43 0
1899 val -45 0
1900 val 46 1
1901 val 47 1
1902 val -49 1
1903 val -50 0
1904 val 51 1
1905 val 53 1
1906 val 55 1
1907 val -57 0
1908 val 59 0
1909 val -61 0
1910 val -62 1
1911 val -63 1
1912 val 64 1
1913 val 65 1
1914 val 67 1
1915 val 68 1
1916 val 72 1
1917 val 74 0
1918 val -78 0
1919 val 79 0
1920 failed 4 0
1921 failed 5 0
1922 failed 7 0
1923 failed 8 0
1924 failed 10 0
1925 failed -11 0
1926 failed 12 0
1927 failed 14 0
1928 failed -20 0
1929 failed 21 0
1930 failed 24 0
1931 failed 41 0
1932 failed 45 0
1933 failed -67 0
1934 failed 73 0
1935 failed -75 0
1936 failed -78 0
1937 frozen 11 0
1938 frozen -16 0
1939 frozen -21 0
1940 frozen 41 0
1941 frozen -42 0
1942 frozen 49 0
1943 frozen -54 0
1944 frozen 59 0
1945 frozen 62 0
1946 frozen -67 0
1947 frozen -68 0
1948 frozen -75 0
1949 add -77
1950 add -70
1951 add 81
1952 add 0
1953 add 66
1954 add -50
1955 add -61
1956 add 0
1957 add 53
1958 add -57
1959 add -70
1960 add 74
1961 add -51
1962 add 80
1963 add 63
1964 add -46
1965 add -66
1966 add -79
1967 add -64
1968 add -60
1969 add 50
1970 add -78
1971 add -61
1972 add 0
1973 add 59
1974 add 72
1975 add 77
1976 add 0
1977 add -43
1978 add -67
1979 add 72
1980 add 0
1981 add -57
1982 add -63
1983 add 47
1984 add 0
1985 add -64
1986 add -47
1987 add -55
1988 add 0
1989 add 42
1990 add -68
1991 add -65
1992 add 0
1993 add -79
1994 add 68
1995 add 81
1996 add 0
1997 add 50
1998 add -52
1999 add 77
2000 add 0
2001 add -69
2002 add -73
2003 add -45
2004 add 0
2005 vars
2006 add -61
2007 add -43
2008 add 59
2009 add 0
2010 add -80
2011 add 63
2012 add 61
2013 add 0
2014 add 50
2015 add -72
2016 add 54
2017 add 0
2018 add -80
2019 add -73
2020 add 54
2021 add 0
2022 add -60
2023 add -74
2024 add 79
2025 add 0
2026 add 69
2027 add 70
2028 add -78
2029 add 0
2030 add -81
2031 add 50
2032 add -80
2033 add 0
2034 add 43
2035 add -60
2036 add -66
2037 add 0
2038 add 64
2039 add -80
2040 add 51
2041 add 0
2042 add 83
2043 add 48
2044 add 67
2045 add 0
2046 add 73
2047 add 59
2048 add 72
2049 add 0
2050 add -72
2051 add -50
2052 add -59
2053 add 0
2054 add 49
2055 add -44
2056 add -43
2057 add 60
2058 add 0
2059 add -74
2060 add -79
2061 add -83
2062 add 0
2063 add 83
2064 add 61
2065 add 52
2066 add 0
2067 add -77
2068 add 53
2069 add 59
2070 add 0
2071 add 42
2072 add 60
2073 add 64
2074 add 0
2075 add 45
2076 add 49
2077 add 74
2078 add 0
2079 add 64
2080 add -49
2081 add 78
2082 add 0
2083 add -69
2084 add -45
2085 add 56
2086 add 46
2087 add 0
2088 add -68
2089 add 63
2090 add -51
2091 add 0
2092 add 51
2093 add 57
2094 add -81
2095 add 0
2096 add -68
2097 add 71
2098 add 52
2099 add 0
2100 add 73
2101 add -53
2102 add -48
2103 add 0
2104 add -77
2105 add 47
2106 add -72
2107 add 0
2108 add -78
2109 add -62
2110 add 66
2111 add 0
2112 add -48
2113 add -49
2114 add 67
2115 add 0
2116 add 52
2117 add 51
2118 add -60
2119 add 0
2120 add -55
2121 add 71
2122 add -65
2123 add 0
2124 add -83
2125 add -69
2126 add -59
2127 add 0
2128 irredundant
2129 add 77
2130 add 56
2131 add -80
2132 add 0
2133 add 81
2134 add 63
2135 add 79
2136 add 0
2137 add -63
2138 add 69
2139 add 74
2140 add 0
2141 add 65
2142 add -73
2143 add -47
2144 add 0
2145 add -68
2146 add -74
2147 add 0
2148 add 71
2149 add 65
2150 add 55
2151 add 0
2152 active
2153 redundant
2154 add 47
2155 add -51
2156 add 63
2157 add 0
2158 add -72
2159 add -55
2160 add 48
2161 add 0
2162 resize 76
2163 add -48
2164 add 62
2165 add -73
2166 add 0
2167 add -54
2168 add 67
2169 add -58
2170 add 83
2171 add 0
2172 irredundant
2173 add -42
2174 add -62
2175 add -45
2176 add 0
2177 add 78
2178 add 76
2179 add -51
2180 add 0
2181 add 64
2182 add 44
2183 add -43
2184 add 0
2185 add 59
2186 add -79
2187 add 57
2188 add 0
2189 redundant
2190 add -79
2191 add -46
2192 add 63
2193 add 0
2194 add -77
2195 add -68
2196 add 60
2197 add 0
2198 add 57
2199 add 59
2200 add -44
2201 add 0
2202 add 65
2203 add 57
2204 add 51
2205 add 0
2206 add 65
2207 add -70
2208 add -46
2209 add 0
2210 add 43
2211 add -47
2212 add 45
2213 add 0
2214 add -83
2215 add 67
2216 add 70
2217 add 0
2218 add -75
2219 add 48
2220 add 77
2221 add 0
2222 add 79
2223 add 82
2224 add 67
2225 add 0
2226 add -75
2227 add -47
2228 add 51
2229 add 0
2230 add -58
2231 add -52
2232 add -80
2233 add 0
2234 add 42
2235 add -73
2236 add 60
2237 add 0
2238 add 63
2239 add 66
2240 add 69
2241 add 0
2242 add 81
2243 add -54
2244 add 63
2245 add 83
2246 add 66
2247 add 77
2248 add 73
2249 add -71
2250 add -69
2251 add 78
2252 add 65
2253 add -47
2254 add 82
2255 add -44
2256 add -56
2257 add 61
2258 add 75
2259 add 62
2260 add 45
2261 add 0
2262 add 65
2263 add -76
2264 add 56
2265 add 0
2266 add -59
2267 add 49
2268 add -65
2269 add 0
2270 add 61
2271 add 72
2272 add -70
2273 add 0
2274 add -44
2275 add -70
2276 add -61
2277 add 0
2278 add 79
2279 add 68
2280 add -43
2281 add 0
2282 add -68
2283 add 83
2284 add -77
2285 add 0
2286 add 71
2287 add 66
2288 add -46
2289 add 0
2290 redundant
2291 add -81
2292 add -56
2293 add -58
2294 add 0
2295 declare_var
2296 add -46
2297 add 43
2298 add 79
2299 add 0
2300 add -48
2301 add 75
2302 add -65
2303 add 0
2304 propagate 0
2305 add -81
2306 add 0
2307 add 53
2308 add 81
2309 add 60
2310 add 0
2311 add 65
2312 add 75
2313 add -68
2314 add -51
2315 add 0
2316 add -64
2317 add -68
2318 add -67
2319 add 0
2320 add 79
2321 add 75
2322 add 49
2323 add 0
2324 add -52
2325 add -63
2326 add 64
2327 add 0
2328 redundant
2329 add 48
2330 add 63
2331 add 62
2332 add -82
2333 add 0
2334 vars
2335 add 59
2336 add 51
2337 add 68
2338 add 0
2339 add -68
2340 add 80
2341 add 42
2342 add -55
2343 add 0
2344 add 78
2345 add 74
2346 add -72
2347 add -44
2348 add 0
2349 add 59
2350 add 57
2351 add 52
2352 add 0
2353 add -48
2354 add 54
2355 add -56
2356 add 0
2357 add -49
2358 add -82
2359 add 73
2360 add 0
2361 add -45
2362 add -71
2363 add 46
2364 add 0
2365 add 49
2366 add -69
2367 add 74
2368 add 0
2369 add -79
2370 add 67
2371 add 42
2372 add 0
2373 add -67
2374 add -65
2375 add -58
2376 add 76
2377 add 0
2378 add 66
2379 add 62
2380 add 81
2381 add 0
2382 add 81
2383 add -71
2384 add 68
2385 add 0
2386 vars
2387 add -68
2388 add 52
2389 add 77
2390 add 0
2391 add 56
2392 add -54
2393 add -57
2394 add 0
2395 add 68
2396 add -59
2397 add -82
2398 add 0
2399 add -52
2400 add -43
2401 add 67
2402 add 0
2403 add -60
2404 add 42
2405 add -56
2406 add 0
2407 vars
2408 add 46
2409 add 78
2410 add 71
2411 add 0
2412 active
2413 add -45
2414 add -64
2415 add 76
2416 add 0
2417 add -83
2418 add 49
2419 add -53
2420 add -50
2421 add -63
2422 add -67
2423 add 60
2424 add 56
2425 add 78
2426 add 64
2427 add 0
2428 irredundant
2429 implied
2430 add -72
2431 add -46
2432 add -66
2433 add 0
2434 add -49
2435 add -68
2436 add 47
2437 add 0
2438 add 47
2439 add 75
2440 add 77
2441 add 0
2442 add 42
2443 add -81
2444 add 60
2445 add 0
2446 add 69
2447 add 49
2448 add -73
2449 add 0
2450 add 42
2451 add -45
2452 add -68
2453 add 0
2454 add -46
2455 add 78
2456 add -62
2457 add 0
2458 add 60
2459 add 69
2460 add -61
2461 add 45
2462 add 81
2463 add 0
2464 add -61
2465 add 49
2466 add -74
2467 add 0
2468 add -46
2469 add 78
2470 add -80
2471 add 0
2472 add 61
2473 add -77
2474 add 67
2475 add 0
2476 add -63
2477 add -47
2478 add -83
2479 add 0
2480 add 57
2481 add -45
2482 add -70
2483 add 0
2484 implied
2485 add -72
2486 add 52
2487 add 70
2488 add 56
2489 add 54
2490 add 65
2491 add 80
2492 add 53
2493 add 62
2494 add 48
2495 add -42
2496 add 0
2497 add 45
2498 add 50
2499 add 70
2500 add 0
2501 add -52
2502 add -53
2503 add 55
2504 add 0
2505 add 78
2506 add -55
2507 add 59
2508 add 0
2509 add -54
2510 add 80
2511 add -52
2512 add 0
2513 add 64
2514 add 77
2515 add -65
2516 add 0
2517 add 81
2518 add 67
2519 add -79
2520 add 0
2521 declare_var
2522 add 59
2523 add -60
2524 add -76
2525 add 0
2526 add -72
2527 add -49
2528 add 47
2529 add 0
2530 add -45
2531 add 78
2532 add -49
2533 add 0
2534 add -57
2535 add -43
2536 add 47
2537 add 0
2538 add 70
2539 add -76
2540 add 78
2541 add 0
2542 add -45
2543 add 72
2544 add 47
2545 add 0
2546 add -70
2547 add 64
2548 add 47
2549 add 0
2550 add -44
2551 add -59
2552 add -77
2553 add 0
2554 add -47
2555 add 54
2556 add 58
2557 add 0
2558 add 42
2559 add 50
2560 add 58
2561 add 0
2562 add 66
2563 add 61
2564 add -45
2565 add 0
2566 add 73
2567 add 54
2568 add 59
2569 add -50
2570 add -48
2571 add -78
2572 add 72
2573 add -74
2574 add 62
2575 add 0
2576 add 60
2577 add 76
2578 add 80
2579 add 0
2580 redundant
2581 add -64
2582 add -57
2583 add 49
2584 add 0
2585 add 52
2586 add 74
2587 add 49
2588 add 65
2589 add 0
2590 add -75
2591 add -64
2592 add -72
2593 add 0
2594 add -68
2595 add -69
2596 add 81
2597 add 0
2598 add -65
2599 add 80
2600 add 47
2601 add 0
2602 add -52
2603 add 66
2604 add 69
2605 add 0
2606 add 71
2607 add -77
2608 add -44
2609 add 0
2610 add -61
2611 add -70
2612 add 43
2613 add 0
2614 add 74
2615 add 82
2616 add 47
2617 add 0
2618 add 58
2619 add -61
2620 add 0
2621 add -62
2622 add 77
2623 add 0
2624 add 75
2625 add 43
2626 add -66
2627 add 0
2628 add 47
2629 add 43
2630 add 80
2631 add 0
2632 add 42
2633 add 44
2634 add -82
2635 add 75
2636 add 48
2637 add 63
2638 add -54
2639 add 71
2640 add -76
2641 add -57
2642 add 65
2643 add 0
2644 add 67
2645 add 60
2646 add -80
2647 add 0
2648 add 61
2649 add -71
2650 add -76
2651 add 0
2652 add -73
2653 add 59
2654 add 70
2655 add 0
2656 add 69
2657 add 59
2658 add -60
2659 add 54
2660 add 0
2661 add -43
2662 add -44
2663 add 57
2664 add 0
2665 add -83
2666 add 44
2667 add -52
2668 add 81
2669 add 0
2670 implied
2671 add -61
2672 add 48
2673 add 82
2674 add 0
2675 add 67
2676 add -63
2677 add 49
2678 add 44
2679 add 0
2680 add 58
2681 add -71
2682 add -63
2683 add 0
2684 add 42
2685 add -64
2686 add -55
2687 add 0
2688 add -56
2689 add -42
2690 add -81
2691 add 0
2692 add -47
2693 add 82
2694 add -46
2695 add 73
2696 add 0
2697 add 75
2698 add 83
2699 add -78
2700 add 0
2701 add 74
2702 add -82
2703 add 51
2704 add 0
2705 add -75
2706 add 51
2707 add 64
2708 add 0
2709 add -65
2710 add -77
2711 add 52
2712 add 0
2713 add 53
2714 add 67
2715 add -78
2716 add 0
2717 add -67
2718 add -44
2719 add 49
2720 add 0
2721 add -60
2722 add -52
2723 add 57
2724 add 0
2725 add 51
2726 add 75
2727 add -80
2728 add 0
2729 add 71
2730 add -63
2731 add -61
2732 add 0
2733 melt -6
2734 melt 8
2735 melt 9
2736 melt 13
2737 melt 14
2738 melt 15
2739 melt -21
2740 melt -22
2741 melt 27
2742 melt -30
2743 melt 32
2744 melt 35
2745 melt -40
2746 phase -2
2747 phase -3
2748 phase -6
2749 unphase 8
2750 phase 11
2751 phase 13
2752 phase -14
2753 phase -17
2754 phase -18
2755 phase -20
2756 unphase -21
2757 phase -24
2758 phase 28
2759 phase 29
2760 phase -35
2761 phase -38
2762 phase 39
2763 phase 49
2764 phase 53
2765 phase 54
2766 phase 59
2767 phase -63
2768 phase -64
2769 phase 68
2770 phase -82
2771 phase -83
2772 propagate 0
2773 val 3 0
2774 val 4 0
2775 val 5 0
2776 val -7 1
2777 val -8 1
2778 val 10 0
2779 val 11 1
2780 val -12 1
2781 val 13 1
2782 val 14 0
2783 val -15 1
2784 val -16 0
2785 val -19 1
2786 val 20 1
2787 val 22 1
2788 val -23 0
2789 val -24 1
2790 val 25 1
2791 val -26 0
2792 val 27 0
2793 val -30 0
2794 val -31 1
2795 val 35 1
2796 val -36 1
2797 val 38 0
2798 val 39 1
2799 val -41 1
2800 val -42 1
2801 val 43 1
2802 val 46 1
2803 val 48 1
2804 val -50 0
2805 val -53 0
2806 val 54 0
2807 val 55 1
2808 val -56 1
2809 val 57 1
2810 val 58 0
2811 val 60 0
2812 val 61 0
2813 val -63 0
2814 val -64 1
2815 val -65 0
2816 val 67 1
2817 val -68 1
2818 val 70 0
2819 val 72 0
2820 val -73 1
2821 val 74 1
2822 val -76 1
2823 val -77 1
2824 val 78 1
2825 val 79 1
2826 val 80 0
2827 val -81 0
2828 val -83 1
2829 flip -1 0
2830 flippable -3 0
2831 flip 5 0
2832 flip 7 0
2833 flippable -9 0
2834 flippable -14 0
2835 flippable 18 0
2836 flip -22 0
2837 flippable 28 0
2838 flip -29 0
2839 flippable 33 0
2840 flippable 38 0
2841 flip -43 0
2842 flip 46 0
2843 flip -47 0
2844 flippable -48 0
2845 flip -51 0
2846 flip -55 0
2847 flip 58 0
2848 flip 60 0
2849 flippable -83 0
2850 failed -2 0
2851 failed 3 0
2852 failed 4 0
2853 failed -5 0
2854 failed 9 0
2855 failed 10 0
2856 failed 12 0
2857 failed 13 0
2858 failed 15 0
2859 failed -16 0
2860 failed -19 0
2861 failed -20 0
2862 failed -21 0
2863 failed -22 0
2864 failed 26 0
2865 failed -27 0
2866 failed -29 0
2867 failed -30 0
2868 failed 33 0
2869 failed 34 0
2870 failed 35 0
2871 failed -36 0
2872 failed 39 0
2873 failed 41 0
2874 failed 42 0
2875 failed -43 0
2876 failed -44 0
2877 failed 45 0
2878 failed -47 0
2879 failed -49 0
2880 failed 51 0
2881 failed 52 0
2882 failed -53 0
2883 failed 56 0
2884 failed -59 0
2885 failed -60 0
2886 failed 61 0
2887 failed -64 0
2888 failed 65 0
2889 failed -67 0
2890 failed 68 0
2891 failed 72 0
2892 failed -73 0
2893 failed 74 0
2894 failed -78 0
2895 failed 79 0
2896 failed -81 0
2897 failed 83 0
2898 add 105
2899 add -79
2900 add 96
2901 add 0
2902 add 86
2903 add 110
2904 add 104
2905 add 0
2906 add -84
2907 add 102
2908 add -108
2909 add 0
2910 add 91
2911 add -97
2912 add -78
2913 add 0
2914 add 78
2915 add 103
2916 add -100
2917 add 0
2918 add -81
2919 add 90
2920 add 78
2921 add 0
2922 implied
2923 add 90
2924 add 109
2925 add 105
2926 add 0
2927 add 81
2928 add 78
2929 add 107
2930 add 0
2931 add -80
2932 add 93
2933 add -102
2934 add 0
2935 add 102
2936 add -97
2937 add 89
2938 add 0
2939 add -109
2940 add 101
2941 add -80
2942 add 0
2943 active
2944 add 88
2945 add -86
2946 add 95
2947 add 0
2948 add 97
2949 add 108
2950 add -81
2951 add 0
2952 add -94
2953 add 90
2954 add -98
2955 add 0
2956 add -88
2957 add -79
2958 add 82
2959 add 0
2960 add 82
2961 add 102
2962 add -95
2963 add 0
2964 add 94
2965 add -101
2966 add 102
2967 add 0
2968 add 87
2969 add -98
2970 add 94
2971 add 0
2972 add -95
2973 add -82
2974 add 83
2975 add 0
2976 add -99
2977 add -102
2978 add -92
2979 add 0
2980 declare_vars 73
2981 add 90
2982 add -77
2983 add 84
2984 add 0
2985 add -93
2986 add 95
2987 add 94
2988 add 0
2989 add -97
2990 add 96
2991 add -82
2992 add 0
2993 add 107
2994 add 109
2995 add 80
2996 add 0
2997 add 89
2998 add 94
2999 add 88
3000 add 0
3001 add -79
3002 add -100
3003 add -93
3004 add 0
3005 add -88
3006 add 108
3007 add -109
3008 add 0
3009 add -101
3010 add -106
3011 add -81
3012 add 0
3013 add 77
3014 add -80
3015 add 81
3016 add 0
3017 add -107
3018 add -108
3019 add 91
3020 add 0
3021 add -93
3022 add -107
3023 add 97
3024 add 0
3025 add -100
3026 add -79
3027 add -81
3028 add 0
3029 add 105
3030 add -91
3031 add -93
3032 add 0
3033 add -85
3034 add 103
3035 add 91
3036 add 0
3037 add -85
3038 add 87
3039 add -107
3040 add 0
3041 add 109
3042 add -86
3043 add 81
3044 add 0
3045 add -101
3046 add 105
3047 add 91
3048 add 0
3049 add -93
3050 add -90
3051 add -102
3052 add 0
3053 redundant
3054 add 81
3055 add -109
3056 add 95
3057 add 0
3058 add -104
3059 add 88
3060 add -103
3061 add 0
3062 add -106
3063 add -109
3064 add 89
3065 add 0
3066 add 109
3067 add -100
3068 add 84
3069 add 0
3070 vars
3071 add -85
3072 add -106
3073 add 96
3074 add 0
3075 add -97
3076 add 103
3077 add 100
3078 add 0
3079 add -79
3080 add 108
3081 add -96
3082 add 0
3083 add -105
3084 add 79
3085 add -83
3086 add 0
3087 add -92
3088 add -89
3089 add -100
3090 add 0
3091 add 82
3092 add 103
3093 add -93
3094 add 0
3095 add -82
3096 add 87
3097 add -77
3098 add 0
3099 add 87
3100 add -93
3101 add 88
3102 add 0
3103 add -93
3104 add 99
3105 add 79
3106 add 0
3107 add -94
3108 add 77
3109 add 104
3110 add 0
3111 add 99
3112 add -109
3113 add 85
3114 add 0
3115 add 106
3116 add -103
3117 add -91
3118 add 0
3119 add -104
3120 add -78
3121 add 107
3122 add 0
3123 add 85
3124 add -87
3125 add 110
3126 add 0
3127 add 96
3128 add 104
3129 add 91
3130 add 0
3131 add -90
3132 add -105
3133 add 89
3134 add 0
3135 add 101
3136 add -110
3137 add 82
3138 add 0
3139 add 92
3140 add -108
3141 add -107
3142 add 0
3143 add 102
3144 add -103
3145 add -95
3146 add 0
3147 add -87
3148 add 89
3149 add -107
3150 add 0
3151 active
3152 add -105
3153 add -109
3154 add 84
3155 add 0
3156 add -95
3157 add -85
3158 add -96
3159 add 0
3160 add -98
3161 add -105
3162 add 81
3163 add 0
3164 add 92
3165 add -106
3166 add -95
3167 add 0
3168 add 85
3169 add 89
3170 add 93
3171 add 0
3172 add 93
3173 add -99
3174 add 92
3175 add 0
3176 add -93
3177 add 110
3178 add 85
3179 add 0
3180 add 80
3181 add 92
3182 add -89
3183 add 0
3184 add -93
3185 add -102
3186 add 84
3187 add 0
3188 add 103
3189 add 106
3190 add 83
3191 add 0
3192 add -80
3193 add -108
3194 add 86
3195 add 0
3196 add 95
3197 add 80
3198 add 82
3199 add 0
3200 add -83
3201 add 99
3202 add -105
3203 add 0
3204 redundant
3205 add 90
3206 add -79
3207 add 97
3208 add 0
3209 add 95
3210 add 78
3211 add -102
3212 add 0
3213 add -110
3214 add -100
3215 add 101
3216 add 0
3217 add -77
3218 add 84
3219 add -81
3220 add 0
3221 add 111
3222 add 87
3223 add -105
3224 add 0
3225 add -110
3226 add -106
3227 add -79
3228 add 0
3229 add 81
3230 add -99
3231 add 110
3232 add 0
3233 add 91
3234 add -96
3235 add 101
3236 add 0
3237 add 106
3238 add -78
3239 add -82
3240 add 0
3241 add -104
3242 add -108
3243 add 107
3244 add 0
3245 add 100
3246 add -97
3247 add -109
3248 add 0
3249 add 84
3250 add 99
3251 add 91
3252 add 0
3253 add 90
3254 add 82
3255 add 97
3256 add 0
3257 active
3258 add -97
3259 add -83
3260 add -85
3261 add 0
3262 add 96
3263 add 86
3264 add 98
3265 add 0
3266 active
3267 add -104
3268 add 89
3269 add 105
3270 add 0
3271 add -110
3272 add -98
3273 add 89
3274 add 0
3275 active
3276 add 90
3277 add -98
3278 add -100
3279 add 0
3280 active
3281 add -86
3282 add -101
3283 add 90
3284 add 0
3285 add 111
3286 add -93
3287 add 79
3288 add 0
3289 declare_var
3290 add 105
3291 add 77
3292 add -93
3293 add 0
3294 add 89
3295 add -94
3296 add 95
3297 add 0
3298 add 108
3299 add 94
3300 add -85
3301 add 0
3302 add -93
3303 add 88
3304 add 109
3305 add 0
3306 vars
3307 add -101
3308 add -93
3309 add -95
3310 add 0
3311 add 90
3312 add -86
3313 add -108
3314 add 0
3315 add 92
3316 add -84
3317 add -96
3318 add 0
3319 add -99
3320 add -97
3321 add 87
3322 add 0
3323 add 87
3324 add -96
3325 add -95
3326 add 0
3327 add -78
3328 add -85
3329 add 103
3330 add 0
3331 add -91
3332 add 109
3333 add 104
3334 add 0
3335 add 91
3336 add -98
3337 add 111
3338 add 0
3339 add -108
3340 add -99
3341 add 93
3342 add 0
3343 add 92
3344 add -89
3345 add -79
3346 add 0
3347 add 106
3348 add 107
3349 add -99
3350 add 0
3351 add -95
3352 add 90
3353 add -97
3354 add 0
3355 irredundant
3356 add -77
3357 add -96
3358 add 87
3359 add 0
3360 add -78
3361 add 81
3362 add -79
3363 add 0
3364 active
3365 add 77
3366 add -90
3367 add 87
3368 add 0
3369 propagate 0
3370 add 90
3371 add -87
3372 add 111
3373 add 0
3374 irredundant
3375 add -96
3376 add -109
3377 add -89
3378 add 0
3379 add 80
3380 add 106
3381 add 85
3382 add 0
3383 add -104
3384 add 96
3385 add -100
3386 add 0
3387 add -100
3388 add -106
3389 add -89
3390 add 0
3391 add -98
3392 add 89
3393 add 111
3394 add 0
3395 irredundant
3396 add 82
3397 add 107
3398 add -92
3399 add 0
3400 add -87
3401 add 83
3402 add -93
3403 add 0
3404 add 95
3405 add 81
3406 add -83
3407 add 0
3408 add -91
3409 add -100
3410 add 78
3411 add 0
3412 add 95
3413 add -109
3414 add 105
3415 add 0
3416 add 77
3417 add -93
3418 add 87
3419 add 0
3420 add 109
3421 add 85
3422 add 100
3423 add 0
3424 add -79
3425 add 99
3426 add 84
3427 add 0
3428 add 77
3429 add 102
3430 add 100
3431 add 0
3432 add -100
3433 add -86
3434 add -95
3435 add 0
3436 add 108
3437 add -89
3438 add 83
3439 add 0
3440 add 109
3441 add 84
3442 add 107
3443 add 0
3444 add -98
3445 add 103
3446 add -104
3447 add 0
3448 add -83
3449 add -91
3450 add 78
3451 add 0
3452 add 110
3453 add -82
3454 add -81
3455 add 0
3456 add 80
3457 add -108
3458 add 95
3459 add 0
3460 propagate 0
3461 add -86
3462 add -82
3463 add -106
3464 add 0
3465 add 100
3466 add -98
3467 add 104
3468 add 0
3469 add 87
3470 add 82
3471 add 97
3472 add 0
3473 add 91
3474 add 81
3475 add 108
3476 add 0
3477 add 87
3478 add -107
3479 add -104
3480 add 0
3481 add -94
3482 add 85
3483 add 106
3484 add 0
3485 add 97
3486 add 90
3487 add -79
3488 add 0
3489 add -93
3490 add -85
3491 add -84
3492 add 0
3493 add 96
3494 add -104
3495 add 88
3496 add 0
3497 assume -87
3498 assume 110
3499 assume -65
3500 assume -70
3501 assume -57
3502 assume 86
3503 assume -27
3504 assume 14
3505 assume -97
3506 assume -52
3507 assume -32
3508 assume 91
3509 assume -63
3510 assume -7
3511 assume -19
3512 assume -17
3513 assume -33
3514 assume 35
3515 assume -93
3516 assume -43
3517 assume -54
3518 assume -61
3519 assume -30
3520 assume 3
3521 assume -85
3522 assume 29
3523 assume 62
3524 assume -8
3525 assume 55
3526 assume -51
3527 assume 103
3528 assume 48
3529 assume 12
3530 assume -71
3531 assume -78
3532 assume -10
3533 assume -11
3534 assume 92
3535 assume -31
3536 assume -44
3537 assume -56
3538 assume 106
3539 assume -13
3540 assume -22
3541 assume 68
3542 assume -75
3543 assume 94
3544 assume -99
3545 assume -58
3546 assume -74
3547 assume 108
3548 assume -41
3549 assume -79
3550 assume 49
3551 assume 18
3552 assume -95
3553 assume -26
3554 assume 4
3555 assume -46
3556 assume 82
3557 assume -40
3558 assume 76
3559 assume -77
3560 assume 101
3561 assume -96
3562 assume -109
3563 assume 2
3564 assume 98
3565 assume -104
3566 assume -39
3567 assume 6
3568 assume 47
3569 assume -88
3570 assume 100
3571 assume 113
3572 assume -24
3573 assume -38
3574 assume 25
3575 assume -28
3576 assume -72
3577 assume -16
3578 assume 105
3579 assume 60
3580 assume -50
3581 assume 64
3582 assume 81
3583 assume -83
3584 assume -73
3585 assume 36
3586 assume 90
3587 assume 84
3588 assume -20
3589 assume 66
3590 assume -21
3591 assume -34
3592 assume 69
3593 assume 112
3594 assume -1
3595 assume -107
3596 assume -15
3597 assume -80
3598 melt 3
3599 melt 23
3600 melt 33
3601 melt 34
3602 melt -42
# V---------------------------------------------------------------------- terminate: termination requested
3603 simplify 3 0
3604 val 1 0
3605 val -2 1
3606 val -4 0
3607 val 7 0
3608 val 8 0
3609 val 10 1
3610 val 12 0
3611 val 13 0
3612 val -14 0
3613 val 16 1
3614 val 17 0
3615 val 20 1
3616 val 21 1
3617 val -24 1
3618 val 25 1
3619 val 26 1
3620 val 27 0
3621 val -28 0
3622 val 30 1
3623 val 31 1
3624 val 32 1
3625 val -34 0
3626 val 35 0
3627 val -36 0
3628 val -38 1
3629 val -39 1
3630 val 42 1
3631 val 44 0
3632 val 45 1
3633 val -47 1
3634 val 52 0
3635 val -54 1
3636 val 56 0
3637 val 57 0
3638 val -58 0
3639 val -61 0
3640 val -63 0
3641 val -64 1
3642 val 66 1
3643 val 68 1
3644 val 69 0
3645 val -70 0
3646 val 72 1
3647 val 76 0
3648 val -79 1
3649 val 80 1
3650 val -81 1
3651 val -83 0
3652 val -87 1
3653 val -88 1
3654 val -89 0
3655 val 91 0
3656 val 92 1
3657 val -93 1
3658 val -94 1
3659 val 95 0
3660 val -97 1
3661 val 98 0
3662 val -99 1
3663 val -101 1
3664 val 102 1
3665 val -103 0
3666 val -106 1
3667 val 108 0
3668 val 109 0
3669 val -110 1
3670 val -111 1
3671 failed 1 0
3672 failed -2 0
3673 failed -3 0
3674 failed -4 0
3675 failed -5 0
3676 failed 6 0
3677 failed -7 0
3678 failed 9 0
3679 failed 10 0
3680 failed -11 0
3681 failed -12 0
3682 failed 13 0
3683 failed 15 0
3684 failed -16 0
3685 failed 17 0
3686 failed 18 0
3687 failed 19 0
3688 failed 20 0
3689 failed -21 0
3690 failed -22 0
3691 failed 23 0
3692 failed 24 0
3693 failed 25 0
3694 failed 26 0
3695 failed -27 0
3696 failed -28 0
3697 failed 30 0
3698 failed 31 0
3699 failed -32 0
3700 failed 33 0
3701 failed -34 0
3702 failed 35 0
3703 failed -36 0
3704 failed -38 0
3705 failed 39 0
3706 failed 40 0
3707 failed -41 0
3708 failed -42 0
3709 failed -43 0
3710 failed -44 0
3711 failed 45 0
3712 failed -46 0
3713 failed -48 0
3714 failed 49 0
3715 failed 50 0
3716 failed -51 0
3717 failed 52 0
3718 failed -53 0
3719 failed -54 0
3720 failed -55 0
3721 failed 56 0
3722 failed 57 0
3723 failed -58 0
3724 failed 59 0
3725 failed 60 0
3726 failed 61 0
3727 failed -63 0
3728 failed 64 0
3729 failed 66 0
3730 failed 67 0
3731 failed -68 0
3732 failed 69 0
3733 failed -70 0
3734 failed 71 0
3735 failed -72 0
3736 failed -73 0
3737 failed -74 0
3738 failed -75 0
3739 failed 77 0
3740 failed -78 0
3741 failed 79 0
3742 failed -80 0
3743 failed 81 0
3744 failed 82 0
3745 failed -83 0
3746 failed -84 0
3747 failed -85 0
3748 failed -86 0
3749 failed 87 0
3750 failed -88 0
3751 failed -91 0
3752 failed -92 0
3753 failed -93 0
3754 failed -94 0
3755 failed 95 0
3756 failed 96 0
3757 failed 97 0
3758 failed -98 0
3759 failed -99 0
3760 failed 100 0
3761 failed -102 0
3762 failed 103 0
3763 failed 104 0
3764 failed -105 0
3765 failed 106 0
3766 failed 107 0
3767 failed 109 0
3768 failed -110 0
3769 failed 111 0
3770 frozen 1 0
3771 frozen 3 0
3772 frozen -4 0
3773 frozen 6 0
3774 frozen -9 0
3775 frozen -12 0
3776 frozen -14 0
3777 frozen 18 0
3778 frozen -19 0
3779 frozen -22 0
3780 frozen 24 0
3781 frozen -29 0
3782 frozen -30 0
3783 frozen 31 0
3784 frozen -33 0
3785 frozen -44 0
3786 frozen 56 0
3787 frozen -68 0
3788 frozen -72 0
3789 frozen 74 0
3790 frozen 82 0
3791 frozen -86 0
3792 frozen 88 0
3793 frozen 89 0
3794 frozen 90 0
3795 frozen 91 0
3796 frozen 98 0
3797 frozen 107 0
3798 frozen 109 0
3799 frozen 110 0
3800 frozen 111 0
3801 reset
# ---------------------------------------------------
# CaDiCal was tried to be terminated here:
# 0   mobical                             0x0000000106572f9a _ZN7CaDiCaL5Trace34account_terminate_delay_allocationEv + 170
# 1   mobical                             0x00000001064e8c8c _Znwm + 44
# 2   mobical                             0x000000010661b2e9 _ZN7CaDiCaL8Internal10elim_roundERbS1_ + 1817
# 3   mobical                             0x000000010661be2a _ZN7CaDiCaL8Internal4elimEb + 330
# 4   mobical                             0x0000000106647a77 _ZN7CaDiCaL8Internal16preprocess_roundEiRb + 295
# 5   mobical                             0x000000010664863e _ZN7CaDiCaL8Internal5solveEb + 958
# 6   mobical                             0x00000001066242ab _ZN7CaDiCaL8External5solveEb + 75
# 7   mobical                             0x00000001066ba25f _ZN7CaDiCaL6Solver37call_external_solve_and_check_resultsEb + 111
# 8   mobical                             0x00000001066ba6d8 _ZN7CaDiCaL6Solver8simplifyEi + 360
# 9   mobical                             0x000000010658c494 _ZN7CaDiCaL12SimplifyCall7executeERPNS_6SolverERPNS_9ExtendMapE + 20
# 10  mobical                             0x0000000106574346 _ZN7CaDiCaL5Trace7executeEv + 502
# 11  mobical                             0x0000000106573f78 _ZN7CaDiCaL5Trace16fork_and_executeEv + 520
# 12  mobical                             0x0000000106582eed _ZN7CaDiCaL7Mobical4mainEiPPc + 13341
# 13  dyld                                0x00007ff81c30f530 start + 3056
#
