# seed: 1116059843640384865
# status: solver was destructed, but memory leaked (4 / SIGUSR2)
0 terminate_delay 1026 704
1 init
2 set walk 0
3 set check 1
4 set arenatype 1
5 set backbonemaxrounds 2
6 set checkconstraint 0
7 set chronolevelim 0
8 set condition 0
9 set conditionint 1
10 set congruence 0
11 set congruencexor 1
12 set cover 0
13 set covermaxeff 0
14 set coverminclslim 3
15 set covermineff 3
16 set elimbackward 1
17 set elimboundmin 0
18 set elimeffort 2
19 set elimlimited 1
20 set elimxors 0
21 set emadecisions 2
22 set ematrailfast 2
23 set externallrat 1
24 set factorbumpqueue 2
25 set factorcandrounds 10
26 set factorelim 1
27 set factorsize 168363419
28 set factorxorsave 1
29 set fastelimbound 1
30 set instantiateclslim 4
31 set minimizeticks 1
32 set preprocesslight 0
33 set probehbr 1
34 set quiet 0
35 set randecstable 1
36 set recomputetier 0
37 set reluctant 0
38 set report 1
39 set reportsolve 0
40 set restart 1
41 set restartint 1
42 set score 1
43 set shuffle 1
44 set subsume 1
45 set subsumemaxeff 1
46 set subsumemineff 3
47 set subsumestr 1
48 set sweepcomplete 1
49 set tier1minglue 1
50 set transredmineff 2
51 set varkeepname 0
52 set veripb 2
53 set vivifydemote 0
54 set vivifyinst 1
55 set vivifytier2eff 2
56 set vivifytier3eff 61
57 set arena 1
58 set arena 1
59 add 29
60 add -24
61 add 38
62 add 0
63 add 7
64 add -45
65 add 44
66 add 0
67 add 17
68 add 41
69 add 2
70 add 0
71 add -9
72 add 2
73 add -5
74 add 0
75 add -1
76 add -27
77 add -35
78 add 0
79 add -15
80 add 45
81 add 46
82 add 0
83 add -33
84 add -34
85 add 14
86 add 0
87 add -6
88 add 11
89 add 29
90 add 0
91 add -15
92 add -45
93 add -13
94 add 0
95 add -10
96 add -20
97 add -2
98 add 0
99 add -18
100 add -26
101 add -15
102 add 0
103 add -10
104 add -12
105 add -9
106 add 0
107 add 16
108 add 1
109 add 26
110 add 0
111 declare_vars 42
112 add -33
113 add 27
114 add 30
115 add 0
116 resize 49
117 add -15
118 add -22
119 add 38
120 add 0
121 declare_var
122 add 44
123 add -33
124 add 29
125 add 0
126 add -6
127 add -7
128 add -35
129 add 0
130 add 31
131 add 26
132 add 3
133 add 0
134 add 15
135 add -33
136 add -40
137 add 0
138 add 25
139 add -20
140 add 46
141 add 0
142 add -47
143 add 22
144 add -18
145 add 0
146 redundant
147 add -39
148 add -40
149 add 49
150 add 0
151 add -24
152 add -36
153 add 16
154 add 0
155 add 19
156 add -29
157 add -26
158 add 0
159 add -43
160 add -23
161 add 38
162 add 0
163 vars
164 add -2
165 add -38
166 add 22
167 add 0
168 add -31
169 add 3
170 add -40
171 add 0
172 add -36
173 add -30
174 add 40
175 add 0
176 resize 50
177 add 24
178 add 32
179 add 18
180 add 0
181 add 3
182 add -33
183 add -27
184 add 0
185 add 19
186 add 35
187 add 38
188 add 0
189 add 16
190 add 12
191 add 34
192 add 0
193 add -44
194 add -46
195 add 24
196 add 0
197 add -3
198 add -8
199 add 2
200 add 0
201 add 1
202 add -11
203 add -12
204 add 0
205 add 5
206 add 35
207 add 18
208 add 0
209 add -13
210 add 37
211 add 12
212 add 0
213 irredundant
214 add 34
215 add 24
216 add -29
217 add 0
218 add -36
219 add -35
220 add 18
221 add 0
222 add -11
223 add -43
224 add -34
225 add 0
226 add -4
227 add -30
228 add -27
229 add 0
230 add -16
231 add 42
232 add 18
233 add 0
234 add 45
235 add -43
236 add 8
237 add 0
238 add 7
239 add 23
240 add -15
241 add 0
242 add 25
243 add 32
244 add -40
245 add 0
246 add -9
247 add 35
248 add 45
249 add 0
250 add 20
251 add 12
252 add 33
253 add 0
254 add 33
255 add -22
256 add -48
257 add 0
258 add 49
259 add 47
260 add -30
261 add 0
262 add 6
263 add -46
264 add -36
265 add 0
266 add 41
267 add 33
268 add -12
269 add 0
270 add -9
271 add 5
272 add -2
273 add 0
274 add 18
275 add 37
276 add -46
277 add 0
278 add -41
279 add 23
280 add 5
281 add 0
282 add -45
283 add -28
284 add -21
285 add 0
286 add 39
287 add 9
288 add -7
289 add 0
290 add 41
291 add -14
292 add -31
293 add 0
294 add 45
295 add 16
296 add -1
297 add 0
298 add -39
299 add -23
300 add -27
301 add 0
302 vars
303 add 17
304 add -27
305 add -23
306 add 0
307 add -1
308 add 35
309 add 42
310 add 0
311 irredundant
312 add 23
313 add 7
314 add 49
315 add 0
316 add -48
317 add -13
318 add -6
319 add 0
320 add -28
321 add 27
322 add -2
323 add 0
324 irredundant
325 add -22
326 add -39
327 add 27
328 add 0
329 add 24
330 add -36
331 add 41
332 add 0
333 add -43
334 add -17
335 add 15
336 add 0
337 irredundant
338 add 43
339 add 27
340 add 26
341 add 0
342 irredundant
343 add -36
344 add 38
345 add 2
346 add 0
347 add -6
348 add -10
349 add -29
350 add 0
351 resize 11
352 add -6
353 add 11
354 add 39
355 add 0
356 add 9
357 add 18
358 add 33
359 add 0
360 add -31
361 add -3
362 add -27
363 add 0
364 add -5
365 add -49
366 add -22
367 add 0
368 add -17
369 add -4
370 add 30
371 add 0
372 add -15
373 add 19
374 add -47
375 add 0
376 add 18
377 add 4
378 add 37
379 add 0
380 add 16
381 add 43
382 add -40
383 add 0
384 add -18
385 add -26
386 add 31
387 add 0
388 add -2
389 add 30
390 add 23
391 add 0
392 add 17
393 add 13
394 add 44
395 add 0
396 add 23
397 add -26
398 add 5
399 add 0
400 add 33
401 add -36
402 add 15
403 add 0
404 propagate 0
405 add -23
406 add 24
407 add 44
408 add 0
409 add -35
410 add -17
411 add -24
412 add 0
413 add 25
414 add -7
415 add -39
416 add 0
417 add 41
418 add -47
419 add 28
420 add 0
421 add -30
422 add 31
423 add 29
424 add 0
425 add -12
426 add 30
427 add -38
428 add 0
429 add 2
430 add 19
431 add -24
432 add 0
433 add -3
434 add -10
435 add 13
436 add 0
437 add 7
438 add -25
439 add 46
440 add 0
441 add 9
442 add 30
443 add 45
444 add 0
445 add -42
446 add 13
447 add 47
448 add 0
449 add -42
450 add -46
451 add -3
452 add 0
453 add 48
454 add 22
455 add 28
456 add 0
457 add 29
458 add 9
459 add 41
460 add 0
461 add -39
462 add 45
463 add 12
464 add 0
465 add 16
466 add 15
467 add 19
468 add 0
469 add -8
470 add -30
471 add 31
472 add 0
473 add 38
474 add -7
475 add -37
476 add 0
477 propagate 0
478 add 39
479 add -34
480 add 46
481 add 0
482 add -32
483 add -35
484 add -21
485 add 0
486 add -32
487 add -40
488 add 23
489 add 0
490 add -26
491 add -8
492 add 43
493 add 0
494 add 20
495 add -34
496 add 26
497 add 0
498 add -28
499 add -14
500 add 27
501 add 0
502 add -28
503 add -17
504 add -6
505 add 0
506 add -26
507 add 13
508 add 42
509 add 0
510 add -24
511 add -10
512 add -28
513 add 0
514 add -43
515 add 37
516 add -16
517 add 0
518 add 33
519 add -1
520 add -30
521 add 0
522 add -8
523 add -20
524 add 49
525 add 0
526 add -31
527 add 19
528 add -9
529 add 0
530 add 22
531 add -41
532 add 10
533 add 0
534 add 9
535 add -19
536 add 44
537 add 0
538 add -22
539 add 7
540 add 19
541 add 0
542 redundant
543 add -20
544 add -43
545 add 33
546 add 0
547 add -40
548 add 18
549 add 46
550 add 0
551 add -32
552 add 19
553 add 15
554 add 0
555 add 8
556 add -7
557 add 9
558 add 0
559 add 32
560 add 31
561 add -21
562 add 0
563 add -29
564 add -8
565 add -25
566 add 0
567 add -17
568 add 39
569 add -48
570 add 0
571 add 44
572 add -6
573 add -14
574 add 0
575 vars
576 add 2
577 add 23
578 add 25
579 add 0
580 add 45
581 add -5
582 add 26
583 add 0
584 add 33
585 add 49
586 add 37
587 add 0
588 add 7
589 add 41
590 add -22
591 add 0
592 add 3
593 add 12
594 add -11
595 add 0
596 add -4
597 add 42
598 add 1
599 add 0
600 add -27
601 add 25
602 add 3
603 add 0
604 add 33
605 add 16
606 add -34
607 add 0
608 add 28
609 add 48
610 add -11
611 add 0
612 add -43
613 add 10
614 add -29
615 add 0
616 implied
617 add 41
618 add 37
619 add -36
620 add 0
621 add 31
622 add -19
623 add -38
624 add 0
625 add -9
626 add -32
627 add -38
628 add 0
629 add 4
630 add 26
631 add -35
632 add 0
633 add -33
634 add 49
635 add 11
636 add 0
637 irredundant
638 add -42
639 add -35
640 add 34
641 add 0
642 resize 22
643 add 42
644 add -38
645 add 13
646 add 0
647 add 27
648 add 38
649 add 15
650 add 0
651 add 35
652 add 19
653 add -18
654 add 0
655 add -27
656 add 3
657 add 7
658 add 0
659 add -28
660 add -27
661 add -8
662 add 0
663 add 35
664 add -17
665 add -11
666 add 0
667 add 46
668 add 11
669 add 7
670 add 0
671 redundant
672 add -42
673 add -28
674 add -6
675 add 0
676 add 46
677 add 31
678 add -28
679 add 0
680 add -24
681 add -19
682 add -25
683 add 0
684 add 45
685 add -12
686 add -4
687 add 0
688 add -12
689 add 37
690 add -39
691 add 0
692 add 19
693 add -25
694 add -28
695 add 0
696 add -18
697 add -24
698 add 22
699 add 0
700 redundant
701 add 9
702 add 47
703 add 40
704 add 0
705 add -4
706 add 27
707 add -37
708 add 0
709 add -44
710 add 32
711 add -46
712 add 0
713 add -38
714 add -7
715 add 39
716 add 0
717 add 40
718 add 30
719 add 9
720 add 0
721 add -34
722 add 23
723 add 30
724 add 0
725 add 5
726 add 41
727 add -36
728 add 0
729 add 4
730 add -5
731 add -45
732 add 0
733 add -46
734 add 42
735 add -19
736 add 0
737 add -16
738 add -36
739 add -48
740 add 0
741 add 6
742 add 49
743 add -41
744 add 0
745 add 22
746 add -44
747 add -9
748 add 0
749 add 33
750 add 8
751 add 48
752 add 0
753 add -37
754 add -38
755 add -49
756 add 0
757 add 16
758 add -22
759 add -45
760 add 0
761 declare_vars 93
762 add -11
763 add 19
764 add -5
765 add 0
766 irredundant
767 add -30
768 add -33
769 add 17
770 add 0
771 add -10
772 add 31
773 add 21
774 add 0
775 add -25
776 add 35
777 add -13
778 add 0
779 add 13
780 add -47
781 add 31
782 add 0
783 add 41
784 add 1
785 add -8
786 add 0
787 add -26
788 add -7
789 add -38
790 add 0
791 add -43
792 add -33
793 add 25
794 add 0
795 add -49
796 add 29
797 add 35
798 add 0
799 add -24
800 add 3
801 add -34
802 add 0
803 add 9
804 add -45
805 add 1
806 add 0
807 add 39
808 add 11
809 add 35
810 add 0
811 add 33
812 add -26
813 add -32
814 add 0
815 add -6
816 add 9
817 add 18
818 add 0
819 add -11
820 add 26
821 add 31
822 add 0
823 add 1
824 add -7
825 add 46
826 add 0
827 add -36
828 add 37
829 add 6
830 add 0
831 add 43
832 add -4
833 add 40
834 add 0
835 add 13
836 add 18
837 add 3
838 add 0
839 add 25
840 add 8
841 add 12
842 add 0
843 add -34
844 add 17
845 add 18
846 add 0
847 add 32
848 add 15
849 add -22
850 add 0
851 redundant
852 add -27
853 add -2
854 add 18
855 add 0
856 add 35
857 add -30
858 add 4
859 add 0
860 irredundant
861 add 1
862 add 14
863 add 46
864 add 0
865 add 13
866 add 7
867 add 46
868 add 0
869 add -4
870 add -45
871 add 3
872 add 0
873 add -3
874 add -29
875 add -5
876 add 0
877 vars
878 redundant
879 add 40
880 add -36
881 add -23
882 add 0
883 add 47
884 add -24
885 add -1
886 add 0
887 add 28
888 add -5
889 add -44
890 add 0
891 add -21
892 add 44
893 add -29
894 add 0
895 add 45
896 add -38
897 add 32
898 add 0
899 add -35
900 add 3
901 add 7
902 add 0
903 connect mock-propagator
904 observe 1
905 observe -2
906 observe 3
907 observe 5
908 observe -6
909 observe 7
910 observe 8
911 observe -10
912 observe -12
913 observe -16
914 observe 17
915 observe 18
916 observe -20
917 observe 21
918 observe -22
919 observe -23
920 observe -24
921 observe -25
922 observe 26
923 observe 30
924 observe 33
925 observe -35
926 observe 36
927 observe -37
928 observe 38
929 observe 39
930 observe -40
931 observe 44
932 observe 45
933 observe 46
934 observe 47
935 observe -48
936 observe -49
937 observe 58
938 observe -59
939 observe -80
940 observe -85
941 observe 86
942 observe -92
943 observe 93
944 observe 97
945 observe -101
946 observe 104
947 observe -125
948 observe 134
949 observe -136
950 observe 137
951 observe -140
952 observe 142
953 assume 13
954 freeze -1
955 freeze -2
956 freeze 3
957 freeze 4
958 freeze 5
959 freeze 6
960 freeze 7
961 freeze -8
962 freeze 9
963 freeze 10
964 freeze -11
965 freeze -12
966 freeze 13
967 freeze -14
968 freeze -15
969 freeze -16
970 freeze 17
971 freeze 18
972 freeze -19
973 freeze -20
974 freeze 21
975 freeze -22
976 freeze 23
977 freeze -24
978 freeze 25
979 freeze -26
980 freeze -27
981 freeze 28
982 freeze 29
983 freeze -30
984 freeze -31
985 freeze 32
986 freeze 33
987 freeze 34
988 freeze 35
989 freeze 36
990 freeze -37
991 freeze 38
992 freeze -39
993 freeze -40
994 freeze -41
995 freeze 42
996 freeze 43
997 freeze 44
998 freeze 45
999 freeze -46
1000 freeze 47
1001 freeze 48
1002 freeze 49
1003 phase -1
1004 phase 11
1005 unphase 12
1006 phase 13
1007 phase -15
1008 phase 18
1009 phase -19
1010 phase 22
1011 unphase -24
1012 phase 27
1013 phase 29
1014 phase 34
1015 unphase -36
1016 phase -37
1017 phase 44
1018 phase -46
1019 phase 47
1020 phase -48
# V---------------------------------------------------------------------- terminate: termination requested
1021 simplify 9 0
1022 decide -5 19
1023 decide 101 4
1024 decide 40 1
1025 decide 136 50
1026 decide 40 9
1027 decide 1 43
1028 decide -23 16
1029 decide 38 14
1030 decide -48 11
1031 decide 59 20
1032 decide 30 21
1033 decide 6 33
1034 decide -137 25
1035 decide 12 4
1036 decide -8 9
1037 decide -2 15
1038 decide -6 32
1039 decide -24 16
1040 decide 3 50
1041 decide -46 42
1042 decide -3 40
1043 decide 85 11
1044 decide -48 6
1045 decide -1 22
1046 decide 136 12
1047 decide -35 31
1048 decide -93 10
1049 decide -97 8
1050 decide 33 32
1051 decide 7 14
1052 decide -80 28
1053 decide -97 26
1054 decide -3 40
1055 decide 36 49
1056 decide -33 37
1057 decide 104 26
1058 decide 17 6
1059 decide -101 49
1060 decide -30 24
1061 decide -12 7
1062 decide -7 44
1063 decide 25 34
1064 decide -40 11
1065 decide -44 40
1066 decide 36 27
1067 decide -22 15
1068 decide -23 23
1069 decide 35 21
1070 decide -93 37
1071 decide -25 42
1072 decide -35 27
1073 decide 1 17
1074 decide 142 47
1075 decide -2 19
1076 decide 134 49
1077 decide -18 29
1078 decide -49 22
1079 decide -20 37
1080 decide -37 0
1081 decide -39 10
1082 decide -24 47
1083 decide -1 9
1084 decide 22 32
1085 decide 48 41
1086 decide 45 8
1087 decide -101 36
1088 decide 101 30
1089 decide 48 32
1090 decide 101 9
1091 decide -5 34
1092 decide 1 9
1093 decide 46 11
1094 decide 93 27
1095 decide -85 45
1096 decide 48 34
1097 decide 7 2
1098 decide -8 45
1099 decide -35 21
1100 decide 49 16
1101 decide 47 23
1102 decide -25 17
1103 decide -45 44
1104 decide -101 22
1105 lemma -104
1106 lemma -48
1107 lemma 58
1108 lemma 0 3 49
1109 lemma -7
1110 lemma 33
1111 lemma -137
1112 lemma 0 1 12
1113 lemma 142
1114 lemma -2
1115 lemma -92
1116 lemma 0 1 21
1117 lemma 39
1118 lemma -2
1119 lemma -46
1120 lemma 0 1 22
1121 lemma 125
1122 lemma 1
1123 lemma -104
1124 lemma 0 3 3
1125 lemma -37
1126 lemma 140
1127 lemma 137
1128 lemma 0 1 36
1129 lemma 26
1130 lemma 3
1131 lemma 80
1132 lemma 104
1133 lemma -142
1134 lemma 25
1135 lemma 5
1136 lemma -137
1137 lemma 10
1138 lemma -38
1139 lemma -47
1140 lemma -44
1141 lemma 1
1142 lemma -35
1143 lemma 23
1144 lemma -136
1145 lemma 39
1146 lemma 48
1147 lemma -46
1148 lemma 21
1149 lemma 0 0 8
1150 lemma 7
1151 lemma -26
1152 lemma -23
1153 lemma 0 3 17
1154 lemma 136
1155 lemma -134
1156 lemma 0 1 49
1157 lemma -21
1158 lemma 3
1159 lemma 20
1160 lemma 0 1 38
1161 lemma -16
1162 lemma -22
1163 lemma 26
1164 lemma 0 1 33
1165 lemma -104
1166 lemma -101
1167 lemma -93
1168 lemma 24
1169 lemma -136
1170 lemma -37
1171 lemma -21
1172 lemma 38
1173 lemma 5
1174 lemma 0 1 3
1175 lemma 39
1176 lemma 86
1177 lemma 104
1178 lemma 0 1 25
1179 lemma 137
1180 lemma -25
1181 lemma -45
1182 lemma 0 1 19
1183 lemma -45
1184 lemma 3
1185 lemma 59
1186 lemma 0 2 48
1187 lemma 47
1188 lemma -38
1189 lemma 40
1190 lemma 0 3 16
1191 lemma -104
1192 lemma -18
1193 lemma -21
1194 lemma 0 1 47
1195 lemma -38
1196 lemma -10
1197 lemma -58
1198 lemma 0 2 30
1199 lemma 80
1200 lemma 30
1201 lemma -45
1202 lemma 0 1 30
1203 lemma 22
1204 lemma 134
1205 lemma 85
1206 lemma 0 2 7
1207 lemma 5
1208 lemma 137
1209 lemma -17
1210 lemma 0 1 20
1211 lemma -1
1212 lemma 16
1213 lemma -2
1214 lemma 0 3 28
1215 lemma 48
1216 lemma -37
1217 lemma -24
1218 lemma 0 1 5
1219 lemma -1
1220 lemma -33
1221 lemma 12
1222 lemma 0 3 15
1223 lemma 101
1224 lemma -1
1225 lemma 80
1226 lemma 0 1 43
1227 lemma -10
1228 lemma 37
1229 lemma -2
1230 lemma 0 2 10
1231 lemma -45
1232 lemma -2
1233 lemma -92
1234 lemma 0 3 4
1235 lemma -7
1236 lemma -39
1237 lemma -125
1238 lemma 0 1 31
1239 lemma 45
1240 lemma 18
1241 lemma 35
1242 lemma 0 3 49
1243 lemma 101
1244 lemma 30
1245 lemma 45
1246 lemma 0 1 41
1247 lemma -134
1248 lemma -26
1249 lemma -35
1250 lemma 0 1 39
1251 lemma 6
1252 lemma -21
1253 lemma 104
1254 lemma 0 1 18
1255 lemma 12
1256 lemma 49
1257 lemma -16
1258 lemma 0 1 39
1259 lemma -33
1260 lemma 48
1261 lemma -46
1262 lemma -6
1263 lemma 104
1264 lemma -92
1265 lemma 140
1266 lemma -59
1267 lemma -23
1268 lemma 49
1269 lemma -3
1270 lemma 86
1271 lemma -85
1272 lemma 101
1273 lemma 16
1274 lemma 24
1275 lemma 5
1276 lemma 45
1277 lemma 0 1 47
1278 lemma 12
1279 lemma -101
1280 lemma -93
1281 lemma 0 3 7
1282 lemma 6
1283 lemma 30
1284 lemma -92
1285 lemma 0 1 16
1286 lemma 8
1287 lemma -101
1288 lemma -25
1289 lemma 140
1290 lemma 0 1 28
1291 lemma 97
1292 lemma 21
1293 lemma 85
1294 lemma 0 1 3
1295 lemma -86
1296 lemma -30
1297 lemma -136
1298 lemma 0 1 36
1299 lemma -12
1300 lemma -134
1301 lemma -6
1302 lemma 0 1 33
1303 lemma 40
1304 lemma -137
1305 lemma -134
1306 lemma 0 3 26
1307 lemma -25
1308 lemma -3
1309 lemma -30
1310 lemma 0 3 48
1311 lemma 35
1312 lemma 125
1313 lemma -20
1314 lemma 0 1 16
1315 lemma -46
1316 lemma 97
1317 lemma 58
1318 lemma 39
1319 lemma 0 2 28
1320 lemma 17
1321 lemma 3
1322 lemma 22
1323 lemma 0 3 32
1324 lemma -24
1325 lemma 85
1326 lemma 45
1327 lemma 0 3 47
1328 lemma -142
1329 lemma 48
1330 lemma -140
1331 lemma 0 3 6
1332 lemma -48
1333 lemma -36
1334 lemma -47
1335 lemma 0 2 50
1336 lemma 35
1337 lemma -86
1338 lemma -36
1339 lemma 0 3 38
1340 lemma 3
1341 lemma -6
1342 lemma 85
1343 lemma 0 1 15
1344 lemma 39
1345 lemma -10
1346 lemma 30
1347 lemma 0 1 47
1348 lemma -20
1349 lemma -5
1350 lemma -142
1351 lemma 0 1 10
1352 lemma 2
1353 lemma -37
1354 lemma 46
1355 lemma 0 1 8
1356 lemma -49
1357 lemma 38
1358 lemma 93
1359 lemma 0 1 37
1360 lemma -23
1361 lemma 58
1362 lemma 33
1363 lemma 0 3 33
1364 lemma 45
1365 lemma -37
1366 lemma 140
1367 lemma 0 1 0
1368 lemma -80
1369 lemma 46
1370 lemma -40
1371 lemma 0 3 18
1372 lemma 137
1373 lemma 25
1374 lemma 18
1375 lemma 0 1 41
1376 lemma -6
1377 lemma -3
1378 lemma -58
1379 lemma 0 1 39
1380 lemma -36
1381 lemma 24
1382 lemma -6
1383 lemma 0 1 10
1384 lemma -16
1385 lemma -10
1386 lemma 59
1387 lemma 0 1 7
1388 lemma -18
1389 lemma -8
1390 lemma 5
1391 lemma 0 3 46
1392 lemma -1
1393 lemma 49
1394 lemma -44
1395 lemma 0 1 47
1396 lemma 92
1397 lemma -12
1398 lemma -104
1399 lemma 0 1 12
1400 lemma -47
1401 lemma -5
1402 lemma 2
1403 lemma 0 1 30
1404 lemma 137
1405 lemma 40
1406 lemma 45
1407 lemma -134
1408 lemma 36
1409 lemma 86
1410 lemma -125
1411 lemma -93
1412 lemma -22
1413 lemma -47
1414 lemma -46
1415 lemma 25
1416 lemma 33
1417 lemma 21
1418 lemma 142
1419 lemma -6
1420 lemma -20
1421 lemma -38
1422 lemma 0 1 37
1423 lemma -12
1424 lemma 8
1425 lemma -137
1426 lemma 0 1 45
1427 lemma 93
1428 lemma 142
1429 lemma 59
1430 lemma 0 2 11
1431 lemma 33
1432 lemma 137
1433 lemma -35
1434 lemma 0 3 17
1435 lemma -21
1436 lemma -49
1437 lemma -37
1438 lemma 0 1 44
1439 lemma 39
1440 lemma -142
1441 lemma -30
1442 lemma 0 2 25
1443 lemma 33
1444 lemma -49
1445 lemma -17
1446 lemma 8
1447 lemma 0 1 40
1448 lemma -48
1449 lemma 39
1450 lemma -35
1451 lemma 0 3 30
1452 lemma 125
1453 lemma -24
1454 lemma -30
1455 lemma 0 3 33
1456 lemma 21
1457 lemma 5
1458 lemma 10
1459 lemma 0 1 1
1460 lemma 93
1461 lemma -38
1462 lemma -136
1463 lemma 0 1 29
1464 lemma -142
1465 lemma -21
1466 lemma -10
1467 lemma 0 1 48
1468 lemma 93
1469 lemma -39
1470 lemma -7
1471 lemma 0 1 3
1472 lemma 5
1473 lemma -47
1474 lemma -136
1475 lemma 0 1 32
1476 lemma 142
1477 lemma -16
1478 lemma 37
1479 lemma 0 1 9
1480 lemma -40
1481 lemma 22
1482 lemma 86
1483 lemma 0 3 35
1484 lemma 17
1485 lemma 30
1486 lemma 38
1487 lemma 0 0 1
1488 lemma -134
1489 lemma -142
1490 lemma -22
1491 lemma 0 3 40
1492 lemma 92
1493 lemma 93
1494 lemma -142
1495 lemma -85
1496 lemma -12
1497 lemma 22
1498 lemma 25
1499 lemma -46
1500 lemma -38
1501 lemma 21
1502 lemma 8
1503 lemma -86
1504 lemma 0 3 18
1505 lemma -21
1506 lemma -37
1507 lemma -33
1508 lemma 0 1 25
1509 lemma -6
1510 lemma -35
1511 lemma 25
1512 lemma -125
1513 lemma 0 2 37
1514 lemma 47
1515 lemma -140
1516 lemma 92
1517 lemma 0 2 29
1518 lemma 137
1519 lemma 6
1520 lemma -2
1521 lemma 0 3 4
1522 lemma 38
1523 lemma 40
1524 lemma -39
1525 lemma 0 1 43
1526 lemma 80
1527 lemma -30
1528 lemma 3
1529 lemma 0 1 36
1530 lemma 30
1531 lemma 97
1532 lemma 137
1533 lemma -21
1534 lemma 0 1 29
1535 lemma -12
1536 lemma -59
1537 lemma -5
1538 lemma 0 3 44
1539 lemma 93
1540 lemma -101
1541 lemma 1
1542 lemma 0 1 10
1543 lemma 101
1544 lemma 22
1545 lemma -37
1546 lemma 0 1 6
1547 lemma 93
1548 lemma 24
1549 lemma 2
1550 lemma 0 1 20
1551 lemma -125
1552 lemma 20
1553 lemma 97
1554 lemma 0 1 5
1555 lemma -5
1556 lemma -44
1557 lemma -80
1558 lemma 0 0 44
1559 lemma 38
1560 lemma 49
1561 lemma -20
1562 lemma 101
1563 lemma 0 1 35
1564 lemma -22
1565 lemma 26
1566 lemma 36
1567 lemma 0 1 50
1568 lemma -1
1569 lemma 17
1570 lemma 48
1571 lemma 0 1 28
1572 lemma 92
1573 lemma 85
1574 lemma -142
1575 lemma 0 1 47
1576 lemma 136
1577 lemma 38
1578 lemma 5
1579 lemma 0 1 20
1580 lemma -23
1581 lemma -40
1582 lemma 134
1583 lemma 16
1584 lemma -23
1585 lemma 0 3 35
1586 lemma -35
1587 lemma -30
1588 lemma 48
1589 lemma 0 3 9
1590 lemma 18
1591 lemma 58
1592 lemma -85
1593 lemma 0 1 47
1594 lemma -38
1595 lemma -80
1596 lemma 18
1597 lemma 0 3 20
1598 lemma 101
1599 lemma 36
1600 lemma -85
1601 lemma 0 1 27
1602 lemma -48
1603 lemma 26
1604 lemma 10
1605 lemma 0 3 33
1606 lemma 35
1607 lemma 137
1608 lemma 24
1609 lemma 0 1 50
1610 lemma 85
1611 lemma -101
1612 lemma 16
1613 lemma 0 1 9
1614 lemma 5
1615 lemma -40
1616 lemma 23
1617 lemma 0 1 18
1618 lemma 33
1619 lemma 10
1620 lemma 85
1621 lemma 0 1 10
1622 lemma 97
1623 lemma 23
1624 lemma 3
1625 lemma 0 3 14
1626 lemma 36
1627 lemma 49
1628 lemma -8
1629 lemma 0 1 5
1630 lemma 22
1631 lemma -3
1632 lemma -136
1633 lemma 0 1 11
1634 lemma -26
1635 lemma 30
1636 lemma -18
1637 lemma 0 1 26
1638 lemma -137
1639 lemma -22
1640 lemma 125
1641 lemma 0 1 10
1642 lemma 7
1643 lemma 3
1644 lemma 85
1645 lemma 0 1 27
1646 lemma 92
1647 lemma -49
1648 lemma -36
1649 lemma 0 1 3
1650 lemma 12
1651 lemma 104
1652 lemma 30
1653 lemma -101
1654 lemma 0 1 37
1655 lemma -134
1656 lemma -1
1657 lemma 142
1658 lemma -20
1659 lemma 58
1660 lemma -23
1661 lemma -17
1662 lemma 86
1663 lemma -137
1664 lemma -26
1665 lemma -101
1666 lemma 104
1667 lemma 0 3 18
1668 lemma 23
1669 lemma 10
1670 lemma -59
1671 lemma 0 3 41
1672 lemma -7
1673 lemma 22
1674 lemma -58
1675 lemma 0 3 46
1676 lemma 6
1677 lemma 8
1678 lemma 140
1679 lemma 0 1 23
1680 lemma 85
1681 lemma 18
1682 lemma -3
1683 lemma -80
1684 lemma 0 1 16
1685 lemma 137
1686 lemma 58
1687 lemma -136
1688 lemma 0 3 7
1689 lemma 44
1690 lemma -18
1691 lemma -36
1692 lemma 0 1 35
1693 lemma -24
1694 lemma -80
1695 lemma 25
1696 lemma 0 2 39
1697 lemma -33
1698 lemma 10
1699 lemma 86
1700 lemma 0 1 8
1701 lemma 59
1702 lemma -140
1703 lemma 10
1704 lemma 0 0 31
1705 lemma -1
1706 lemma 24
1707 lemma 5
1708 lemma 0 1 19
1709 lemma -30
1710 lemma -25
1711 lemma 26
1712 lemma 0 1 38
1713 lemma 142
1714 lemma 93
1715 lemma -6
1716 lemma 0 1 31
1717 lemma -17
1718 lemma 23
1719 lemma 2
1720 lemma 140
1721 lemma 30
1722 lemma 16
1723 lemma 45
1724 lemma 104
1725 lemma 137
1726 lemma 46
1727 lemma 0 1 38
1728 lemma -39
1729 lemma -37
1730 lemma 38
1731 lemma 0 1 1
1732 lemma 80
1733 lemma 6
1734 lemma -104
1735 lemma -37
1736 lemma 0 1 40
1737 lemma -7
1738 lemma -80
1739 lemma 101
1740 lemma 0 1 13
1741 lemma 134
1742 lemma 39
1743 lemma -10
1744 lemma -16
1745 lemma 0 1 0
1746 lemma 6
1747 lemma -38
1748 lemma 33
1749 lemma 0 1 50
1750 lemma 8
1751 lemma 26
1752 lemma 92
1753 lemma 0 1 40
1754 lemma 3
1755 lemma -104
1756 lemma -136
1757 lemma 0 3 27
1758 lemma 44
1759 lemma -140
1760 lemma 23
1761 lemma 0 1 0
1762 lemma -18
1763 lemma 46
1764 lemma -134
1765 lemma 0 1 35
1766 lemma 85
1767 lemma 35
1768 lemma -2
1769 lemma -80
1770 lemma 0 1 17
1771 lemma -21
1772 lemma 46
1773 lemma -85
1774 lemma 86
1775 lemma 0 1 34
1776 lemma -33
1777 lemma 44
1778 lemma 39
1779 lemma 0 3 32
1780 lemma -48
1781 lemma 45
1782 lemma -5
1783 lemma 0 2 1
1784 lemma -8
1785 lemma -37
1786 lemma 38
1787 lemma 0 1 37
1788 lemma 48
1789 lemma 137
1790 lemma 2
1791 lemma 0 1 18
1792 lemma 3
1793 lemma 30
1794 lemma 85
1795 lemma -26
1796 lemma 0 3 27
1797 lemma -39
1798 lemma 30
1799 lemma -1
1800 lemma 0 1 5
1801 lemma 47
1802 lemma -93
1803 lemma 86
1804 lemma 0 3 0
1805 lemma -93
1806 lemma 125
1807 lemma -35
1808 lemma 0 1 32
1809 lemma -125
1810 lemma 21
1811 lemma 16
1812 lemma 0 3 5
1813 lemma -36
1814 lemma 39
1815 lemma 134
1816 lemma 0 1 29
1817 lemma -5
1818 lemma 21
1819 lemma -23
1820 lemma 0 1 37
1821 lemma -58
1822 lemma 48
1823 lemma -134
1824 lemma 0 3 32
1825 lemma 92
1826 lemma 8
1827 lemma 93
1828 lemma 0 2 20
1829 lemma -10
1830 lemma 20
1831 lemma -24
1832 lemma 0 1 49
1833 lemma -104
1834 lemma -47
1835 lemma 35
1836 lemma 0 1 42
1837 lemma 136
1838 lemma -40
1839 lemma 3
1840 lemma 0 2 36
1841 val -1 1
1842 val -2 0
1843 val 3 1
1844 val -4 0
1845 val 6 0
1846 val -7 0
1847 val -9 0
1848 val -10 1
1849 val 11 0
1850 val -12 0
1851 val 15 0
1852 val -16 1
1853 val 17 0
1854 val -19 1
1855 val 21 0
1856 val -22 0
1857 val 24 0
1858 val 25 1
1859 val 26 1
1860 val 27 0
1861 val 29 1
1862 val 30 1
1863 val -31 1
1864 val -32 1
1865 val -33 0
1866 val -35 1
1867 val -36 1
1868 val 39 0
1869 val -40 1
1870 val -41 1
1871 val 44 1
1872 val -45 1
1873 val 46 1
1874 val 47 0
1875 val -48 0
1876 failed -4 0
1877 failed 8 0
1878 failed -10 0
1879 failed -13 0
1880 failed -17 0
1881 failed -23 0
1882 failed -34 0
1883 frozen 2 0
1884 frozen 3 0
1885 frozen -13 0
1886 frozen 14 0
1887 frozen -16 0
1888 frozen -20 0
1889 frozen -21 0
1890 frozen 22 0
1891 frozen -28 0
1892 frozen 29 0
1893 frozen -31 0
1894 frozen 39 0
1895 frozen 41 0
1896 frozen -46 0
1897 frozen -48 0
1898 add -27
1899 add 55
1900 add -68
1901 add 0
1902 add 46
1903 add 53
1904 add 50
1905 add 0
1906 vars
1907 add 29
1908 add -59
1909 add -64
1910 add 0
1911 add 65
1912 add -54
1913 add 43
1914 add 0
1915 add -44
1916 add 70
1917 add 57
1918 add 0
1919 add -48
1920 add 44
1921 add 26
1922 add 0
1923 add -40
1924 add -62
1925 add 43
1926 add 0
1927 add -62
1928 add 56
1929 add 67
1930 add 0
1931 add 25
1932 add -66
1933 add 34
1934 add 0
1935 add 43
1936 add -41
1937 add 32
1938 add 0
1939 add -62
1940 add -41
1941 add 28
1942 add 0
1943 redundant
1944 add -48
1945 add -56
1946 add 64
1947 add 0
1948 add -27
1949 add 38
1950 add -30
1951 add 0
1952 add -53
1953 add 33
1954 add 42
1955 add 0
1956 add 70
1957 add 69
1958 add -67
1959 add 0
1960 add 65
1961 add -45
1962 add 63
1963 add 0
1964 add 68
1965 add 56
1966 add -43
1967 add 0
1968 add -69
1969 add 43
1970 add -45
1971 add 0
1972 implied
1973 add 25
1974 add -55
1975 add -65
1976 add 0
1977 add 45
1978 add -52
1979 add -36
1980 add 0
1981 add -43
1982 add 45
1983 add 63
1984 add 0
1985 add -51
1986 add -41
1987 add 60
1988 add 0
1989 add 29
1990 add 66
1991 add 49
1992 add 0
1993 add -24
1994 add -42
1995 add -33
1996 add 0
1997 active
1998 add -32
1999 add 70
2000 add 31
2001 add 0
2002 redundant
2003 add -55
2004 add -42
2005 add -25
2006 add 0
2007 declare_vars 13
2008 add 62
2009 add 41
2010 add 44
2011 add 0
2012 add 43
2013 add 46
2014 add -30
2015 add 0
2016 add 35
2017 add 70
2018 add 52
2019 add 0
2020 add 62
2021 add -65
2022 add -58
2023 add 0
2024 add -56
2025 add 40
2026 add 27
2027 add 0
2028 add -61
2029 add 66
2030 add 43
2031 add 0
2032 propagate 0
2033 add 58
2034 add 60
2035 add -47
2036 add 0
2037 add -62
2038 add -33
2039 add -49
2040 add 0
2041 add -58
2042 add -48
2043 add 54
2044 add 0
2045 add 59
2046 add 32
2047 add 28
2048 add 0
2049 add 31
2050 add -57
2051 add -37
2052 add 0
2053 add -40
2054 add -45
2055 add 36
2056 add 0
2057 add 49
2058 add -46
2059 add 38
2060 add 0
2061 add -42
2062 add 24
2063 add 44
2064 add 0
2065 add -54
2066 add 42
2067 add 45
2068 add 0
2069 add -34
2070 add 25
2071 add 68
2072 add 0
2073 add -63
2074 add -38
2075 add 27
2076 add 0
2077 add -47
2078 add 65
2079 add -33
2080 add 0
2081 add 63
2082 add -42
2083 add -66
2084 add 0
2085 add 38
2086 add 62
2087 add -58
2088 add 0
2089 add 45
2090 add -64
2091 add 41
2092 add 0
2093 add 65
2094 add -28
2095 add -33
2096 add 0
2097 add 69
2098 add -56
2099 add -43
2100 add 0
2101 add -35
2102 add -39
2103 add 64
2104 add 0
2105 add -45
2106 add -61
2107 add 27
2108 add 0
2109 vars
2110 add -69
2111 add 34
2112 add -40
2113 add 0
2114 add 37
2115 add 25
2116 add -36
2117 add 0
2118 add -52
2119 add -68
2120 add 53
2121 add 0
2122 add 54
2123 add -41
2124 add -62
2125 add 0
2126 add 40
2127 add 38
2128 add 62
2129 add 0
2130 add -48
2131 add 60
2132 add 57
2133 add 0
2134 add -54
2135 add 24
2136 add -62
2137 add 0
2138 add -56
2139 add 42
2140 add 40
2141 add 0
2142 add 34
2143 add 42
2144 add -47
2145 add 0
2146 add -24
2147 add 43
2148 add 64
2149 add 0
2150 add -60
2151 add -63
2152 add -28
2153 add 0
2154 add -50
2155 add -27
2156 add 63
2157 add 0
2158 add 68
2159 add 28
2160 add -27
2161 add 0
2162 add -64
2163 add 51
2164 add -40
2165 add 0
2166 add 62
2167 add 37
2168 add -39
2169 add 0
2170 add 38
2171 add 35
2172 add -41
2173 add 0
2174 add 33
2175 add 38
2176 add -50
2177 add 0
2178 implied
2179 add 26
2180 add -58
2181 add -65
2182 add 0
2183 add -50
2184 add -38
2185 add 69
2186 add 0
2187 propagate 0
2188 add -46
2189 add 69
2190 add -35
2191 add 0
2192 vars
2193 add -61
2194 add 36
2195 add 38
2196 add 0
2197 add -30
2198 add 26
2199 add 25
2200 add 0
2201 add 56
2202 add -34
2203 add 62
2204 add 0
2205 add 46
2206 add -66
2207 add 40
2208 add 0
2209 add -26
2210 add 32
2211 add -67
2212 add 0
2213 add 69
2214 add -43
2215 add -27
2216 add 0
2217 add -55
2218 add -31
2219 add 66
2220 add 0
2221 add -34
2222 add -54
2223 add 55
2224 add 0
2225 add 50
2226 add 57
2227 add -40
2228 add 0
2229 add -50
2230 add 47
2231 add 56
2232 add 0
2233 add -64
2234 add 36
2235 add 26
2236 add 0
2237 add -67
2238 add -32
2239 add -28
2240 add 0
2241 add -61
2242 add 28
2243 add 52
2244 add 0
2245 add -31
2246 add 43
2247 add 65
2248 add 0
2249 add -32
2250 add -45
2251 add -70
2252 add 0
2253 declare_vars 75
2254 add -26
2255 add -43
2256 add 66
2257 add 0
2258 add -41
2259 add 64
2260 add 28
2261 add 0
2262 add -69
2263 add -25
2264 add -53
2265 add 0
2266 resize 33
2267 add -29
2268 add 57
2269 add -42
2270 add 0
2271 add 50
2272 add -45
2273 add -41
2274 add 0
2275 add 52
2276 add 32
2277 add -68
2278 add 0
2279 add 52
2280 add 33
2281 add -31
2282 add 0
2283 add 66
2284 add 44
2285 add 68
2286 add 0
2287 add -41
2288 add 58
2289 add 48
2290 add 0
2291 add -43
2292 add 34
2293 add -44
2294 add 0
2295 add -46
2296 add -59
2297 add 56
2298 add 0
2299 add -61
2300 add -43
2301 add 37
2302 add 0
2303 add -56
2304 add -27
2305 add 61
2306 add 0
2307 active
2308 add -27
2309 add -62
2310 add 54
2311 add 0
2312 add -70
2313 add -50
2314 add -61
2315 add 0
2316 add -58
2317 add 69
2318 add 51
2319 add 0
2320 add -65
2321 add -24
2322 add 61
2323 add 0
2324 add -47
2325 add -68
2326 add 25
2327 add 0
2328 add 34
2329 add 54
2330 add -32
2331 add 0
2332 add 70
2333 add -56
2334 add -65
2335 add 0
2336 add -42
2337 add 24
2338 add -40
2339 add 0
2340 add -53
2341 add 24
2342 add 49
2343 add 0
2344 add -34
2345 add -27
2346 add 70
2347 add 0
2348 add 24
2349 add 34
2350 add 35
2351 add 0
2352 add 47
2353 add 33
2354 add 25
2355 add 0
2356 add -37
2357 add 25
2358 add -40
2359 add 0
2360 add -47
2361 add -46
2362 add -35
2363 add 0
2364 add 41
2365 add -46
2366 add -63
2367 add 0
2368 add 68
2369 add -54
2370 add 24
2371 add 0
2372 add 30
2373 add -27
2374 add -39
2375 add 0
2376 add 58
2377 add 31
2378 add -55
2379 add 0
2380 add -29
2381 add -35
2382 add -30
2383 add 0
2384 add -51
2385 add 65
2386 add 63
2387 add 0
2388 add 67
2389 add 56
2390 add -42
2391 add 0
2392 implied
2393 add -46
2394 add 45
2395 add 68
2396 add 0
2397 add 55
2398 add 58
2399 add -39
2400 add 0
2401 add 46
2402 add -34
2403 add 63
2404 add 0
2405 add 52
2406 add 43
2407 add -34
2408 add 0
2409 add 24
2410 add 63
2411 add -49
2412 add 0
2413 add 28
2414 add -24
2415 add -38
2416 add 0
2417 add 28
2418 add -32
2419 add -64
2420 add 0
2421 add -36
2422 add -25
2423 add -43
2424 add 0
2425 active
2426 add -63
2427 add -51
2428 add 35
2429 add 0
2430 add -27
2431 add -30
2432 add -38
2433 add 0
2434 add -66
2435 add 29
2436 add -32
2437 add 0
2438 add 52
2439 add -34
2440 add -51
2441 add 0
2442 active
2443 add -27
2444 add -45
2445 add -35
2446 add 0
2447 add 35
2448 add -26
2449 add -40
2450 add 0
2451 add -66
2452 add 56
2453 add 54
2454 add 0
2455 redundant
2456 add -42
2457 add 50
2458 add -51
2459 add 0
2460 add -46
2461 add -52
2462 add 34
2463 add 0
2464 active
2465 add 59
2466 add -47
2467 add 46
2468 add 0
2469 add -30
2470 add 55
2471 add -39
2472 add 0
2473 add -64
2474 add 44
2475 add 41
2476 add 0
2477 add -52
2478 add 38
2479 add -32
2480 add 0
2481 add -40
2482 add 50
2483 add -52
2484 add 0
2485 irredundant
2486 add -24
2487 add -56
2488 add 46
2489 add 0
2490 add 44
2491 add 30
2492 add 51
2493 add 0
2494 add 37
2495 add 61
2496 add -41
2497 add 0
2498 add 58
2499 add 45
2500 add -35
2501 add 0
2502 add 49
2503 add 67
2504 add 44
2505 add 0
2506 add -35
2507 add 29
2508 add 37
2509 add 0
2510 add -38
2511 add 62
2512 add -25
2513 add 0
2514 resize 0
2515 add 65
2516 add -31
2517 add -58
2518 add 0
2519 active
2520 add 37
2521 add -69
2522 add -60
2523 add 0
2524 add -49
2525 add -27
2526 add 24
2527 add 0
2528 add 53
2529 add -41
2530 add 52
2531 add 0
2532 add 58
2533 add 64
2534 add -51
2535 add 0
2536 add 30
2537 add -47
2538 add -49
2539 add 0
2540 propagate 0
2541 add -40
2542 add -54
2543 add -41
2544 add 0
2545 add 54
2546 add 60
2547 add -24
2548 add 0
2549 add 70
2550 add 26
2551 add -68
2552 add 0
2553 add -40
2554 add -62
2555 add -34
2556 add 0
2557 redundant
2558 add 36
2559 add 62
2560 add -29
2561 add 0
2562 add 32
2563 add -41
2564 add -27
2565 add 0
2566 add 45
2567 add -60
2568 add 49
2569 add 0
2570 add -61
2571 add -55
2572 add -70
2573 add 0
2574 add 43
2575 add -44
2576 add -49
2577 add 0
2578 add -62
2579 add -32
2580 add 41
2581 add 0
2582 redundant
2583 add 66
2584 add -37
2585 add -26
2586 add 0
2587 add -68
2588 add 47
2589 add -26
2590 add 0
2591 active
2592 add -45
2593 add 37
2594 add 68
2595 add 0
2596 add 38
2597 add 61
2598 add -48
2599 add 0
2600 add 52
2601 add 66
2602 add -57
2603 add 0
2604 add -36
2605 add 67
2606 add -27
2607 add 0
2608 add -25
2609 add 42
2610 add -58
2611 add 0
2612 add 42
2613 add 46
2614 add -66
2615 add 0
2616 add 59
2617 add 46
2618 add 63
2619 add 0
2620 add -38
2621 add 48
2622 add 28
2623 add 0
2624 add -41
2625 add 56
2626 add -38
2627 add 0
2628 active
2629 add 56
2630 add -54
2631 add 32
2632 add 0
2633 add -48
2634 add -49
2635 add 65
2636 add 0
2637 irredundant
2638 add -66
2639 add -61
2640 add -44
2641 add 0
2642 add -27
2643 add 60
2644 add -57
2645 add 0
2646 active
2647 add 28
2648 add 50
2649 add 60
2650 add 0
2651 add 27
2652 add -49
2653 add 50
2654 add 0
2655 add 31
2656 add 50
2657 add 25
2658 add 0
2659 add 54
2660 add -25
2661 add -34
2662 add 0
2663 add -68
2664 add 44
2665 add -30
2666 add 0
2667 add 68
2668 add 36
2669 add 30
2670 add 0
2671 add 69
2672 add 41
2673 add 54
2674 add 0
2675 add -32
2676 add -68
2677 add -34
2678 add 0
2679 add -53
2680 add -33
2681 add -69
2682 add 0
2683 add -48
2684 add -39
2685 add -41
2686 add 0
2687 declare_vars 17
2688 add -38
2689 add -45
2690 add -30
2691 add 0
2692 add 55
2693 add 47
2694 add -41
2695 add 0
2696 add 41
2697 add -28
2698 add -69
2699 add 0
2700 add -52
2701 add -68
2702 add 29
2703 add 0
2704 add 31
2705 add -49
2706 add 54
2707 add 0
2708 add 27
2709 add -46
2710 add -51
2711 add 0
2712 observe 24
2713 observe 25
2714 observe 26
2715 observe 27
2716 observe 28
2717 observe 30
2718 observe -32
2719 observe -33
2720 observe -34
2721 observe 35
2722 observe 36
2723 observe 37
2724 observe 38
2725 observe -40
2726 observe -41
2727 observe 43
2728 observe 44
2729 observe -46
2730 observe -47
2731 observe -50
2732 observe 51
2733 observe 53
2734 observe 54
2735 observe -55
2736 observe 56
2737 observe -57
2738 observe 58
2739 observe -59
2740 observe -61
2741 observe 62
2742 observe -66
2743 observe 67
2744 observe -69
2745 observe 95
2746 observe -112
2747 observe 118
2748 observe -119
2749 observe 121
2750 observe -123
2751 observe 124
2752 observe -125
2753 observe 129
2754 observe 130
2755 observe -131
2756 observe -137
2757 observe 153
2758 observe -156
2759 observe 161
2760 assume 29
2761 freeze -1
2762 freeze -2
2763 freeze -4
2764 freeze -5
2765 freeze -6
2766 freeze 7
2767 freeze 8
2768 freeze -10
2769 freeze 12
2770 freeze -13
2771 freeze 15
2772 freeze 16
2773 freeze 18
2774 freeze -19
2775 freeze 20
2776 freeze -21
2777 freeze 22
2778 freeze -23
2779 freeze -24
2780 freeze 26
2781 freeze -27
2782 freeze 28
2783 freeze -29
2784 freeze -30
2785 freeze 31
2786 freeze 32
2787 freeze 33
2788 freeze -35
2789 freeze -37
2790 freeze 38
2791 freeze -40
2792 freeze 42
2793 freeze -43
2794 freeze -45
2795 freeze -48
2796 freeze 49
2797 freeze 51
2798 freeze -52
2799 freeze -53
2800 freeze -54
2801 freeze 55
2802 freeze -59
2803 freeze 61
2804 freeze 67
2805 freeze -68
2806 freeze 70
2807 limit conflicts 190
2808 limit decisions 338
2809 phase 1
2810 phase 2
2811 phase -4
2812 phase -5
2813 phase 6
2814 phase -7
2815 phase 8
2816 phase -9
2817 unphase -10
2818 phase 11
2819 phase 12
2820 phase -13
2821 phase -14
2822 phase 16
2823 phase -17
2824 phase 18
2825 phase -19
2826 phase 20
2827 phase 22
2828 phase -23
2829 phase -24
2830 phase -25
2831 phase -26
2832 phase 27
2833 phase 31
2834 phase 32
2835 phase 33
2836 phase -34
2837 phase -35
2838 phase 36
2839 phase -37
2840 phase -39
2841 phase 40
2842 phase 41
2843 phase 43
2844 unphase -44
2845 phase 45
2846 phase -46
2847 phase -47
2848 phase 48
2849 phase 49
2850 phase 51
2851 phase 52
2852 phase -53
2853 phase 54
2854 phase -55
2855 phase -56
2856 phase 57
2857 phase 58
2858 phase 59
2859 phase -60
2860 phase 61
2861 phase -63
2862 phase 64
2863 phase 65
2864 phase 66
2865 phase -67
2866 phase 68
2867 phase 69
2868 phase -70
2869 simplify 9 0
2870 decide 130 33
2871 decide -25 29
2872 decide 61 37
2873 decide 161 24
2874 decide -51 12
2875 decide 22 29
2876 decide -57 43
2877 decide -156 44
2878 decide -51 31
2879 decide 66 4
2880 decide 61 22
2881 decide 33 6
2882 decide -54 31
2883 decide 40 47
2884 decide -20 1
2885 decide -112 29
2886 decide 130 31
2887 decide -85 3
2888 decide 44 46
2889 decide -24 20
2890 decide -40 23
2891 decide -26 31
2892 decide -35 15
2893 decide -67 33
2894 decide 50 1
2895 decide -30 37
2896 decide -49 20
2897 decide -3 24
2898 decide 140 9
2899 decide 136 11
2900 decide -118 39
2901 decide -44 43
2902 decide 35 33
2903 decide -45 50
2904 decide 38 6
2905 decide 80 13
2906 decide 47 5
2907 decide -23 10
2908 decide 62 38
2909 decide -136 33
2910 decide -136 34
2911 decide -54 45
2912 decide 137 5
2913 decide -61 25
2914 decide 156 16
2915 decide 101 44
2916 decide 49 42
2917 decide -7 4
2918 decide -48 42
2919 decide 40 50
2920 decide 41 4
2921 decide -136 50
2922 decide 27 17
2923 decide -39 7
2924 decide 6 34
2925 decide 134 46
2926 decide -62 2
2927 decide -134 44
2928 decide 137 25
2929 decide -131 39
2930 decide -25 0
2931 decide 53 12
2932 decide -97 47
2933 decide 16 12
2934 decide -121 2
2935 decide 153 19
2936 decide 92 27
2937 decide 8 6
2938 decide 137 29
2939 decide 53 10
2940 decide 35 50
2941 decide 6 42
2942 decide -39 2
2943 decide 104 22
2944 decide -119 35
2945 decide -33 26
2946 decide 26 49
2947 decide 12 49
2948 decide 86 19
2949 decide 32 15
2950 decide 69 50
2951 decide -45 15
2952 decide -21 16
2953 decide 134 27
2954 decide -119 12
2955 decide 80 33
2956 decide 30 34
2957 decide -69 26
2958 decide -28 11
2959 decide 58 26
2960 decide 85 6
2961 decide 137 2
2962 decide -21 50
2963 decide 26 42
2964 decide 44 13
2965 decide -85 36
2966 decide -47 10
2967 decide -20 5
2968 decide 49 35
2969 decide -142 17
2970 lemma -62
2971 lemma 59
2972 lemma -38
2973 lemma 0 1 9
2974 lemma -67
2975 lemma -140
2976 lemma 46
2977 lemma 0 1 20
2978 lemma -24
2979 lemma 131
2980 lemma -129
2981 lemma 58
2982 lemma 0 1 14
2983 lemma -124
2984 lemma 61
2985 lemma 134
2986 lemma 0 3 7
2987 lemma -36
2988 lemma -38
2989 lemma -80
2990 lemma 0 3 31
2991 lemma 123
2992 lemma 61
2993 lemma -49
2994 lemma 0 3 28
2995 lemma -118
2996 lemma 129
2997 lemma -45
2998 lemma 0 1 12
2999 lemma -137
3000 lemma -134
3001 lemma -59
3002 lemma 0 3 23
3003 lemma -30
3004 lemma 45
3005 lemma 61
3006 lemma 0 1 42
3007 lemma -57
3008 lemma -16
3009 lemma -53
3010 lemma 0 3 23
3011 lemma 37
3012 lemma -93
3013 lemma -2
3014 lemma 0 3 41
3015 lemma 24
3016 lemma -1
3017 lemma -35
3018 lemma 0 1 27
3019 lemma -33
3020 lemma 37
3021 lemma 1
3022 lemma 50
3023 lemma 121
3024 lemma -119
3025 lemma 93
3026 lemma -30
3027 lemma 0 3 30
3028 lemma 30
3029 lemma -69
3030 lemma -3
3031 lemma 0 3 33
3032 lemma -129
3033 lemma 156
3034 lemma -54
3035 lemma 0 1 37
3036 lemma -93
3037 lemma -161
3038 lemma -54
3039 lemma 0 1 37
3040 lemma 24
3041 lemma -41
3042 lemma -10
3043 lemma 0 1 18
3044 lemma -93
3045 lemma -36
3046 lemma 37
3047 lemma 0 1 22
3048 lemma -93
3049 lemma 104
3050 lemma -123
3051 lemma 0 3 25
3052 lemma -85
3053 lemma 95
3054 lemma 36
3055 lemma 0 1 3
3056 lemma 10
3057 lemma -55
3058 lemma 36
3059 lemma 0 1 39
3060 lemma 58
3061 lemma -32
3062 lemma -34
3063 lemma 0 1 37
3064 lemma 136
3065 lemma -22
3066 lemma -37
3067 lemma 0 1 11
3068 lemma -36
3069 lemma -137
3070 lemma 80
3071 lemma 0 1 21
3072 lemma 12
3073 lemma 30
3074 lemma 43
3075 lemma 0 1 10
3076 lemma 46
3077 lemma 129
3078 lemma 23
3079 lemma 0 1 27
3080 lemma 125
3081 lemma 46
3082 lemma -26
3083 lemma 0 2 32
3084 lemma -20
3085 lemma 125
3086 lemma 57
3087 lemma 0 1 38
3088 lemma 131
3089 lemma 36
3090 lemma -134
3091 lemma 0 1 49
3092 lemma 124
3093 lemma 25
3094 lemma -36
3095 lemma 0 3 19
3096 lemma 37
3097 lemma 140
3098 lemma -129
3099 lemma 0 1 13
3100 lemma -134
3101 lemma -59
3102 lemma 7
3103 lemma 0 3 46
3104 lemma -1
3105 lemma -37
3106 lemma 40
3107 lemma 0 1 21
3108 lemma -25
3109 lemma 161
3110 lemma -93
3111 lemma 0 3 33
3112 lemma 140
3113 lemma -97
3114 lemma 25
3115 lemma 0 3 20
3116 lemma -161
3117 lemma 93
3118 lemma 41
3119 lemma 0 1 41
3120 lemma -30
3121 lemma 38
3122 lemma -47
3123 lemma 0 1 20
3124 lemma 55
3125 lemma 16
3126 lemma 37
3127 lemma 0 1 48
3128 lemma -118
3129 lemma -26
3130 lemma 23
3131 lemma 0 3 3
3132 lemma -124
3133 lemma -3
3134 lemma -16
3135 lemma 0 3 46
3136 lemma 153
3137 lemma 58
3138 lemma -156
3139 lemma 0 1 31
3140 lemma 26
3141 lemma -12
3142 lemma -32
3143 lemma 0 3 42
3144 lemma -123
3145 lemma 97
3146 lemma -49
3147 lemma 0 3 21
3148 lemma -136
3149 lemma 32
3150 lemma -33
3151 lemma 0 1 43
3152 lemma -5
3153 lemma -24
3154 lemma -121
3155 lemma 0 1 50
3156 lemma 27
3157 lemma 33
3158 lemma 49
3159 lemma 0 2 2
3160 lemma 58
3161 lemma -123
3162 lemma 93
3163 lemma 0 1 35
3164 lemma 48
3165 lemma 54
3166 lemma 36
3167 lemma 0 1 26
3168 lemma -142
3169 lemma 35
3170 lemma 20
3171 lemma 0 1 18
3172 lemma 46
3173 lemma 23
3174 lemma 6
3175 lemma 0 3 0
3176 lemma 161
3177 lemma 28
3178 lemma 119
3179 lemma 0 1 48
3180 lemma -61
3181 lemma -57
3182 lemma 36
3183 lemma 0 1 14
3184 lemma 38
3185 lemma 36
3186 lemma -34
3187 lemma 0 1 35
3188 lemma 28
3189 lemma -112
3190 lemma 156
3191 lemma 0 3 45
3192 lemma 59
3193 lemma 48
3194 lemma -10
3195 lemma 0 1 28
3196 lemma 123
3197 lemma -6
3198 lemma 30
3199 lemma 0 1 47
3200 lemma 10
3201 lemma 140
3202 lemma -23
3203 lemma 0 1 33
3204 lemma 137
3205 lemma -69
3206 lemma -41
3207 lemma 0 2 35
3208 lemma -18
3209 lemma 66
3210 lemma -25
3211 lemma 0 1 48
3212 lemma -53
3213 lemma 21
3214 lemma 32
3215 lemma 0 3 25
3216 lemma 62
3217 lemma 125
3218 lemma -36
3219 lemma 0 3 30
3220 lemma 27
3221 lemma 55
3222 lemma 47
3223 lemma 0 0 48
3224 lemma -112
3225 lemma 66
3226 lemma -47
3227 lemma -44
3228 lemma 0 3 46
3229 lemma 7
3230 lemma 80
3231 lemma 97
3232 lemma 0 2 27
3233 lemma 36
3234 lemma 40
3235 lemma -130
3236 lemma 0 1 45
3237 lemma -62
3238 lemma 2
3239 lemma -97
3240 lemma 0 3 25
3241 lemma 80
3242 lemma 17
3243 lemma 41
3244 lemma 0 2 33
3245 lemma 54
3246 lemma -140
3247 lemma 49
3248 lemma 0 1 33
3249 lemma 10
3250 lemma 95
3251 lemma 66
3252 lemma -86
3253 lemma 0 2 30
3254 lemma 49
3255 lemma 33
3256 lemma 1
3257 lemma 0 1 32
3258 lemma -121
3259 lemma -35
3260 lemma -62
3261 lemma 0 1 31
3262 lemma -153
3263 lemma -43
3264 lemma 17
3265 lemma 0 1 19
3266 lemma -123
3267 lemma 43
3268 lemma 142
3269 lemma 0 3 49
3270 lemma 51
3271 lemma -161
3272 lemma -25
3273 lemma 0 3 13
3274 lemma -36
3275 lemma -38
3276 lemma -137
3277 lemma 33
3278 lemma -25
3279 lemma 30
3280 lemma 55
3281 lemma -51
3282 lemma -45
3283 lemma -95
3284 lemma -35
3285 lemma 47
3286 lemma 67
3287 lemma 18
3288 lemma -136
3289 lemma -153
3290 lemma 20
3291 lemma -66
3292 lemma 0 1 37
3293 lemma -40
3294 lemma 24
3295 lemma 93
3296 lemma -161
3297 lemma 0 1 46
3298 lemma -112
3299 lemma -93
3300 lemma -40
3301 lemma 0 1 5
3302 lemma 125
3303 lemma -12
3304 lemma -136
3305 lemma 0 3 46
3306 lemma -55
3307 lemma -95
3308 lemma -156
3309 lemma 0 2 33
3310 lemma -36
3311 lemma -142
3312 lemma 35
3313 lemma 0 3 30
3314 lemma 28
3315 lemma -35
3316 lemma -47
3317 lemma 0 3 2
3318 lemma 119
3319 lemma 35
3320 lemma 34
3321 lemma 0 3 21
3322 lemma 142
3323 lemma 86
3324 lemma -27
3325 lemma 0 3 24
3326 lemma -124
3327 lemma 69
3328 lemma -35
3329 lemma 0 1 28
3330 lemma -6
3331 lemma 25
3332 lemma -130
3333 lemma 0 2 25
3334 lemma 86
3335 lemma 53
3336 lemma 0 1 10
3337 lemma 25
3338 lemma -43
3339 lemma -39
3340 lemma 0 3 24
3341 lemma -53
3342 lemma 38
3343 lemma 8
3344 lemma 41
3345 lemma 1
3346 lemma 6
3347 lemma 30
3348 lemma -30
3349 lemma 7
3350 lemma 0 1 0
3351 lemma -38
3352 lemma -25
3353 lemma -130
3354 lemma 123
3355 lemma 0 1 45
3356 lemma -119
3357 lemma -17
3358 lemma 136
3359 lemma -3
3360 lemma 0 1 29
3361 lemma 57
3362 lemma -92
3363 lemma 0 3 38
3364 lemma -121
3365 lemma 26
3366 lemma 50
3367 lemma 0 1 26
3368 lemma -24
3369 lemma 25
3370 lemma 119
3371 lemma 0 3 15
3372 lemma 7
3373 lemma -67
3374 lemma 97
3375 lemma 0 3 31
3376 lemma -93
3377 lemma 136
3378 lemma -142
3379 lemma 0 1 6
3380 lemma -44
3381 lemma -47
3382 lemma 39
3383 lemma 0 2 7
3384 lemma -44
3385 lemma 26
3386 lemma -95
3387 lemma 0 1 0
3388 lemma -8
3389 lemma -40
3390 lemma -124
3391 lemma 0 3 0
3392 lemma -85
3393 lemma -51
3394 lemma 5
3395 lemma 0 3 38
3396 lemma 49
3397 lemma 93
3398 lemma 54
3399 lemma 0 1 48
3400 lemma -93
3401 lemma 28
3402 lemma -17
3403 lemma 0 3 23
3404 lemma 86
3405 lemma 93
3406 lemma 66
3407 lemma 0 1 38
3408 lemma 5
3409 lemma 16
3410 lemma -40
3411 lemma 26
3412 lemma 104
3413 lemma -6
3414 lemma -140
3415 lemma 0 1 41
3416 lemma -49
3417 lemma -51
3418 lemma -38
3419 lemma 101
3420 lemma 16
3421 lemma 33
3422 lemma 97
3423 lemma 54
3424 lemma 85
3425 lemma 26
3426 lemma 18
3427 lemma 118
3428 lemma -3
3429 lemma -123
3430 lemma -23
3431 lemma 25
3432 lemma -46
3433 lemma 0 1 2
3434 lemma 67
3435 lemma -35
3436 lemma 57
3437 lemma 0 2 45
3438 lemma -57
3439 lemma -41
3440 lemma -95
3441 lemma 0 1 5
3442 lemma 25
3443 lemma 112
3444 lemma -25
3445 lemma -35
3446 lemma 0 1 41
3447 lemma 25
3448 lemma -80
3449 lemma 38
3450 lemma 0 3 41
3451 lemma 153
3452 lemma -51
3453 lemma 125
3454 lemma 0 1 12
3455 lemma 38
3456 lemma -56
3457 lemma 112
3458 lemma 0 3 9
3459 lemma 33
3460 lemma -1
3461 lemma -40
3462 lemma 0 1 50
3463 failed 1 0
3464 failed -2 0
3465 failed 3 0
3466 failed -4 0
3467 failed -6 0
3468 failed 7 0
3469 failed 8 0
3470 failed 9 0
3471 failed -10 0
3472 failed 11 0
3473 failed 12 0
3474 failed 13 0
3475 failed -14 0
3476 failed -15 0
3477 failed -16 0
3478 failed 17 0
3479 failed 18 0
3480 failed -19 0
3481 failed 20 0
3482 failed 21 0
3483 failed -23 0
3484 failed -24 0
3485 failed -26 0
3486 failed -27 0
3487 failed 28 0
3488 failed -29 0
3489 failed -30 0
3490 failed -31 0
3491 failed 32 0
3492 failed 33 0
3493 failed 34 0
3494 failed -36 0
3495 failed 37 0
3496 failed 38 0
3497 failed 39 0
3498 failed -40 0
3499 failed -41 0
3500 failed 43 0
3501 failed -44 0
3502 failed 45 0
3503 failed 46 0
3504 failed -47 0
3505 failed -48 0
3506 failed -49 0
3507 failed -50 0
3508 failed 51 0
3509 failed 52 0
3510 failed -53 0
3511 failed 54 0
3512 failed 55 0
3513 failed -56 0
3514 failed 57 0
3515 failed -58 0
3516 failed -59 0
3517 failed 61 0
3518 failed -62 0
3519 failed 63 0
3520 failed 64 0
3521 failed 65 0
3522 failed 66 0
3523 failed -68 0
3524 failed 69 0
3525 failed 70 0
3526 frozen 1 0
3527 frozen -2 0
3528 frozen 3 0
3529 frozen 4 0
3530 frozen -5 0
3531 frozen -6 0
3532 frozen 8 0
3533 frozen 9 0
3534 frozen 10 0
3535 frozen 11 0
3536 frozen -12 0
3537 frozen -13 0
3538 frozen 14 0
3539 frozen -16 0
3540 frozen 17 0
3541 frozen -19 0
3542 frozen 20 0
3543 frozen -25 0
3544 frozen -27 0
3545 frozen 28 0
3546 frozen 29 0
3547 frozen -31 0
3548 frozen 32 0
3549 frozen 33 0
3550 frozen 34 0
3551 frozen -35 0
3552 frozen 36 0
3553 frozen -37 0
3554 frozen 38 0
3555 frozen -39 0
3556 frozen -41 0
3557 frozen -42 0
3558 frozen -43 0
3559 frozen 44 0
3560 frozen -46 0
3561 frozen -47 0
3562 frozen 49 0
3563 frozen 50 0
3564 frozen 52 0
3565 frozen -54 0
3566 frozen -55 0
3567 frozen 56 0
3568 frozen -58 0
3569 frozen -59 0
3570 frozen -60 0
3571 frozen -61 0
3572 frozen -65 0
3573 frozen 68 0
3574 frozen -70 0
3575 reset
# ---------------------------------------------------
# CaDiCal was tried to be terminated here:
# 0   mobical                             0x00000001066b0f9a _ZN7CaDiCaL5Trace34account_terminate_delay_allocationEv + 170
# 1   mobical                             0x0000000106626c8c _Znwm + 44
# 2   mobical                             0x0000000106813c28 _ZN7CaDiCaLL26save_core_clause_with_lratEPvjjbmPKjmS2_ + 760
# 3   mobical                             0x000000010684bebb kitten_trace_core + 171
# 4   mobical                             0x0000000106814512 _ZN7CaDiCaL8Internal19save_add_clear_coreERNS_7SweeperE + 98
# 5   mobical                             0x0000000106815a88 _ZN7CaDiCaL8Internal18sweep_bb_candidateERNS_7SweeperEi + 552
# 6   mobical                             0x0000000106819571 _ZN7CaDiCaL8Internal14sweep_variableERNS_7SweeperEi + 1777
# 7   mobical                             0x000000010681ab5f _ZN7CaDiCaL8Internal5sweepEv + 1295
# 8   mobical                             0x00000001067dd4e2 _ZN7CaDiCaL8Internal7inprobeEb + 210
# 9   mobical                             0x0000000106785a64 _ZN7CaDiCaL8Internal16preprocess_roundEiRb + 276
# 10  mobical                             0x000000010678663e _ZN7CaDiCaL8Internal5solveEb + 958
# 11  mobical                             0x00000001067622ab _ZN7CaDiCaL8External5solveEb + 75
# 12  mobical                             0x00000001067f825f _ZN7CaDiCaL6Solver37call_external_solve_and_check_resultsEb + 111
# 13  mobical                             0x00000001067f86d8 _ZN7CaDiCaL6Solver8simplifyEi + 360
# 14  mobical                             0x00000001066ca494 _ZN7CaDiCaL12SimplifyCall7executeERPNS_6SolverERPNS_9ExtendMapE + 20
# 15  mobical                             0x00000001066b2346 _ZN7CaDiCaL5Trace7executeEv + 502
# 16  mobical                             0x00000001066b1f78 _ZN7CaDiCaL5Trace16fork_and_executeEv + 520
# 17  mobical                             0x00000001066c0eed _ZN7CaDiCaL7Mobical4mainEiPPc + 13341
# 18  dyld                                0x00007ff81c30f530 start + 3056
#
