# seed: 6700067122854262076
# status: solver was destructed, but memory leaked (4 / SIGUSR2)
0 leak_alloc
1 terminate 16
2 terminate_delay 226 571
3 init
4 set check 1
5 set backboneeffort 1
6 set blockocclim 2
7 set bumpreasondepth 1
8 set bumpreasonlimit 2
9 set bumpreasonrate 6
10 set checkproof 1
11 set chronolevelim 1
12 set compact 0
13 set compactlim 0
14 set condition 1
15 set conditionmaxeff 1
16 set conditionmaxrat 2
17 set congruencebinaries 1
18 set cover 1
19 set covereffort 1
20 set covermaxeff 0
21 set elimbackward 0
22 set elimeffort 3
23 set elimequivs 1
24 set elimfactor 0
25 set elimint 3
26 set elimites 0
27 set elimlimited 1
28 set elimprod 0
29 set elimsubst 1
30 set elimxorlim 3
31 set emadecisions 2
32 set ematrailslow 1
33 set factorboundelim 1
34 set factorcandrounds 2
35 set factordelay 0
36 set factorxorrand 0
37 set fastelimclslim 2
38 set frat 1
39 set instantiate 0
40 set instantiateocclim 1
41 set minimize 1
42 set minimizeticks 0
43 set modelalllits 1
44 set probe 0
45 set probethresh 0
46 set profile 1
47 set randec 0
48 set randecinit 2
49 set reduceinit 1
50 set reluctant 1
51 set report 1
52 set reportsolve 0
53 set restartmarginstable 0
54 set restoreflush 1
55 set scorefactor 500
56 set shrinkreap 0
57 set shufflerandom 0
58 set stabilizeinit 1
59 set stabilizeonly 0
60 set subsumebinlim 0
61 set subsumelimited 1
62 set subsumestr 1
63 set sweepmaxdepth 2
64 set sweepthresh 1
65 set sweepvars 1
66 set ternary 0
67 set ternaryeffort 8
68 set ternaryocclim 5
69 set ternarythresh 0
70 set tier1limit 0
71 set tier2minglue 1
72 set transredeffort 1
73 set transredmineff 1
74 set varprioritizeswap 1
75 set vivifyeffort 15
76 set vivifyflush 0
77 set vivifyonce 1
78 set vivifyschedmax 10
79 set vivifytier2 0
80 set vivifytier2eff 5
81 set vivifytier3eff 77
82 set walkddfwstrat 2
83 set walkredundant 1
84 set arena 1
85 set arena 1
86 add -37
87 add 21
88 add 30
89 add 0
90 add -2
91 add 30
92 add -18
93 add 0
94 add 4
95 add 9
96 add -17
97 add 0
98 active
99 add -48
100 add -35
101 add 11
102 add 0
103 add 21
104 add 3
105 add 25
106 add 0
107 add 40
108 add -34
109 add -13
110 add 0
111 add -8
112 add -33
113 add -10
114 add 0
115 add -12
116 add 3
117 add -34
118 add 0
119 implied
120 add 49
121 add 24
122 add 23
123 add 0
124 active
125 add -29
126 add -45
127 add -3
128 add 0
129 add 2
130 add -41
131 add 31
132 add 20
133 add -5
134 add 33
135 add -26
136 add -21
137 add -9
138 add -28
139 add -17
140 add -25
141 add 45
142 add 12
143 add -23
144 add 0
145 add -29
146 add -23
147 add 26
148 add 0
149 add 47
150 add -13
151 add -21
152 add 0
153 vars
154 add -1
155 add 31
156 add -40
157 add 0
158 add -47
159 add -9
160 add -39
161 add 0
162 add -12
163 add -16
164 add -34
165 add 0
166 add 43
167 add -40
168 add -1
169 add 0
170 add -5
171 add -18
172 add -3
173 add 0
174 propagate 0
175 add 17
176 add -19
177 add -44
178 add 0
179 add 10
180 add -31
181 add -11
182 add 0
183 add 37
184 add -4
185 add 23
186 add -14
187 add 0
188 add -26
189 add 10
190 add 43
191 add 0
192 add 48
193 add -25
194 add 10
195 add 0
196 add 19
197 add 32
198 add -16
199 add 0
200 add -32
201 add -38
202 add 29
203 add 0
204 add -41
205 add -19
206 add 16
207 add 23
208 add -35
209 add -44
210 add -2
211 add 17
212 add 29
213 add -32
214 add 3
215 add 27
216 add -33
217 add 5
218 add 43
219 add -14
220 add 38
221 add 10
222 add -34
223 add 0
224 add -1
225 add 45
226 add -48
227 add 0
228 add 33
229 add -49
230 add 5
231 add 0
232 add 48
233 add 47
234 add 17
235 add 0
236 add -21
237 add -7
238 add -27
239 add 0
240 add 18
241 add 30
242 add 32
243 add 0
244 add -23
245 add -1
246 add -45
247 add 29
248 add -15
249 add 44
250 add -21
251 add -11
252 add -48
253 add 39
254 add 12
255 add 7
256 add -36
257 add 34
258 add -49
259 add -43
260 add 18
261 add 26
262 add -8
263 add 0
264 add -17
265 add -2
266 add 49
267 add 0
268 add -3
269 add -43
270 add 41
271 add 0
272 add 39
273 add 38
274 add -23
275 add 0
276 add -15
277 add -25
278 add 33
279 add 0
280 resize 5
281 add -31
282 add -48
283 add -10
284 add -37
285 add 0
286 add 31
287 add 26
288 add 47
289 add 0
290 redundant
291 add 3
292 add 44
293 add 20
294 add 0
295 add 12
296 add 20
297 add -10
298 add 0
299 add 49
300 add 21
301 add 8
302 add 0
303 add -35
304 add -43
305 add 33
306 add 0
307 add 1
308 add 2
309 add -36
310 add 0
311 add -36
312 add 9
313 add 23
314 add 0
315 active
316 irredundant
317 resize 5
318 add -1
319 add 10
320 add 16
321 add 0
322 irredundant
323 add 30
324 add -33
325 add 21
326 add 0
327 add -26
328 add 4
329 add 7
330 add 0
331 add 8
332 add 38
333 add 19
334 add 5
335 add 0
336 add 17
337 add 44
338 add 19
339 add 0
340 declare_var
341 add 3
342 add 5
343 add -46
344 add 0
345 irredundant
346 add -34
347 add 33
348 add 27
349 add 0
350 add 23
351 add 33
352 add -40
353 add 0
354 add -2
355 add 10
356 add -33
357 add 0
358 add -41
359 add -6
360 add -16
361 add 0
362 declare_var
363 add 2
364 add -7
365 add -14
366 add 0
367 add 24
368 add -43
369 add 45
370 add 0
371 add -22
372 add -27
373 add 26
374 add 0
375 add -32
376 add -23
377 add -28
378 add 0
379 add -45
380 add -35
381 add -17
382 add 0
383 add -47
384 add -20
385 add -7
386 add 0
387 add -45
388 add 24
389 add 28
390 add 0
391 add -1
392 add 30
393 add 4
394 add 0
395 vars
396 add 1
397 add 49
398 add -46
399 add 0
400 add 41
401 add -27
402 add -28
403 add 0
404 add 23
405 add 39
406 add 13
407 add 0
408 add 17
409 add -13
410 add 42
411 add 0
412 declare_vars 17
413 add -43
414 add 44
415 add -41
416 add 0
417 resize 30
418 add 16
419 add -14
420 add -31
421 add 0
422 add -5
423 add 45
424 add 8
425 add -32
426 add -23
427 add -29
428 add -25
429 add -41
430 add 14
431 add 19
432 add 39
433 add 26
434 add -47
435 add 6
436 add 17
437 add -27
438 add -35
439 add -10
440 add -13
441 add -24
442 add 0
443 add 15
444 add -12
445 add 6
446 add 0
447 add -29
448 add 36
449 add -9
450 add 0
451 add 30
452 add -40
453 add 7
454 add 0
455 add -23
456 add -28
457 add -22
458 add 0
459 add -38
460 add 18
461 add 40
462 add 21
463 add 0
464 add -38
465 add 46
466 add 13
467 add 0
468 add 6
469 add 36
470 add 30
471 add 0
472 add 20
473 add -17
474 add 9
475 add 0
476 add 23
477 add -37
478 add 16
479 add 0
480 add -11
481 add 3
482 add 32
483 add 0
484 add -17
485 add 22
486 add 36
487 add 0
488 add -1
489 add -3
490 add -40
491 add 0
492 add 27
493 add 49
494 add -10
495 add 0
496 vars
497 add 35
498 add 28
499 add -23
500 add 0
501 add 4
502 add -2
503 add -25
504 add 0
505 add 15
506 add -11
507 add 14
508 add 0
509 add 8
510 add -9
511 add -47
512 add 0
513 redundant
514 add -33
515 add 25
516 add 45
517 add 0
518 add 7
519 add -29
520 add 0
521 add 15
522 add -39
523 add 27
524 add 0
525 add 7
526 add -10
527 add -28
528 add 0
529 add -4
530 add 41
531 add 34
532 add 0
533 add 39
534 add -24
535 add 19
536 add 0
537 add 12
538 add 9
539 add 31
540 add 0
541 add -3
542 add -48
543 add -35
544 add 0
545 add 7
546 add -12
547 add 49
548 add 0
549 add -38
550 add -48
551 add -35
552 add 4
553 add -40
554 add -29
555 add -37
556 add -36
557 add 14
558 add -13
559 add 44
560 add 0
561 add 46
562 add -11
563 add 34
564 add 0
565 add -14
566 add 5
567 add 37
568 add 0
569 add -31
570 add -13
571 add -39
572 add 0
573 add -10
574 add 44
575 add -29
576 add 0
577 add -5
578 add 12
579 add -19
580 add 0
581 add -21
582 add 5
583 add -48
584 add 0
585 add -6
586 add 36
587 add -24
588 add 0
589 declare_vars 9
590 add -29
591 add 24
592 add -13
593 add 0
594 add 38
595 add -20
596 add -39
597 add 0
598 add 11
599 add 44
600 add -28
601 add 0
602 add -28
603 add -29
604 add -44
605 add 0
606 add -23
607 add 18
608 add -17
609 add 0
610 add 40
611 add -33
612 add -22
613 add 0
614 add -14
615 add -6
616 add -25
617 add -11
618 add -41
619 add -10
620 add -44
621 add -17
622 add 49
623 add 15
624 add -12
625 add -20
626 add 9
627 add -33
628 add -36
629 add -45
630 add 0
631 add -1
632 add -19
633 add -3
634 add 0
635 add -3
636 add -42
637 add 32
638 add 0
639 add 10
640 add -12
641 add -30
642 add 0
643 add -43
644 add -41
645 add 7
646 add 0
647 add -39
648 add -35
649 add 18
650 add 0
651 add 25
652 add -35
653 add 45
654 add 0
655 add -14
656 add -27
657 add 8
658 add 0
659 vars
660 add -10
661 add -3
662 add 39
663 add 0
664 add -6
665 add -16
666 add 33
667 add 0
668 add 6
669 add -30
670 add 35
671 add 0
672 add 36
673 add -6
674 add 1
675 add 0
676 add -17
677 add -48
678 add 15
679 add 0
680 propagate 0
681 add -1
682 add 11
683 add 46
684 add 0
685 add -23
686 add -28
687 add -2
688 add 0
689 add -11
690 add -21
691 add -26
692 add 0
693 add -32
694 add -40
695 add 26
696 add 0
697 add 34
698 add -22
699 add -27
700 add 0
701 add -41
702 add -35
703 add 6
704 add 0
705 add 28
706 add -40
707 add 33
708 add 0
709 add -48
710 add -10
711 add 13
712 add 0
713 add 13
714 add 34
715 add 12
716 add 0
717 add 22
718 add 16
719 add -2
720 add -36
721 add 0
722 irredundant
723 add 47
724 add 11
725 add 37
726 add 0
727 add 37
728 add 32
729 add -21
730 add 0
731 active
732 add 12
733 add -7
734 add -42
735 add 47
736 add 0
737 irredundant
738 add -38
739 add -17
740 add 45
741 add -8
742 add -24
743 add -41
744 add 0
745 add 26
746 add -44
747 add -3
748 add 0
749 add -26
750 add -11
751 add 0
752 add 36
753 add -44
754 add 8
755 add 0
756 add 39
757 add -13
758 add -5
759 add 0
760 add 32
761 add 26
762 add 28
763 add 0
764 add 17
765 add 30
766 add 16
767 add 0
768 add 14
769 add 9
770 add -10
771 add 0
772 add -7
773 add 30
774 add -3
775 add 0
776 add -3
777 add 42
778 add -18
779 add 0
780 add 24
781 add -26
782 add 44
783 add 0
784 add -8
785 add -19
786 add 20
787 add 0
788 redundant
789 implied
790 add -26
791 add -28
792 add -29
793 add 0
794 add -36
795 add 5
796 add 17
797 add 0
798 add -1
799 add -25
800 add 13
801 add 0
802 active
803 add 31
804 add 37
805 add 21
806 add -13
807 add 0
808 add 49
809 add 23
810 add 19
811 add 0
812 add 1
813 add -12
814 add 47
815 add 0
816 add -26
817 add -45
818 add -6
819 add 0
820 add -29
821 add 13
822 add 41
823 add 0
824 add 17
825 add -13
826 add 2
827 add 0
828 add 4
829 add 36
830 add -25
831 add 0
832 add 29
833 add -17
834 add 24
835 add 0
836 add -1
837 add -17
838 add 40
839 add 0
840 add 45
841 add -17
842 add -11
843 add 0
844 add -26
845 add 7
846 add -32
847 add 0
848 add -48
849 add -13
850 add -7
851 add 0
852 vars
853 add 34
854 add 15
855 add -13
856 add 0
857 add 39
858 add 36
859 add 29
860 add 0
861 add 17
862 add 30
863 add 28
864 add 31
865 add -23
866 add 40
867 add -46
868 add -8
869 add 0
870 add -3
871 add 12
872 add -45
873 add 0
874 add 37
875 add 21
876 add 30
877 add 0
878 add 46
879 add 6
880 add 11
881 add 16
882 add 22
883 add -28
884 add -31
885 add -18
886 add 0
887 add 27
888 add 19
889 add 11
890 add 0
891 add -48
892 add -32
893 add 7
894 add 0
895 resize 37
896 add 7
897 add -38
898 add -17
899 add 0
900 add 11
901 add 43
902 add 22
903 add 0
904 add 35
905 add -39
906 add -15
907 add 0
908 add 41
909 add 34
910 add 49
911 add 0
912 add -25
913 add 34
914 add 20
915 add 0
916 add 41
917 add -2
918 add 47
919 add 0
920 add 7
921 add 30
922 add 32
923 add 0
924 implied
925 add 2
926 add -11
927 add -3
928 add 0
929 add -12
930 add 28
931 add 8
932 add 0
933 add 33
934 add 2
935 add 4
936 add 0
937 add 6
938 add -40
939 add -35
940 add 0
941 add 27
942 add -11
943 add -13
944 add 0
945 add 42
946 add -16
947 add -13
948 add 0
949 add -5
950 add 2
951 add -36
952 add 0
953 add -46
954 add -22
955 add 43
956 add 0
957 irredundant
958 add 41
959 add 7
960 add -26
961 add 0
962 add -49
963 add -41
964 add -4
965 add 0
966 add 22
967 add -39
968 add 23
969 add -32
970 add 0
971 add -45
972 add 37
973 add 26
974 add -40
975 add 0
976 add 7
977 add 49
978 add 26
979 add 0
980 resize 48
981 add 33
982 add 46
983 add -16
984 add 0
985 add 22
986 add 9
987 add -31
988 add 0
989 implied
990 add -9
991 add -20
992 add 40
993 add 0
994 add -42
995 add -5
996 add -1
997 add -38
998 add 0
999 add -16
1000 add 8
1001 add -15
1002 add 0
1003 add 46
1004 add -18
1005 add -36
1006 add 0
1007 add 45
1008 add -27
1009 add -24
1010 add 0
1011 add 49
1012 add 46
1013 add 45
1014 add 48
1015 add 0
1016 add 22
1017 add 13
1018 add -19
1019 add 0
1020 add 37
1021 add -20
1022 add 43
1023 add 0
1024 add -47
1025 add 32
1026 add -43
1027 add 0
1028 add -27
1029 add 2
1030 add -16
1031 add 0
1032 add 47
1033 add 41
1034 add 39
1035 add 0
1036 add -35
1037 add -10
1038 add 40
1039 add 0
1040 assume -4
1041 assume 35
1042 assume -8
1043 assume -41
1044 assume 34
1045 assume 32
1046 assume 42
1047 assume -20
1048 assume 25
1049 assume -24
1050 assume -48
1051 assume -36
1052 assume 14
1053 assume 37
1054 assume -15
1055 assume 46
1056 assume 18
1057 assume 1
1058 assume -27
1059 assume 10
1060 assume 51
1061 assume 23
1062 assume 30
1063 assume 45
1064 assume -12
1065 assume -3
1066 assume 26
1067 assume -19
1068 assume 16
1069 assume 7
1070 assume -43
1071 assume -47
1072 assume -50
1073 assume -21
1074 assume -5
1075 assume -33
1076 assume 31
1077 assume 44
1078 assume 17
1079 assume -39
1080 assume -29
1081 assume 38
1082 assume -6
1083 assume 22
1084 assume 28
1085 assume 11
1086 assume 13
1087 limit decisions 12
1088 phase 1
1089 phase -2
1090 phase -4
1091 phase 5
1092 phase -6
1093 phase 7
1094 phase -8
1095 phase -9
1096 phase 10
1097 phase 11
1098 phase 12
1099 phase 13
1100 phase 14
1101 phase -15
1102 phase -18
1103 phase -19
1104 phase -20
1105 phase 21
1106 phase 22
1107 phase 23
1108 phase -24
1109 phase 25
1110 phase -28
1111 phase -29
1112 phase -30
1113 phase 34
1114 phase 35
1115 phase 36
1116 phase 38
1117 phase -39
1118 phase 40
1119 phase -41
1120 phase -42
1121 phase -43
1122 phase -44
1123 phase 45
1124 phase 46
1125 phase -47
1126 phase -48
1127 phase -49
1128 solve 0
1129 val 6 0
1130 val -8 0
1131 val 9 0
1132 val 10 0
1133 val 11 0
1134 val 13 1
1135 val 14 1
1136 val 18 0
1137 val -23 1
1138 val 26 1
1139 val 32 0
1140 val 33 0
1141 val 35 0
1142 val 36 1
1143 val -41 0
1144 val -43 1
1145 val 45 0
1146 val 46 1
1147 val -47 0
1148 failed -2 0
1149 failed -4 0
1150 failed 5 0
1151 failed 7 0
1152 failed -13 0
1153 failed 16 0
1154 failed 20 0
1155 failed -26 0
1156 failed -30 0
1157 failed -31 0
1158 failed 33 0
1159 failed 35 0
1160 failed -40 0
1161 failed -47 0
1162 frozen -1 0
1163 frozen -2 0
1164 frozen 4 0
1165 frozen 5 0
1166 frozen 6 0
1167 frozen 7 0
1168 frozen 8 0
1169 frozen 9 0
1170 frozen -10 0
1171 frozen -13 0
1172 frozen 14 0
1173 frozen 15 0
1174 frozen -17 0
1175 frozen -18 0
1176 frozen -19 0
1177 frozen -20 0
1178 frozen -21 0
1179 frozen 23 0
1180 frozen 24 0
1181 frozen 26 0
1182 frozen -28 0
1183 frozen -29 0
1184 frozen 30 0
1185 frozen -31 0
1186 frozen 33 0
1187 frozen 35 0
1188 frozen -36 0
1189 frozen 37 0
1190 frozen 41 0
1191 frozen 42 0
1192 frozen 45 0
1193 frozen 46 0
1194 frozen 47 0
1195 frozen -48 0
1196 add -28
1197 add -25
1198 add 15
1199 add 0
1200 add 47
1201 add 41
1202 add 31
1203 add 0
1204 add -30
1205 add 51
1206 add -22
1207 add -20
1208 add 39
1209 add 38
1210 add -41
1211 add 59
1212 add -25
1213 add -50
1214 add 16
1215 add -52
1216 add -40
1217 add 18
1218 add 0
1219 add -50
1220 add -15
1221 add 52
1222 add 0
1223 add -50
1224 add 49
1225 add -23
1226 add 0
1227 add 27
1228 add 19
1229 add 18
1230 add 0
1231 add -15
1232 add -43
1233 add 30
1234 add 0
1235 add 55
1236 add 39
1237 add 16
1238 add 0
1239 declare_var
1240 add 46
1241 add -40
1242 add -49
1243 add 0
1244 add -26
1245 add -35
1246 add -33
1247 add 0
1248 add -41
1249 add 31
1250 add -34
1251 add 0
1252 add -15
1253 add 23
1254 add -49
1255 add 0
1256 add 29
1257 add -23
1258 add -31
1259 add 0
1260 add -56
1261 add -18
1262 add 24
1263 add 0
1264 add -51
1265 add 29
1266 add -34
1267 add 0
1268 add -35
1269 add 53
1270 add -38
1271 add 0
1272 add 50
1273 add 15
1274 add -43
1275 add 0
1276 add 33
1277 add 49
1278 add -43
1279 add 0
1280 add -46
1281 add -26
1282 add 31
1283 add 0
1284 add -41
1285 add 21
1286 add 29
1287 add 0
1288 add -42
1289 add -60
1290 add -41
1291 add 15
1292 add 51
1293 add 23
1294 add -34
1295 add -35
1296 add 0
1297 add -45
1298 add 47
1299 add 56
1300 add 0
1301 add -15
1302 add -52
1303 add 60
1304 add 0
1305 add 28
1306 add 24
1307 add -19
1308 add 0
1309 add 52
1310 add -38
1311 add 42
1312 add 0
1313 add 50
1314 add -36
1315 add -52
1316 add 0
1317 add 17
1318 add -56
1319 add 51
1320 add 0
1321 add 60
1322 add 58
1323 add 57
1324 add 0
1325 add 30
1326 add 46
1327 add 19
1328 add 0
1329 add -53
1330 add 45
1331 add 30
1332 add 0
1333 add 27
1334 add -46
1335 add -56
1336 add 0
1337 add -42
1338 add -28
1339 add -30
1340 add 0
1341 add 52
1342 add -25
1343 add -36
1344 add 0
1345 add -58
1346 add 51
1347 add -25
1348 add 0
1349 add 40
1350 add -39
1351 add -60
1352 add -25
1353 add 34
1354 add -55
1355 add 53
1356 add 24
1357 add -33
1358 add 22
1359 add -15
1360 add -37
1361 add 48
1362 add -38
1363 add -36
1364 add 31
1365 add -58
1366 add 44
1367 add 0
1368 add -20
1369 add -17
1370 add 37
1371 add 0
1372 add 44
1373 add 23
1374 add -16
1375 add 0
1376 add -42
1377 add 51
1378 add 50
1379 add 0
1380 add -44
1381 add 56
1382 add -60
1383 add 0
1384 add -49
1385 add 31
1386 add -29
1387 add 0
1388 add -33
1389 add -49
1390 add -46
1391 add 0
1392 add -35
1393 add -44
1394 add -17
1395 add 0
1396 add 18
1397 add -41
1398 add -59
1399 add 0
1400 add -30
1401 add 28
1402 add 41
1403 add 0
1404 add 60
1405 add 20
1406 add 21
1407 add 0
1408 add 57
1409 add -16
1410 add 43
1411 add 0
1412 add 28
1413 add 39
1414 add -59
1415 add 0
1416 add 42
1417 add -21
1418 add 35
1419 add 0
1420 add 43
1421 add -20
1422 add -29
1423 add 35
1424 add 59
1425 add -19
1426 add -48
1427 add -47
1428 add -60
1429 add -18
1430 add -15
1431 add 24
1432 add 34
1433 add -57
1434 add -32
1435 add 46
1436 add 33
1437 add -52
1438 add 38
1439 add 0
1440 add 42
1441 add -33
1442 add -53
1443 add 0
1444 add 57
1445 add 36
1446 add -23
1447 add 0
1448 add -57
1449 add 33
1450 add 32
1451 add 0
1452 add 58
1453 add 18
1454 add 22
1455 add 0
1456 add 21
1457 add -33
1458 add 32
1459 add 0
1460 declare_var
1461 add -46
1462 add -60
1463 add 25
1464 add 0
1465 add -23
1466 add -41
1467 add -15
1468 add 0
1469 vars
1470 add -48
1471 add -42
1472 add 16
1473 add 23
1474 add -26
1475 add 15
1476 add -54
1477 add -58
1478 add 56
1479 add -41
1480 add -59
1481 add 31
1482 add -37
1483 add 35
1484 add 0
1485 add 37
1486 add -39
1487 add 42
1488 add 0
1489 add -57
1490 add -15
1491 add -42
1492 add 0
1493 add -17
1494 add -54
1495 add -16
1496 add 0
1497 add 25
1498 add 33
1499 add -40
1500 add 0
1501 add -19
1502 add 35
1503 add 55
1504 add 0
1505 add 25
1506 add 21
1507 add 59
1508 add 0
1509 add 54
1510 add 19
1511 add -36
1512 add 43
1513 add 0
1514 add -19
1515 add -33
1516 add 26
1517 add 0
1518 propagate 0
1519 add -15
1520 add 43
1521 add -25
1522 add 0
1523 add 33
1524 add 58
1525 add -21
1526 add 0
1527 add 25
1528 add 56
1529 add 43
1530 add 0
1531 declare_var
1532 add 28
1533 add 16
1534 add 17
1535 add 0
1536 add 24
1537 add 50
1538 add -23
1539 add 0
1540 add 16
1541 add 30
1542 add -22
1543 add 0
1544 add 19
1545 add -58
1546 add 28
1547 add 18
1548 add -32
1549 add 21
1550 add 33
1551 add -56
1552 add -31
1553 add 42
1554 add 25
1555 add 49
1556 add -24
1557 add 47
1558 add -57
1559 add 0
1560 add 49
1561 add -27
1562 add 52
1563 add -56
1564 add 36
1565 add -22
1566 add 28
1567 add 0
1568 add -31
1569 add 46
1570 add -49
1571 add 0
1572 resize 6
1573 add 44
1574 add 50
1575 add -26
1576 add 0
1577 add 41
1578 add -48
1579 add -37
1580 add 0
1581 declare_vars 32
1582 add 55
1583 add -39
1584 add 23
1585 add 0
1586 active
1587 add 24
1588 add 46
1589 add 44
1590 add 0
1591 add -40
1592 add -39
1593 add -33
1594 add 0
1595 add 58
1596 add 60
1597 add 56
1598 add 0
1599 add 49
1600 add 33
1601 add -31
1602 add 0
1603 implied
1604 add 44
1605 add 59
1606 add -26
1607 add 0
1608 add 55
1609 add 35
1610 add -19
1611 add -49
1612 add 0
1613 resize 22
1614 add 20
1615 add -58
1616 add 27
1617 add 0
1618 add -40
1619 add 36
1620 add -25
1621 add 0
1622 add 42
1623 add -25
1624 add -38
1625 add 0
1626 add 55
1627 add 20
1628 add 39
1629 add 0
1630 add 26
1631 add -35
1632 add -18
1633 add 0
1634 add 17
1635 add -28
1636 add 24
1637 add 0
1638 add -48
1639 add -15
1640 add 30
1641 add 0
1642 add -38
1643 add -29
1644 add -55
1645 add 0
1646 vars
1647 add 27
1648 add 24
1649 add -37
1650 add -40
1651 add -15
1652 add -57
1653 add 30
1654 add -17
1655 add 0
1656 add 23
1657 add 24
1658 add -40
1659 add 25
1660 add 0
1661 add 29
1662 add 37
1663 add 25
1664 add 0
1665 add 49
1666 add 35
1667 add -42
1668 add -28
1669 add 0
1670 add 45
1671 add -55
1672 add -57
1673 add 0
1674 add -27
1675 add 21
1676 add 39
1677 add 0
1678 add 54
1679 add -42
1680 add -45
1681 add 0
1682 declare_var
1683 add 37
1684 add 39
1685 add -48
1686 add 0
1687 add 36
1688 add 57
1689 add -21
1690 add 0
1691 add -37
1692 add -29
1693 add 18
1694 add 0
1695 add -44
1696 add -39
1697 add 55
1698 add 0
1699 add -24
1700 add 36
1701 add 44
1702 add 0
1703 add 50
1704 add -38
1705 add 35
1706 add 0
1707 add -36
1708 add 31
1709 add 44
1710 add -59
1711 add 0
1712 add 42
1713 add 15
1714 add -50
1715 add -45
1716 add -16
1717 add -39
1718 add -41
1719 add -27
1720 add 35
1721 add -49
1722 add 48
1723 add -56
1724 add 34
1725 add 60
1726 add -30
1727 add -33
1728 add -24
1729 add -55
1730 add 29
1731 add -22
1732 add 0
1733 add -21
1734 add -26
1735 add -53
1736 add -23
1737 add 59
1738 add -38
1739 add -22
1740 add 33
1741 add 60
1742 add 49
1743 add -48
1744 add -42
1745 add 43
1746 add 51
1747 add 0
1748 add 16
1749 add 29
1750 add 52
1751 add 0
1752 add -55
1753 add 29
1754 add -52
1755 add 0
1756 add 30
1757 add 32
1758 add -46
1759 add 0
1760 add -17
1761 add 55
1762 add -39
1763 add 0
1764 add 30
1765 add 17
1766 add -44
1767 add 0
1768 add -29
1769 add -58
1770 add 52
1771 add 0
1772 add 36
1773 add 31
1774 add 55
1775 add 0
1776 add -36
1777 add 54
1778 add 49
1779 add 0
1780 add -36
1781 add 45
1782 add 31
1783 add 0
1784 add -16
1785 add 17
1786 add -34
1787 add -44
1788 add 46
1789 add -38
1790 add 60
1791 add 37
1792 add 30
1793 add 49
1794 add 47
1795 add -45
1796 add 40
1797 add 18
1798 add 55
1799 add 42
1800 add 0
1801 add -54
1802 add 25
1803 add -33
1804 add 0
1805 add 28
1806 add -32
1807 add 31
1808 add 0
1809 add -24
1810 add 45
1811 add 0
1812 add 27
1813 add 26
1814 add 25
1815 add 0
1816 add -59
1817 add 25
1818 add 33
1819 add 0
1820 add -18
1821 add -56
1822 add 15
1823 add 0
1824 add -45
1825 add 43
1826 add -55
1827 add 0
1828 add 43
1829 add -39
1830 add -18
1831 add 0
1832 resize 10
1833 add -19
1834 add -39
1835 add 27
1836 add 0
1837 add -25
1838 add 28
1839 add 53
1840 add 0
1841 add 36
1842 add 29
1843 add 18
1844 add -35
1845 add -24
1846 add -30
1847 add -53
1848 add 42
1849 add -40
1850 add -49
1851 add 21
1852 add 55
1853 add -31
1854 add -48
1855 add -34
1856 add 51
1857 add -17
1858 add 15
1859 add -23
1860 add -46
1861 add 0
1862 add 17
1863 add 42
1864 add -28
1865 add 0
1866 add 48
1867 add 59
1868 add 17
1869 add 0
1870 add 60
1871 add -49
1872 add 40
1873 add 0
1874 add 56
1875 add -29
1876 add -40
1877 add 0
1878 add 19
1879 add -38
1880 add 41
1881 add 0
1882 add 55
1883 add -16
1884 add -52
1885 add 0
1886 add 53
1887 add -22
1888 add 20
1889 add 0
1890 add 38
1891 add -47
1892 add 27
1893 add 0
1894 add -40
1895 add 56
1896 add 41
1897 add -53
1898 add 32
1899 add 28
1900 add 54
1901 add -27
1902 add 30
1903 add -15
1904 add 26
1905 add 51
1906 add 29
1907 add 57
1908 add 0
1909 add 46
1910 add 19
1911 add -40
1912 add 0
1913 add 53
1914 add -58
1915 add 48
1916 add 0
1917 resize 25
1918 add -21
1919 add 51
1920 add 25
1921 add 0
1922 add 29
1923 add 26
1924 add 46
1925 add 0
1926 add -55
1927 add 51
1928 add 19
1929 add 0
1930 add -36
1931 add -58
1932 add -17
1933 add 0
1934 add 24
1935 add 27
1936 add -30
1937 add 0
1938 irredundant
1939 add 17
1940 add -19
1941 add -20
1942 add 0
1943 add 52
1944 add -33
1945 add -35
1946 add 0
1947 add 16
1948 add 18
1949 add 55
1950 add 0
1951 add -31
1952 add 36
1953 add 45
1954 add 0
1955 add 24
1956 add -47
1957 add -49
1958 add 0
1959 add -30
1960 add 49
1961 add 60
1962 add 0
1963 add -21
1964 add -43
1965 add 51
1966 add 0
1967 add -32
1968 add 38
1969 add 30
1970 add 0
1971 add 56
1972 add 20
1973 add -41
1974 add 0
1975 add 57
1976 add 16
1977 add 37
1978 add 0
1979 add -18
1980 add 19
1981 add 22
1982 add 0
1983 add 40
1984 add -39
1985 add 16
1986 add 0
1987 active
1988 add -45
1989 add 53
1990 add -28
1991 add 0
1992 add 48
1993 add -16
1994 add -28
1995 add 0
1996 add -32
1997 add 46
1998 add -39
1999 add 0
2000 add 17
2001 add 33
2002 add 23
2003 add 0
2004 add 58
2005 add -36
2006 add 41
2007 add 0
2008 resize 16
2009 add -42
2010 add -26
2011 add 39
2012 add 0
2013 add 39
2014 add 33
2015 add 26
2016 add 0
2017 redundant
2018 add 53
2019 add 49
2020 add 30
2021 add 0
2022 add 17
2023 add -35
2024 add 30
2025 add 0
2026 add -18
2027 add 42
2028 add -59
2029 add -52
2030 add -21
2031 add -49
2032 add -40
2033 add 60
2034 add 47
2035 add -35
2036 add 16
2037 add -54
2038 add 41
2039 add -23
2040 add -53
2041 add 22
2042 add -20
2043 add 38
2044 add -33
2045 add 39
2046 add 0
2047 add -52
2048 add -26
2049 add -16
2050 add 0
2051 add -38
2052 add -20
2053 add -53
2054 add 0
2055 add -22
2056 add 53
2057 add -32
2058 add -41
2059 add 45
2060 add 16
2061 add 30
2062 add 38
2063 add 57
2064 add -18
2065 add 51
2066 add -19
2067 add -33
2068 add 42
2069 add 37
2070 add 0
2071 add -52
2072 add 15
2073 add 33
2074 add 48
2075 add 0
2076 add 43
2077 add 31
2078 add -28
2079 add 0
2080 add 42
2081 add -54
2082 add 43
2083 add 0
2084 add 51
2085 add -56
2086 add 18
2087 add 0
2088 add -57
2089 add -41
2090 add 22
2091 add 0
2092 add -16
2093 add -40
2094 add 38
2095 add 0
2096 add -54
2097 add -27
2098 add 43
2099 add 0
2100 add -19
2101 add 49
2102 add 34
2103 add 0
2104 add -45
2105 add -19
2106 add -57
2107 add 55
2108 add 23
2109 add 43
2110 add 24
2111 add -52
2112 add -27
2113 add -46
2114 add 26
2115 add 30
2116 add 21
2117 add 35
2118 add 0
2119 active
2120 add 34
2121 add -23
2122 add 38
2123 add 0
2124 add 24
2125 add -37
2126 add 56
2127 add 0
2128 add 37
2129 add 45
2130 add -21
2131 add 0
2132 add 28
2133 add 32
2134 add 22
2135 add 0
2136 add 55
2137 add -19
2138 add -26
2139 add 0
2140 add 55
2141 add -41
2142 add 15
2143 add 0
2144 redundant
2145 add 47
2146 add -51
2147 add 30
2148 add 0
2149 add -32
2150 add 53
2151 add 25
2152 add 0
2153 add 18
2154 add -50
2155 add 28
2156 add 0
2157 add -47
2158 add -55
2159 add -36
2160 add 0
2161 add 60
2162 add -23
2163 add -22
2164 add 0
2165 add 46
2166 add -36
2167 add 56
2168 add 0
2169 add -58
2170 add -26
2171 add 39
2172 add -57
2173 add 0
2174 add 58
2175 add 19
2176 add -44
2177 add 0
2178 assume -20
2179 assume -9
2180 assume -27
2181 assume -22
2182 assume -17
2183 assume 51
2184 assume -38
2185 assume -40
2186 assume 58
2187 assume 16
2188 assume 31
2189 assume -34
2190 assume -14
2191 assume 41
2192 assume -35
2193 assume 62
2194 assume -13
2195 assume -57
2196 assume -26
2197 assume 42
2198 assume -8
2199 assume -47
2200 assume -53
2201 assume 39
2202 assume 15
2203 assume -45
2204 assume -60
2205 assume 49
2206 assume -25
2207 limit preprocessing 10
2208 phase 3
2209 phase -4
2210 phase -5
2211 phase 8
2212 phase -9
2213 phase 11
2214 phase -13
2215 phase -14
2216 phase 16
2217 phase 18
2218 phase 19
2219 phase 20
2220 phase -22
2221 phase -23
2222 phase -25
2223 phase -26
2224 phase -27
2225 phase 29
2226 phase 31
2227 phase -32
2228 unphase -33
2229 phase -34
2230 phase 35
2231 phase 37
2232 phase -38
2233 phase 39
2234 phase 40
2235 phase -41
2236 phase -42
2237 phase 43
2238 phase -45
2239 phase -46
2240 phase -48
2241 phase -49
2242 phase -50
2243 phase 51
2244 phase -52
2245 phase -54
2246 unphase -55
2247 phase 56
2248 phase -57
2249 phase -60
# V---------------------------------------------------------------------- terminate: termination requested
2250 simplify 9 0
2251 val 1 0
2252 val 2 1
2253 val -3 1
2254 val -4 1
2255 val 5 0
2256 val -6 1
2257 val 7 0
2258 val 8 1
2259 val 9 1
2260 val 12 1
2261 val 13 0
2262 val 14 0
2263 val 15 0
2264 val -16 1
2265 val 18 0
2266 val 19 0
2267 val -20 1
2268 val -21 0
2269 val 22 0
2270 val 23 1
2271 val -24 1
2272 val -25 0
2273 val -26 1
2274 val 27 0
2275 val -28 0
2276 val 29 1
2277 val -30 1
2278 val -31 0
2279 val -33 0
2280 val -34 0
2281 val 35 1
2282 val 36 0
2283 val -37 0
2284 val 40 1
2285 val 41 1
2286 val 42 1
2287 val -43 0
2288 val 44 1
2289 val 45 0
2290 val 46 1
2291 val 47 0
2292 val 48 1
2293 val -49 0
2294 val 51 0
2295 val -52 0
2296 val -55 0
2297 val 56 1
2298 val 57 1
2299 val 59 1
2300 val -60 0
2301 failed 1 0
2302 failed 2 0
2303 failed 3 0
2304 failed 4 0
2305 failed 5 0
2306 failed -6 0
2307 failed -7 0
2308 failed 8 0
2309 failed -9 0
2310 failed 10 0
2311 failed -11 0
2312 failed 12 0
2313 failed 13 0
2314 failed -14 0
2315 failed 15 0
2316 failed -16 0
2317 failed -17 0
2318 failed -18 0
2319 failed 19 0
2320 failed -20 0
2321 failed 21 0
2322 failed -22 0
2323 failed -23 0
2324 failed -25 0
2325 failed -26 0
2326 failed 27 0
2327 failed 28 0
2328 failed 29 0
2329 failed 30 0
2330 failed 31 0
2331 failed -32 0
2332 failed 33 0
2333 failed 34 0
2334 failed -35 0
2335 failed -36 0
2336 failed 37 0
2337 failed 38 0
2338 failed 39 0
2339 failed 40 0
2340 failed 41 0
2341 failed -42 0
2342 failed -43 0
2343 failed -45 0
2344 failed 46 0
2345 failed 47 0
2346 failed 48 0
2347 failed -49 0
2348 failed 50 0
2349 failed 51 0
2350 failed 53 0
2351 failed -54 0
2352 failed -56 0
2353 failed 58 0
2354 failed 59 0
2355 failed 60 0
2356 frozen -1 0
2357 frozen 2 0
2358 frozen -3 0
2359 frozen 4 0
2360 frozen 5 0
2361 frozen 7 0
2362 frozen -9 0
2363 frozen 10 0
2364 frozen 12 0
2365 frozen 13 0
2366 frozen 14 0
2367 frozen -17 0
2368 frozen 18 0
2369 frozen 20 0
2370 frozen 21 0
2371 frozen 22 0
2372 frozen -23 0
2373 frozen 24 0
2374 frozen -25 0
2375 frozen -26 0
2376 frozen 27 0
2377 frozen 31 0
2378 frozen 32 0
2379 frozen 38 0
2380 frozen -40 0
2381 frozen -41 0
2382 frozen -42 0
2383 frozen -44 0
2384 frozen -45 0
2385 frozen -46 0
2386 frozen -48 0
2387 frozen -49 0
2388 frozen -50 0
2389 frozen 51 0
2390 frozen 53 0
2391 frozen -54 0
2392 frozen -55 0
2393 reset
# ---------------------------------------------------
# CaDiCal was tried to be terminated here:
# 0   mobical                             0x00000001007abf9a _ZN7CaDiCaL5Trace34account_terminate_delay_allocationEv + 170
# 1   mobical                             0x0000000100721c8c _Znwm + 44
# 2   mobical                             0x00000001007dab6f _ZN7CaDiCaL8Internal13watch_literalEiiPNS_6ClauseE + 271
# 3   mobical                             0x0000000100940c37 _ZN7CaDiCaL8Internal15connect_watchesEb + 487
# 4   mobical                             0x0000000100854fd6 _ZN7CaDiCaL8Internal4elimEb + 758
# 5   mobical                             0x0000000100880a77 _ZN7CaDiCaL8Internal16preprocess_roundEiRb + 295
# 6   mobical                             0x000000010088163e _ZN7CaDiCaL8Internal5solveEb + 958
# 7   mobical                             0x000000010085d2ab _ZN7CaDiCaL8External5solveEb + 75
# 8   mobical                             0x00000001008f325f _ZN7CaDiCaL6Solver37call_external_solve_and_check_resultsEb + 111
# 9   mobical                             0x00000001008f36d8 _ZN7CaDiCaL6Solver8simplifyEi + 360
# 10  mobical                             0x00000001007c5494 _ZN7CaDiCaL12SimplifyCall7executeERPNS_6SolverERPNS_9ExtendMapE + 20
# 11  mobical                             0x00000001007ad346 _ZN7CaDiCaL5Trace7executeEv + 502
# 12  mobical                             0x00000001007acf78 _ZN7CaDiCaL5Trace16fork_and_executeEv + 520
# 13  mobical                             0x00000001007bbeed _ZN7CaDiCaL7Mobical4mainEiPPc + 13341
# 14  dyld                                0x00007ff803801530 start + 3056
#
